Archive member included because of file (symbol)

C:\Users\micke\Documents\LPCXpresso_8.0.0_526\workspace\CDL\libCDL.a(lpc17xx_i2c.o)
                              ./src/main.o (I2C_Init)
C:\Users\micke\Documents\LPCXpresso_8.0.0_526\workspace\CDL\libCDL.a(lpc17xx_nvic.o)
                              ./src/init.o (NVIC_DeInit)
C:\Users\micke\Documents\LPCXpresso_8.0.0_526\workspace\CDL\libCDL.a(lpc17xx_pinsel.o)
                              ./src/cat_interface.o (PINSEL_ConfigPin)
C:\Users\micke\Documents\LPCXpresso_8.0.0_526\workspace\CDL\libCDL.a(lpc17xx_uart.o)
                              ./src/cat_interface.o (UART_Init)
C:\Users\micke\Documents\LPCXpresso_8.0.0_526\workspace\CDL\libCDL.a(system_LPC17xx.o)
                              ./src/timer.o (SystemCoreClock)
C:\Users\micke\Documents\LPCXpresso_8.0.0_526\workspace\CDL\libCDL.a(lpc17xx_clkpwr.o)
                              C:\Users\micke\Documents\LPCXpresso_8.0.0_526\workspace\CDL\libCDL.a(lpc17xx_i2c.o) (CLKPWR_SetPCLKDiv)
c:/nxp/lpcxpresso_8.0.0_526/lpcxpresso/tools/bin/../lib/gcc/arm-none-eabi/4.9.3/../../../../arm-none-eabi/lib/armv7-m\libcr_semihost.a(_cr__main.o)
                              ./src/cr_startup_lpc176x.o (__main)
c:/nxp/lpcxpresso_8.0.0_526/lpcxpresso/tools/bin/../lib/gcc/arm-none-eabi/4.9.3/../../../../arm-none-eabi/lib/armv7-m\libcr_c.a(memcpy.o)
                              ./src/comm_interface.o (memcpy)
c:/nxp/lpcxpresso_8.0.0_526/lpcxpresso/tools/bin/../lib/gcc/arm-none-eabi/4.9.3/../../../../arm-none-eabi/lib/armv7-m\libcr_c.a(alloc.o)
                              ./src/comm_interface.o (malloc)
c:/nxp/lpcxpresso_8.0.0_526/lpcxpresso/tools/bin/../lib/gcc/arm-none-eabi/4.9.3/../../../../arm-none-eabi/lib/armv7-m\libcr_c.a(fpprintf.o)
                              ./src/main.o (sprintf)
c:/nxp/lpcxpresso_8.0.0_526/lpcxpresso/tools/bin/../lib/gcc/arm-none-eabi/4.9.3/../../../../arm-none-eabi/lib/armv7-m\libcr_c.a(initio.o)
                              c:/nxp/lpcxpresso_8.0.0_526/lpcxpresso/tools/bin/../lib/gcc/arm-none-eabi/4.9.3/../../../../arm-none-eabi/lib/armv7-m\libcr_semihost.a(_cr__main.o) (_initio)
c:/nxp/lpcxpresso_8.0.0_526/lpcxpresso/tools/bin/../lib/gcc/arm-none-eabi/4.9.3/../../../../arm-none-eabi/lib/armv7-m\libcr_c.a(printf.o)
                              c:/nxp/lpcxpresso_8.0.0_526/lpcxpresso/tools/bin/../lib/gcc/arm-none-eabi/4.9.3/../../../../arm-none-eabi/lib/armv7-m\libcr_c.a(fpprintf.o) (__vfprintf)
c:/nxp/lpcxpresso_8.0.0_526/lpcxpresso/tools/bin/../lib/gcc/arm-none-eabi/4.9.3/../../../../arm-none-eabi/lib/armv7-m\libcr_c.a(setvbuf.o)
                              c:/nxp/lpcxpresso_8.0.0_526/lpcxpresso/tools/bin/../lib/gcc/arm-none-eabi/4.9.3/../../../../arm-none-eabi/lib/armv7-m\libcr_c.a(initio.o) (setvbuf)
c:/nxp/lpcxpresso_8.0.0_526/lpcxpresso/tools/bin/../lib/gcc/arm-none-eabi/4.9.3/../../../../arm-none-eabi/lib/armv7-m\libcr_c.a(stdio.o)
                              c:/nxp/lpcxpresso_8.0.0_526/lpcxpresso/tools/bin/../lib/gcc/arm-none-eabi/4.9.3/../../../../arm-none-eabi/lib/armv7-m\libcr_c.a(fpprintf.o) (__Ciob)
c:/nxp/lpcxpresso_8.0.0_526/lpcxpresso/tools/bin/../lib/gcc/arm-none-eabi/4.9.3/../../../../arm-none-eabi/lib/armv7-m\libcr_c.a(strlen.o)
                              ./src/computer_interface.o (strlen)
c:/nxp/lpcxpresso_8.0.0_526/lpcxpresso/tools/bin/../lib/gcc/arm-none-eabi/4.9.3/../../../../arm-none-eabi/lib/armv7-m\libcr_c.a(strncpy.o)
                              ./src/settings.o (strncpy)
c:/nxp/lpcxpresso_8.0.0_526/lpcxpresso/tools/bin/../lib/gcc/arm-none-eabi/4.9.3/../../../../arm-none-eabi/lib/armv7-m\libcr_c.a(memset.o)
                              c:/nxp/lpcxpresso_8.0.0_526/lpcxpresso/tools/bin/../lib/gcc/arm-none-eabi/4.9.3/../../../../arm-none-eabi/lib/armv7-m\libcr_c.a(alloc.o) (memset)
c:/nxp/lpcxpresso_8.0.0_526/lpcxpresso/tools/bin/../lib/gcc/arm-none-eabi/4.9.3/../../../../arm-none-eabi/lib/armv7-m\libcr_c.a(__fillbuf.o)
                              c:/nxp/lpcxpresso_8.0.0_526/lpcxpresso/tools/bin/../lib/gcc/arm-none-eabi/4.9.3/../../../../arm-none-eabi/lib/armv7-m\libcr_c.a(stdio.o) (__filbuf)
c:/nxp/lpcxpresso_8.0.0_526/lpcxpresso/tools/bin/../lib/gcc/arm-none-eabi/4.9.3/../../../../arm-none-eabi/lib/armv7-m\libcr_c.a(__init_alloc.o)
                              c:/nxp/lpcxpresso_8.0.0_526/lpcxpresso/tools/bin/../lib/gcc/arm-none-eabi/4.9.3/../../../../arm-none-eabi/lib/armv7-m\libcr_c.a(alloc.o) (__heaps)
c:/nxp/lpcxpresso_8.0.0_526/lpcxpresso/tools/bin/../lib/gcc/arm-none-eabi/4.9.3/../../../../arm-none-eabi/lib/armv7-m\libcr_c.a(_cr_sbrk.o)
                              c:/nxp/lpcxpresso_8.0.0_526/lpcxpresso/tools/bin/../lib/gcc/arm-none-eabi/4.9.3/../../../../arm-none-eabi/lib/armv7-m\libcr_c.a(alloc.o) (_sbrk)
c:/nxp/lpcxpresso_8.0.0_526/lpcxpresso/tools/bin/../lib/gcc/arm-none-eabi/4.9.3/../../../../arm-none-eabi/lib/armv7-m\libcr_c.a(_deferredlazyseek.o)
[...]
Memory Configuration

Name             Origin             Length             Attributes
MFlash256        0x00000000         0x00040000         xr
RamLoc32         0x10000000         0x00008000         xrw
RamAHB32         0x2007c000         0x00008000         xrw
*default*        0x00000000         0xffffffff

Linker script and memory map

LOAD ./src/audio.o
LOAD ./src/cat_interface.o
LOAD ./src/comm_interface.o
LOAD ./src/computer_interface.o
LOAD ./src/cr_startup_lpc176x.o
LOAD ./src/ctrl.o
LOAD ./src/cw_ctrl.o
LOAD ./src/eeprom_m24.o
LOAD ./src/event_handler.o
LOAD ./src/event_queue.o
LOAD ./src/init.o
LOAD ./src/lcd.o
LOAD ./src/main.o
LOAD ./src/misc.o
LOAD ./src/qei.o
LOAD ./src/queue.o
LOAD ./src/sc16is7x0.o
LOAD ./src/sequencer.o
LOAD ./src/settings.o
LOAD ./src/status.o
LOAD ./src/timer.o
LOAD ./src/winkey.o
LOAD C:\Users\micke\Documents\LPCXpresso_8.0.0_526\workspace\CDL\libCDL.a
START GROUP
LOAD c:/nxp/lpcxpresso_8.0.0_526/lpcxpresso/tools/bin/../lib/gcc/arm-none-eabi/4.9.3/../../../../arm-none-eabi/lib/armv7-m\libcr_semihost.a
LOAD c:/nxp/lpcxpresso_8.0.0_526/lpcxpresso/tools/bin/../lib/gcc/arm-none-eabi/4.9.3/../../../../arm-none-eabi/lib/armv7-m\libcr_c.a
LOAD c:/nxp/lpcxpresso_8.0.0_526/lpcxpresso/tools/bin/../lib/gcc/arm-none-eabi/4.9.3/armv7-m\libcr_eabihelpers.a
END GROUP
                0x00000000                __base_MFlash256 = 0x0
                0x00000000                __base_Flash = 0x0
                0x00040000                __top_MFlash256 = 0x40000
                0x00040000                __top_Flash = 0x40000
                0x10000000                __base_RamLoc32 = 0x10000000
                0x10000000                __base_RAM = 0x10000000
                0x10008000                __top_RamLoc32 = 0x10008000
                0x10008000                __top_RAM = 0x10008000
                0x2007c000                __base_RamAHB32 = 0x2007c000
                0x2007c000                __base_RAM2 = 0x2007c000
                0x20084000                __top_RamAHB32 = 0x20084000
                0x20084000                __top_RAM2 = 0x20084000

.text           0x00000000     0x8f50
 FILL mask 0xff
                0x00000000                __vectors_start__ = ABSOLUTE (.)
 *(.isr_vector)
 .isr_vector    0x00000000       0xcc ./src/cr_startup_lpc176x.o
                0x00000000                g_pfnVectors
                0x000000cc                . = ALIGN (0x4)
                0x000000cc                __section_table_start = .
                0x000000cc                __data_section_table = .
                0x000000cc        0x4 LONG 0x8f50 LOADADDR (.data)
                0x000000d0        0x4 LONG 0x10000000 ADDR (.data)
                0x000000d4        0x4 LONG 0x38 SIZEOF (.data)
                0x000000d8        0x4 LONG 0x8f50 LOADADDR (.data_RAM2)
                0x000000dc        0x4 LONG 0x2007c000 ADDR (.data_RAM2)
                0x000000e0        0x4 LONG 0x0 SIZEOF (.data_RAM2)
                0x000000e4                __data_section_table_end = .
                0x000000e4                __bss_section_table = .
                0x000000e4        0x4 LONG 0x10000038 ADDR (.bss)
                0x000000e8        0x4 LONG 0x4424 SIZEOF (.bss)
                0x000000ec        0x4 LONG 0x2007c000 ADDR (.bss_RAM2)
                0x000000f0        0x4 LONG 0x0 SIZEOF (.bss_RAM2)
                0x000000f4                __bss_section_table_end = .
                0x000000f4                __section_table_end = .
 *(.after_vectors*)
 .after_vectors
                0x000000f4      0x144 ./src/cr_startup_lpc176x.o
                0x000000f4                data_init
                0x00000138                bss_init
                0x00000170                ResetISR
                0x000001e8                NMI_Handler
                0x000001f0                HardFault_Handler
                0x000001f8                MemManage_Handler
                0x00000200                BusFault_Handler
                0x00000208                UsageFault_Handler
                0x00000210                SVCall_Handler
                0x00000218                DebugMon_Handler
                0x00000220                PendSV_Handler
                0x00000228                SysTick_Handler
                0x00000230                EINT2_IRQHandler
                0x00000230                UART1_IRQHandler
                0x00000230                EINT3_IRQHandler
                0x00000230                CANActivity_IRQHandler
                0x00000230                TIMER3_IRQHandler
                0x00000230                UART0_IRQHandler
                0x00000230                USBActivity_IRQHandler
                0x00000230                I2C1_IRQHandler
                0x00000230                IntDefaultHandler
                0x00000230                I2C0_IRQHandler
                0x00000230                CAN_IRQHandler
                0x00000230                PWM1_IRQHandler
                0x00000230                SSP0_IRQHandler
                0x00000230                I2S_IRQHandler
                0x00000230                I2C2_IRQHandler
                0x00000230                RTC_IRQHandler
                0x00000230                SPI_IRQHandler
                0x00000230                RIT_IRQHandler
                0x00000230                EINT1_IRQHandler
                0x00000230                UART2_IRQHandler
                0x00000230                ADC_IRQHandler
                0x00000230                SSP1_IRQHandler
                0x00000230                USB_IRQHandler
                0x00000230                BOD_IRQHandler
                0x00000230                PLL1_IRQHandler
                0x00000230                WDT_IRQHandler
                0x00000230                EINT0_IRQHandler
                0x00000230                TIMER2_IRQHandler
                0x00000230                DMA_IRQHandler
                0x00000230                PLL0_IRQHandler
                0x00000230                UART3_IRQHandler
                0x00000230                MCPWM_IRQHandler
                0x00000230                ENET_IRQHandler
 *(.text*)
 .text.cat_interface_init_radio_uart
                0x00000238       0xc8 ./src/cat_interface.o
                0x00000238                cat_interface_init_radio_uart
 .text.cat_interface_init_computer_uart
                0x00000300       0xc8 ./src/cat_interface.o
                0x00000300                cat_interface_init_computer_uart
 .text.cat_interface_init
                0x000003c8       0x9c ./src/cat_interface.o
                0x000003c8                cat_interface_init
 .text.cat_interface_send_radio_request
                0x00000464       0x38 ./src/cat_interface.o
                0x00000464                cat_interface_send_radio_request
 .text.cat_interface_parse_buffer
                0x0000049c       0xf0 ./src/cat_interface.o
                0x0000049c                cat_interface_parse_buffer
 .text.cat_interface_execute
                0x0000058c       0xe4 ./src/cat_interface.o
                0x0000058c                cat_interface_execute
 .text.cat_interface_uart_poll_radio_rx
                0x00000670       0x28 ./src/cat_interface.o
                0x00000670                cat_interface_uart_poll_radio_rx
 .text.cat_interface_uart_radio_tx_buf
                0x00000698       0x24 ./src/cat_interface.o
                0x00000698                cat_interface_uart_radio_tx_buf
 .text.cat_interface_1ms_tick
                0x000006bc       0x60 ./src/cat_interface.o
                0x000006bc                cat_interface_1ms_tick
 .text.queue_enqueue_comm_rx
                0x0000071c       0x20 ./src/comm_interface.o
 .text.queue_dequeue_comm_rx
                0x0000073c       0x20 ./src/comm_interface.o
 .text.queue_is_empty_comm_rx
                0x0000075c       0x14 ./src/comm_interface.o
 .text.queue_drop_all_comm_rx
                0x00000770       0x10 ./src/comm_interface.o
 .text.queue_enqueue_comm_tx
                0x00000780       0x20 ./src/comm_interface.o
 .text.queue_get_first_comm_tx
                0x000007a0       0x20 ./src/comm_interface.o
 .text.queue_is_empty_comm_tx
                0x000007c0       0x14 ./src/comm_interface.o
 .text.queue_drop_comm_tx
                0x000007d4       0x14 ./src/comm_interface.o
 .text.queue_drop_all_comm_tx
                0x000007e8       0x10 ./src/comm_interface.o
 .text.reset_rx_status
                0x000007f8       0x48 ./src/comm_interface.o
 .text.reset_tx_status
                0x00000840       0x18 ./src/comm_interface.o
 .text.comm_interface_reset_all
                0x00000858       0x38 ./src/comm_interface.o
                0x00000858                comm_interface_reset_all
 .text.comm_interface_poll_tx_queue
                0x00000890      0x108 ./src/comm_interface.o
                0x00000890                comm_interface_poll_tx_queue
 .text.comm_interface_add_tx_message
                0x00000998       0xb4 ./src/comm_interface.o
                0x00000998                comm_interface_add_tx_message
 .text.comm_interface_add_tx_struct_message
                0x00000a4c      0x11c ./src/comm_interface.o
                0x00000a4c                comm_interface_add_tx_struct_message
 .text.comm_interface_poll_rx_queue
                0x00000b68       0xbc ./src/comm_interface.o
                0x00000b68                comm_interface_poll_rx_queue
 .text.comm_interface_send_message
                0x00000c24       0x8c ./src/comm_interface.o
                0x00000c24                comm_interface_send_message
 .text.comm_interface_send_ack
                0x00000cb0       0x3c ./src/comm_interface.o
                0x00000cb0                comm_interface_send_ack
 .text.comm_interface_send_nack
                0x00000cec       0x3c ./src/comm_interface.o
                0x00000cec                comm_interface_send_nack
 .text.comm_interface_init
                0x00000d28       0x68 ./src/comm_interface.o
                0x00000d28                comm_interface_init
 .text.comm_interface_parse_rx_buffer
                0x00000d90      0x1bc ./src/comm_interface.o
                0x00000d90                comm_interface_parse_rx_buffer
 .text.comm_interface_1ms_tick
                0x00000f4c       0x8c ./src/comm_interface.o
                0x00000f4c                comm_interface_1ms_tick
 .text.computer_interface_uart_rx
                0x00000fd8      0x1c4 ./src/computer_interface.o
                0x00000fd8                computer_interface_uart_rx
 .text.computer_interface_uart_tx
                0x0000119c       0x20 ./src/computer_interface.o
                0x0000119c                computer_interface_uart_tx
 .text.computer_interface_uart_poll_rx
                0x000011bc       0x24 ./src/computer_interface.o
                0x000011bc                computer_interface_uart_poll_rx
 .text.computer_interface_connection_status
                0x000011e0       0x18 ./src/computer_interface.o
                0x000011e0                computer_interface_connection_status
 .text.computer_interface_execute
                0x000011f8       0x2c ./src/computer_interface.o
                0x000011f8                computer_interface_execute
 .text.computer_interface_disconnected_event
                0x00001224       0x24 ./src/computer_interface.o
                0x00001224                computer_interface_disconnected_event
 .text.computer_interface_pong_event
                0x00001248       0x18 ./src/computer_interface.o
                0x00001248                computer_interface_pong_event
 .text.computer_interface_connected_event
                0x00001260       0x34 ./src/computer_interface.o
                0x00001260                computer_interface_connected_event
 .text.computer_interface_1ms_tick
                0x00001294       0x5c ./src/computer_interface.o
                0x00001294                computer_interface_1ms_tick
 .text.ctrl_i2c_io_exp1_set
                0x000012f0       0x38 ./src/ctrl.o
                0x000012f0                ctrl_i2c_io_exp1_set
 .text.ctrl_i2c_io_exp2_set
                0x00001328       0x38 ./src/ctrl.o
                0x00001328                ctrl_i2c_io_exp2_set
 .text.ctrl_i2c_io_exp3_set
                0x00001360       0x38 ./src/ctrl.o
                0x00001360                ctrl_i2c_io_exp3_set
 .text.ctrl_i2c_io_exp4_set
                0x00001398       0x38 ./src/ctrl.o
                0x00001398                ctrl_i2c_io_exp4_set
 .text.ctrl_ptt_amp_set
                0x000013d0       0x18 ./src/ctrl.o
                0x000013d0                ctrl_ptt_amp_set
 .text.ctrl_ptt_amp_clr
                0x000013e8       0x18 ./src/ctrl.o
                0x000013e8                ctrl_ptt_amp_clr
 .text.ctrl_radio_ptt_1_set
                0x00001400       0x18 ./src/ctrl.o
                0x00001400                ctrl_radio_ptt_1_set
 .text.ctrl_radio_ptt_1_clr
                0x00001418       0x18 ./src/ctrl.o
                0x00001418                ctrl_radio_ptt_1_clr
 .text.ctrl_radio_ptt_2_set
                0x00001430       0x18 ./src/ctrl.o
                0x00001430                ctrl_radio_ptt_2_set
 .text.ctrl_radio_ptt_2_clr
                0x00001448       0x18 ./src/ctrl.o
                0x00001448                ctrl_radio_ptt_2_clr
 .text.ctrl_radio_cw_set
                0x00001460       0x18 ./src/ctrl.o
                0x00001460                ctrl_radio_cw_set
 .text.ctrl_radio_cw_clr
                0x00001478       0x18 ./src/ctrl.o
                0x00001478                ctrl_radio_cw_clr
 .text.ctrl_radio_inhibit_set
                0x00001490        0xc ./src/ctrl.o
                0x00001490                ctrl_radio_inhibit_set
 .text.ctrl_radio_inhibit_clr
                0x0000149c        0xc ./src/ctrl.o
                0x0000149c                ctrl_radio_inhibit_clr
 .text.ctrl_ant_set
                0x000014a8       0x18 ./src/ctrl.o
                0x000014a8                ctrl_ant_set
 .text.ctrl_ant_clr
                0x000014c0       0x18 ./src/ctrl.o
                0x000014c0                ctrl_ant_clr
 .text.ctrl_mic_relay_clr
                0x000014d8       0x1c ./src/ctrl.o
                0x000014d8                ctrl_mic_relay_clr
 .text.ctrl_pcm2912_mic_preamp_off
                0x000014f4       0x1c ./src/ctrl.o
                0x000014f4                ctrl_pcm2912_mic_preamp_off
 .text.ctrl_pcm2912_mic_mute_on
                0x00001510       0x1c ./src/ctrl.o
                0x00001510                ctrl_pcm2912_mic_mute_on
 .text.ctrl_led_cw_on
                0x0000152c       0x1c ./src/ctrl.o
                0x0000152c                ctrl_led_cw_on
 .text.ctrl_led_cw_off
                0x00001548       0x1c ./src/ctrl.o
                0x00001548                ctrl_led_cw_off
 .text.ctrl_led_pwr_on
                0x00001564       0x1c ./src/ctrl.o
                0x00001564                ctrl_led_pwr_on
 .text.ctrl_led_aux_on
                0x00001580       0x1c ./src/ctrl.o
                0x00001580                ctrl_led_aux_on
 .text.ctrl_led_aux_off
                0x0000159c       0x1c ./src/ctrl.o
                0x0000159c                ctrl_led_aux_off
 .text.ctrl_backlight_init
                0x000015b8      0x284 ./src/ctrl.o
                0x000015b8                ctrl_backlight_init
 .text.ctrl_backlight_set_rgb
                0x0000183c       0x84 ./src/ctrl.o
                0x0000183c                ctrl_backlight_set_rgb
 .text.eeprom_m24_write_block64
                0x000018c0       0xa4 ./src/eeprom_m24.o
                0x000018c0                eeprom_m24_write_block64
 .text.eeprom_m24_read_block64
                0x00001964       0x70 ./src/eeprom_m24.o
                0x00001964                eeprom_m24_read_block64
 .text.eeprom_m24_write_block
                0x000019d4       0xe4 ./src/eeprom_m24.o
                0x000019d4                eeprom_m24_write_block
 .text.eeprom_m24_read_block
                0x00001ab8       0xc8 ./src/eeprom_m24.o
                0x00001ab8                eeprom_m24_read_block
 .text.eeprom_m24_get_write_in_progress
                0x00001b80       0x18 ./src/eeprom_m24.o
                0x00001b80                eeprom_m24_get_write_in_progress
 .text.event_handler_ptt_radio_activate
                0x00001b98       0xf8 ./src/event_handler.o
                0x00001b98                event_handler_ptt_radio_activate
 .text.event_handler_ptt_radio_deactivate
                0x00001c90       0xf8 ./src/event_handler.o
                0x00001c90                event_handler_ptt_radio_deactivate
 .text.event_handler_ptt_amp_activate
                0x00001d88       0x20 ./src/event_handler.o
                0x00001d88                event_handler_ptt_amp_activate
 .text.event_handler_ptt_amp_deactivate
                0x00001da8       0x14 ./src/event_handler.o
                0x00001da8                event_handler_ptt_amp_deactivate
 .text.event_handler_ptt_inhibit_activate
                0x00001dbc       0x34 ./src/event_handler.o
                0x00001dbc                event_handler_ptt_inhibit_activate
 .text.event_handler_ptt_inhibit_deactivate
                0x00001df0       0x34 ./src/event_handler.o
                0x00001df0                event_handler_ptt_inhibit_deactivate
 .text.event_handler_ptt_ant_activate
                0x00001e24       0x14 ./src/event_handler.o
                0x00001e24                event_handler_ptt_ant_activate
 .text.event_handler_ptt_ant_deactivate
                0x00001e38       0x14 ./src/event_handler.o
                0x00001e38                event_handler_ptt_ant_deactivate
 .text.event_handler_execute_ptt_change
                0x00001e4c       0x58 ./src/event_handler.o
                0x00001e4c                event_handler_execute_ptt_change
 .text.event_handler_cw_execute
                0x00001ea4      0x164 ./src/event_handler.o
                0x00001ea4                event_handler_cw_execute
 .text.event_handler_execute
                0x00002008      0x328 ./src/event_handler.o
                0x00002008                event_handler_execute
 .text.event_handler_1ms_tick
                0x00002330       0x20 ./src/event_handler.o
                0x00002330                event_handler_1ms_tick
 .text.event_handler_10us_tick
                0x00002350       0x70 ./src/event_handler.o
                0x00002350                event_handler_10us_tick
 .text.event_queue_init
                0x000023c0       0x54 ./src/event_queue.o
                0x000023c0                event_queue_init
 .text.event_queue_add
                0x00002414      0x12c ./src/event_queue.o
                0x00002414                event_queue_add
 .text.event_queue_wrap
                0x00002540       0x54 ./src/event_queue.o
                0x00002540                event_queue_wrap
 .text.event_queue_get
                0x00002594       0x24 ./src/event_queue.o
                0x00002594                event_queue_get
 .text.event_in_queue
                0x000025b8       0x20 ./src/event_queue.o
                0x000025b8                event_in_queue
 .text.event_queue_drop
                0x000025d8       0x50 ./src/event_queue.o
                0x000025d8                event_queue_drop
 .text.event_queue_drop_id
                0x00002628      0x110 ./src/event_queue.o
                0x00002628                event_queue_drop_id
 .text.event_queue_check_id
                0x00002738       0x44 ./src/event_queue.o
                0x00002738                event_queue_check_id
 .text.init_uart2
                0x0000277c       0x80 ./src/init.o
                0x0000277c                init_uart2
 .text.init_uart3
                0x000027fc       0x7c ./src/init.o
                0x000027fc                init_uart3
 .text.init_io  0x00002878      0x148 ./src/init.o
                0x00002878                init_io
 .text.lcd_set_io_dir
                0x000029c0       0x38 ./src/lcd.o
                0x000029c0                lcd_set_io_dir
 .text.lcd_toggle_enable
                0x000029f8       0x20 ./src/lcd.o
                0x000029f8                lcd_toggle_enable
 .text.lcd_send_command
                0x00002a18       0x38 ./src/lcd.o
                0x00002a18                lcd_send_command
 .text.lcd_send_data
                0x00002a50       0x3c ./src/lcd.o
                0x00002a50                lcd_send_data
 .text.lcd_goto_xy
                0x00002a8c       0x60 ./src/lcd.o
                0x00002a8c                lcd_goto_xy
 .text.lcd_put_char
                0x00002aec       0x18 ./src/lcd.o
                0x00002aec                lcd_put_char
 .text.lcd_put_string
                0x00002b04       0x44 ./src/lcd.o
                0x00002b04                lcd_put_string
 .text.lcd_wait
                0x00002b48       0x50 ./src/lcd.o
                0x00002b48                lcd_wait
 .text.lcd_clear
                0x00002b98       0x14 ./src/lcd.o
                0x00002b98                lcd_clear
 .text.lcd_init
                0x00002bac       0x6c ./src/lcd.o
                0x00002bac                lcd_init
 .text.delay_ms
                0x00002c18       0x28 ./src/main.o
                0x00002c18                delay_ms
 .text.delay_10us
                0x00002c40       0x28 ./src/main.o
                0x00002c40                delay_10us
 .text.main_eeprom_write_in_progress
                0x00002c68       0x10 ./src/main.o
                0x00002c68                main_eeprom_write_in_progress
 .text.main_eeprom_write_done
                0x00002c78       0x28 ./src/main.o
                0x00002c78                main_eeprom_write_done
 .text.event_add_message
                0x00002ca0       0x58 ./src/main.o
                0x00002ca0                event_add_message
 .text.event_run
                0x00002cf8       0x28 ./src/main.o
                0x00002cf8                event_run
 .text.main_load_settings
                0x00002d20       0x44 ./src/main.o
                0x00002d20                main_load_settings
 .text.main     0x00002d64      0x1dc ./src/main.o
                0x00002d64                main
 .text.main_timer0_tick
                0x00002f40      0x120 ./src/main.o
                0x00002f40                main_timer0_tick
 .text.main_timer1_tick
                0x00003060       0x28 ./src/main.o
                0x00003060                main_timer1_tick
 .text.PRINTF   0x00003088       0x48 ./src/misc.o
                0x00003088                PRINTF
 .text.NVIC_EnableIRQ
                0x000030d0       0x30 ./src/qei.o
 .text.init_qei
                0x00003100       0x6c ./src/qei.o
                0x00003100                init_qei
 .text.QEI_IRQHandler
                0x0000316c       0x50 ./src/qei.o
                0x0000316c                QEI_IRQHandler
 .text.qei_get_counter_change
                0x000031bc       0x38 ./src/qei.o
                0x000031bc                qei_get_counter_change
 .text.queue_enqueue
                0x000031f4       0x68 ./src/queue.o
                0x000031f4                queue_enqueue
 .text.queue_dequeue
                0x0000325c       0x64 ./src/queue.o
                0x0000325c                queue_dequeue
 .text.queue_get_first
                0x000032c0       0x40 ./src/queue.o
                0x000032c0                queue_get_first
 .text.queue_is_empty
                0x00003300       0x24 ./src/queue.o
                0x00003300                queue_is_empty
 .text.queue_drop
                0x00003324       0x44 ./src/queue.o
                0x00003324                queue_drop
 .text.queue_drop_all
                0x00003368       0x28 ./src/queue.o
                0x00003368                queue_drop_all
 .text.sc16is7x0_set_reg
                0x00003390       0x50 ./src/sc16is7x0.o
                0x00003390                sc16is7x0_set_reg
 .text.sc16is7x0_read_reg
                0x000033e0       0x48 ./src/sc16is7x0.o
                0x000033e0                sc16is7x0_read_reg
 .text.sc16is7x0_set_baudrate
                0x00003428       0x24 ./src/sc16is7x0.o
                0x00003428                sc16is7x0_set_baudrate
 .text.sc16is7x0_init
                0x0000344c       0x28 ./src/sc16is7x0.o
                0x0000344c                sc16is7x0_init
 .text.sc16is7x0_data_available
                0x00003474       0x10 ./src/sc16is7x0.o
                0x00003474                sc16is7x0_data_available
 .text.sc16is7x0_write_char
                0x00003484       0x28 ./src/sc16is7x0.o
                0x00003484                sc16is7x0_write_char
 .text.sc16is7x0_poll_char
                0x000034ac       0xc8 ./src/sc16is7x0.o
                0x000034ac                sc16is7x0_poll_char
 .text.sequencer_activate
                0x00003574       0x90 ./src/sequencer.o
                0x00003574                sequencer_activate
 .text.sequencer_deactivate
                0x00003604      0x114 ./src/sequencer.o
                0x00003604                sequencer_deactivate
 .text.settings_update_to_computer
                0x00003718       0x30 ./src/settings.o
                0x00003718                settings_update_to_computer
 .text.settings_update_from_computer
                0x00003748       0x4c ./src/settings.o
                0x00003748                settings_update_from_computer
 .text.settings_save_to_eeprom
                0x00003794       0x34 ./src/settings.o
                0x00003794                settings_save_to_eeprom
 .text.settings_save_cw_messages_to_eeprom
                0x000037c8       0x34 ./src/settings.o
                0x000037c8                settings_save_cw_messages_to_eeprom
 .text.settings_load_from_eeprom
                0x000037fc       0x28 ./src/settings.o
                0x000037fc                settings_load_from_eeprom
 .text.settings_get_radio_model
                0x00003824       0x18 ./src/settings.o
                0x00003824                settings_get_radio_model
 .text.settings_get_cat_baudrate
                0x0000383c       0x18 ./src/settings.o
                0x0000383c                settings_get_cat_baudrate
 .text.settings_get_cat_stopbits
                0x00003854       0x18 ./src/settings.o
                0x00003854                settings_get_cat_stopbits
 .text.settings_get_cat_parity
                0x0000386c       0x18 ./src/settings.o
                0x0000386c                settings_get_cat_parity
 .text.settings_get_cat_flow_control
                0x00003884       0x18 ./src/settings.o
                0x00003884                settings_get_cat_flow_control
 .text.settings_get_cat_jumper_cts_rts
                0x0000389c       0x18 ./src/settings.o
                0x0000389c                settings_get_cat_jumper_cts_rts
 .text.settings_get_cat_retrieve_type
                0x000038b4       0x18 ./src/settings.o
                0x000038b4                settings_get_cat_retrieve_type
 .text.settings_get_cat_poll_rate
                0x000038cc       0x18 ./src/settings.o
                0x000038cc                settings_get_cat_poll_rate
 .text.settings_get_ptt_input_enabled
                0x000038e4       0x18 ./src/settings.o
                0x000038e4                settings_get_ptt_input_enabled
 .text.settings_get_ptt_input_invert
                0x000038fc       0x18 ./src/settings.o
                0x000038fc                settings_get_ptt_input_invert
 .text.settings_get_ptt_radio_pre_delay
                0x00003914       0x18 ./src/settings.o
                0x00003914                settings_get_ptt_radio_pre_delay
 .text.settings_get_ptt_radio_post_delay
                0x0000392c       0x18 ./src/settings.o
                0x0000392c                settings_get_ptt_radio_post_delay
 .text.settings_get_ptt_amp_pre_delay
                0x00003944       0x18 ./src/settings.o
                0x00003944                settings_get_ptt_amp_pre_delay
 .text.settings_get_ptt_amp_post_delay
                0x0000395c       0x18 ./src/settings.o
                0x0000395c                settings_get_ptt_amp_post_delay
 .text.settings_get_ptt_inhibit_pre_delay
                0x00003974       0x18 ./src/settings.o
                0x00003974                settings_get_ptt_inhibit_pre_delay
 .text.settings_get_ptt_inhibit_post_delay
                0x0000398c       0x18 ./src/settings.o
                0x0000398c                settings_get_ptt_inhibit_post_delay
 .text.settings_get_ptt_antenna_pre_delay
                0x000039a4       0x18 ./src/settings.o
                0x000039a4                settings_get_ptt_antenna_pre_delay
 .text.settings_get_ptt_antenna_post_delay
                0x000039bc       0x18 ./src/settings.o
                0x000039bc                settings_get_ptt_antenna_post_delay
 .text.settings_get_radio_digital_ptt
                0x000039d4       0x18 ./src/settings.o
                0x000039d4                settings_get_radio_digital_ptt
 .text.settings_get_radio_cw_ptt
                0x000039ec       0x18 ./src/settings.o
                0x000039ec                settings_get_radio_cw_ptt
 .text.settings_get_radio_phone_ptt
                0x00003a04       0x18 ./src/settings.o
                0x00003a04                settings_get_radio_phone_ptt
 .text.settings_get_amplifier_enabled
                0x00003a1c       0x18 ./src/settings.o
                0x00003a1c                settings_get_amplifier_enabled
 .text.settings_get_inhibit_enabled
                0x00003a34       0x18 ./src/settings.o
                0x00003a34                settings_get_inhibit_enabled
 .text.settings_get_inhibit_inverted
                0x00003a4c       0x18 ./src/settings.o
                0x00003a4c                settings_get_inhibit_inverted
 .text.settings_get_cw_input_source
                0x00003a64       0x18 ./src/settings.o
                0x00003a64                settings_get_cw_input_source
 .text.settings_get_backlight_rgb_red
                0x00003a7c       0x18 ./src/settings.o
                0x00003a7c                settings_get_backlight_rgb_red
 .text.settings_get_backlight_rgb_green
                0x00003a94       0x18 ./src/settings.o
                0x00003a94                settings_get_backlight_rgb_green
 .text.settings_get_backlight_rgb_blue
                0x00003aac       0x18 ./src/settings.o
                0x00003aac                settings_get_backlight_rgb_blue
 .text.settings_get_winkey_modereg
                0x00003ac4       0x18 ./src/settings.o
                0x00003ac4                settings_get_winkey_modereg
 .text.settings_get_winkey_speed_pot_min
                0x00003adc       0x18 ./src/settings.o
                0x00003adc                settings_get_winkey_speed_pot_min
 .text.settings_get_winkey_speed_pot_max
                0x00003af4       0x24 ./src/settings.o
                0x00003af4                settings_get_winkey_speed_pot_max
 .text.settings_get_winkey_farnsworth
                0x00003b18       0x18 ./src/settings.o
                0x00003b18                settings_get_winkey_farnsworth
 .text.settings_get_winkey_weight
                0x00003b30       0x18 ./src/settings.o
                0x00003b30                settings_get_winkey_weight
 .text.settings_get_winkey_dih_dah_ratio
                0x00003b48       0x18 ./src/settings.o
                0x00003b48                settings_get_winkey_dih_dah_ratio
 .text.settings_get_winkey_first_extension
                0x00003b60       0x18 ./src/settings.o
                0x00003b60                settings_get_winkey_first_extension
 .text.settings_get_winkey_key_compensation
                0x00003b78       0x18 ./src/settings.o
                0x00003b78                settings_get_winkey_key_compensation
 .text.settings_get_winkey_paddle_memory_sw_point
                0x00003b90       0x18 ./src/settings.o
                0x00003b90                settings_get_winkey_paddle_memory_sw_point
 .text.settings_get_winkey_pincfg
                0x00003ba8       0x50 ./src/settings.o
                0x00003ba8                settings_get_winkey_pincfg
 .text.settings_get_winkey_default_speed
                0x00003bf8       0x18 ./src/settings.o
                0x00003bf8                settings_get_winkey_default_speed
 .text.settings_send_cw_messages
                0x00003c10       0xe0 ./src/settings.o
                0x00003c10                settings_send_cw_messages
 .text.settings_set_cw_message
                0x00003cf0       0x50 ./src/settings.o
                0x00003cf0                settings_set_cw_message
 .text.settings_get_cw_message
                0x00003d40       0x2c ./src/settings.o
                0x00003d40                settings_get_cw_message
 .text.status_update_to_computer
                0x00003d6c       0x30 ./src/status.o
                0x00003d6c                status_update_to_computer
 .text.status_set_vfoA_mode
                0x00003d9c       0x28 ./src/status.o
                0x00003d9c                status_set_vfoA_mode
 .text.status_set_vfoB_mode
                0x00003dc4       0x28 ./src/status.o
                0x00003dc4                status_set_vfoB_mode
 .text.status_get_vfoA_mode
                0x00003dec       0x18 ./src/status.o
                0x00003dec                status_get_vfoA_mode
 .text.status_execute_update
                0x00003e04       0x14 ./src/status.o
                0x00003e04                status_execute_update
 .text.status_set_vfoA_freq
                0x00003e18       0x24 ./src/status.o
                0x00003e18                status_set_vfoA_freq
 .text.status_set_ptt_input_state
                0x00003e3c       0x28 ./src/status.o
                0x00003e3c                status_set_ptt_input_state
 .text.status_set_winkey_pot_speed
                0x00003e64       0x50 ./src/status.o
                0x00003e64                status_set_winkey_pot_speed
 .text.status_get_winkey_pot_speed
                0x00003eb4       0x18 ./src/status.o
                0x00003eb4                status_get_winkey_pot_speed
 .text.status_set_winkey_transmitted_character
                0x00003ecc       0x30 ./src/status.o
                0x00003ecc                status_set_winkey_transmitted_character
 .text.NVIC_EnableIRQ
                0x00003efc       0x30 ./src/timer.o
 .text.TIMER0_IRQHandler
                0x00003f2c       0x9c ./src/timer.o
                0x00003f2c                TIMER0_IRQHandler
 .text.TIMER1_IRQHandler
                0x00003fc8       0x90 ./src/timer.o
                0x00003fc8                TIMER1_IRQHandler
 .text.enable_timer
                0x00004058       0x5c ./src/timer.o
                0x00004058                enable_timer
 .text.init_timer
                0x000040b4      0x200 ./src/timer.o
                0x000040b4                init_timer
 .text.winkey_init
                0x000042b4       0x40 ./src/winkey.o
                0x000042b4                winkey_init
 .text.winkey_get_initialized
                0x000042f4       0x24 ./src/winkey.o
                0x000042f4                winkey_get_initialized
 .text.winkey_send_char
                0x00004318       0x18 ./src/winkey.o
                0x00004318                winkey_send_char
 .text.winkey_send_data
                0x00004330       0x34 ./src/winkey.o
                0x00004330                winkey_send_data
 .text.winkey_reset
                0x00004364       0x24 ./src/winkey.o
                0x00004364                winkey_reset
 .text.winkey_init_sequence
                0x00004388      0x16c ./src/winkey.o
                0x00004388                winkey_init_sequence
 .text.winkey_init_failed
                0x000044f4       0x44 ./src/winkey.o
                0x000044f4                winkey_init_failed
 .text.winkey_execute
                0x00004538      0x1c8 ./src/winkey.o
                0x00004538                winkey_execute
 .text.winkey_receive_from_computer
                0x00004700       0x28 ./src/winkey.o
                0x00004700                winkey_receive_from_computer
 .text.winkey_send_to_computer
                0x00004728       0x24 ./src/winkey.o
                0x00004728                winkey_send_to_computer
 .text.winkey_poll_char
                0x0000474c       0x2c ./src/winkey.o
                0x0000474c                winkey_poll_char
 .text.winkey_setting_changed
                0x00004778      0x178 ./src/winkey.o
                0x00004778                winkey_setting_changed
 .text.winkey_dec_speed
                0x000048f0       0x60 ./src/winkey.o
                0x000048f0                winkey_dec_speed
 .text.winkey_inc_speed
                0x00004950       0x60 ./src/winkey.o
                0x00004950                winkey_inc_speed
 .text.winkey_clear_buffer
                0x000049b0       0x18 ./src/winkey.o
                0x000049b0                winkey_clear_buffer
 .text.winkey_send_message
                0x000049c8       0x38 ./src/winkey.o
                0x000049c8                winkey_send_message
 .text.winkey_1ms_tick
                0x00004a00       0x30 ./src/winkey.o
                0x00004a00                winkey_1ms_tick
 .text.NVIC_EnableIRQ
                0x00004a30       0x30 C:\Users\micke\Documents\LPCXpresso_8.0.0_526\workspace\CDL\libCDL.a(lpc17xx_i2c.o)
 .text.NVIC_DisableIRQ
                0x00004a60       0x34 C:\Users\micke\Documents\LPCXpresso_8.0.0_526\workspace\CDL\libCDL.a(lpc17xx_i2c.o)
 .text.I2C_getNum
                0x00004a94       0x48 C:\Users\micke\Documents\LPCXpresso_8.0.0_526\workspace\CDL\libCDL.a(lpc17xx_i2c.o)
 .text.I2C_Start
                0x00004adc       0x3c C:\Users\micke\Documents\LPCXpresso_8.0.0_526\workspace\CDL\libCDL.a(lpc17xx_i2c.o)
 .text.I2C_Stop
                0x00004b18       0x30 C:\Users\micke\Documents\LPCXpresso_8.0.0_526\workspace\CDL\libCDL.a(lpc17xx_i2c.o)
 .text.I2C_SendByte
                0x00004b48       0x4c C:\Users\micke\Documents\LPCXpresso_8.0.0_526\workspace\CDL\libCDL.a(lpc17xx_i2c.o)
 .text.I2C_GetByte
                0x00004b94       0x54 C:\Users\micke\Documents\LPCXpresso_8.0.0_526\workspace\CDL\libCDL.a(lpc17xx_i2c.o)
 .text.I2C_SetClock
                0x00004be8       0x7c C:\Users\micke\Documents\LPCXpresso_8.0.0_526\workspace\CDL\libCDL.a(lpc17xx_i2c.o)
 .text.I2C_Init
                0x00004c64       0x80 C:\Users\micke\Documents\LPCXpresso_8.0.0_526\workspace\CDL\libCDL.a(lpc17xx_i2c.o)
                0x00004c64                I2C_Init
 .text.I2C_Cmd  0x00004ce4       0x2c C:\Users\micke\Documents\LPCXpresso_8.0.0_526\workspace\CDL\libCDL.a(lpc17xx_i2c.o)
                0x00004ce4                I2C_Cmd
 .text.I2C_IntCmd
                0x00004d10       0x84 C:\Users\micke\Documents\LPCXpresso_8.0.0_526\workspace\CDL\libCDL.a(lpc17xx_i2c.o)
                0x00004d10                I2C_IntCmd
 .text.I2C_MasterTransferData
                0x00004d94      0x2d8 C:\Users\micke\Documents\LPCXpresso_8.0.0_526\workspace\CDL\libCDL.a(lpc17xx_i2c.o)
                0x00004d94                I2C_MasterTransferData
 .text.NVIC_DeInit
                0x0000506c       0x58 C:\Users\micke\Documents\LPCXpresso_8.0.0_526\workspace\CDL\libCDL.a(lpc17xx_nvic.o)
                0x0000506c                NVIC_DeInit
 .text.NVIC_SCBDeInit
                0x000050c4       0x74 C:\Users\micke\Documents\LPCXpresso_8.0.0_526\workspace\CDL\libCDL.a(lpc17xx_nvic.o)
                0x000050c4                NVIC_SCBDeInit
 .text.set_PinFunc
                0x00005138       0x80 C:\Users\micke\Documents\LPCXpresso_8.0.0_526\workspace\CDL\libCDL.a(lpc17xx_pinsel.o)
 .text.set_ResistorMode
                0x000051b8       0x80 C:\Users\micke\Documents\LPCXpresso_8.0.0_526\workspace\CDL\libCDL.a(lpc17xx_pinsel.o)
 .text.set_OpenDrainMode
                0x00005238       0x6c C:\Users\micke\Documents\LPCXpresso_8.0.0_526\workspace\CDL\libCDL.a(lpc17xx_pinsel.o)
 .text.PINSEL_ConfigPin
                0x000052a4       0x50 C:\Users\micke\Documents\LPCXpresso_8.0.0_526\workspace\CDL\libCDL.a(lpc17xx_pinsel.o)
                0x000052a4                PINSEL_ConfigPin
 .text.uart_set_divisors
                0x000052f4      0x2ac C:\Users\micke\Documents\LPCXpresso_8.0.0_526\workspace\CDL\libCDL.a(lpc17xx_uart.o)
 .text.UART_Init
                0x000055a0      0x240 C:\Users\micke\Documents\LPCXpresso_8.0.0_526\workspace\CDL\libCDL.a(lpc17xx_uart.o)
                0x000055a0                UART_Init
 .text.UART_DeInit
                0x000057e0       0x6c C:\Users\micke\Documents\LPCXpresso_8.0.0_526\workspace\CDL\libCDL.a(lpc17xx_uart.o)
                0x000057e0                UART_DeInit
 .text.UART_ConfigStructInit
                0x0000584c       0x2c C:\Users\micke\Documents\LPCXpresso_8.0.0_526\workspace\CDL\libCDL.a(lpc17xx_uart.o)
                0x0000584c                UART_ConfigStructInit
 .text.UART_SendByte
                0x00005878       0x40 C:\Users\micke\Documents\LPCXpresso_8.0.0_526\workspace\CDL\libCDL.a(lpc17xx_uart.o)
                0x00005878                UART_SendByte
 .text.UART_ReceiveByte
                0x000058b8       0x30 C:\Users\micke\Documents\LPCXpresso_8.0.0_526\workspace\CDL\libCDL.a(lpc17xx_uart.o)
                0x000058b8                UART_ReceiveByte
 .text.UART_Send
                0x000058e8       0xe8 C:\Users\micke\Documents\LPCXpresso_8.0.0_526\workspace\CDL\libCDL.a(lpc17xx_uart.o)
                0x000058e8                UART_Send
 .text.UART_Receive
                0x000059d0       0xb8 C:\Users\micke\Documents\LPCXpresso_8.0.0_526\workspace\CDL\libCDL.a(lpc17xx_uart.o)
                0x000059d0                UART_Receive
 .text.UART_FIFOConfig
                0x00005a88       0xa8 C:\Users\micke\Documents\LPCXpresso_8.0.0_526\workspace\CDL\libCDL.a(lpc17xx_uart.o)
                0x00005a88                UART_FIFOConfig
 .text.UART_FIFOConfigStructInit
                0x00005b30       0x2c C:\Users\micke\Documents\LPCXpresso_8.0.0_526\workspace\CDL\libCDL.a(lpc17xx_uart.o)
                0x00005b30                UART_FIFOConfigStructInit
 .text.UART_TxCmd
                0x00005b5c       0x7c C:\Users\micke\Documents\LPCXpresso_8.0.0_526\workspace\CDL\libCDL.a(lpc17xx_uart.o)
                0x00005b5c                UART_TxCmd
 .text.SystemCoreClockUpdate
                0x00005bd8      0x164 C:\Users\micke\Documents\LPCXpresso_8.0.0_526\workspace\CDL\libCDL.a(system_LPC17xx.o)
                0x00005bd8                SystemCoreClockUpdate
 .text.SystemInit
                0x00005d3c      0x150 C:\Users\micke\Documents\LPCXpresso_8.0.0_526\workspace\CDL\libCDL.a(system_LPC17xx.o)
                0x00005d3c                SystemInit
 .text.CLKPWR_SetPCLKDiv
                0x00005e8c       0x8c C:\Users\micke\Documents\LPCXpresso_8.0.0_526\workspace\CDL\libCDL.a(lpc17xx_clkpwr.o)
                0x00005e8c                CLKPWR_SetPCLKDiv
 .text.CLKPWR_GetPCLKSEL
                0x00005f18       0x4c C:\Users\micke\Documents\LPCXpresso_8.0.0_526\workspace\CDL\libCDL.a(lpc17xx_clkpwr.o)
                0x00005f18                CLKPWR_GetPCLKSEL
 .text.CLKPWR_GetPCLK
                0x00005f64       0x64 C:\Users\micke\Documents\LPCXpresso_8.0.0_526\workspace\CDL\libCDL.a(lpc17xx_clkpwr.o)
                0x00005f64                CLKPWR_GetPCLK
 .text.CLKPWR_ConfigPPWR
                0x00005fc8       0x58 C:\Users\micke\Documents\LPCXpresso_8.0.0_526\workspace\CDL\libCDL.a(lpc17xx_clkpwr.o)
                0x00005fc8                CLKPWR_ConfigPPWR
 .text.__main   0x00006020       0x14 c:/nxp/lpcxpresso_8.0.0_526/lpcxpresso/tools/bin/../lib/gcc/arm-none-eabi/4.9.3/../../../../arm-none-eabi/lib/armv7-m\libcr_semihost.a(_cr__main.o)
                0x00006020                __CR_SEMIHOST
                0x00006020                __main
 .text.memcpy   0x00006034        0x4 c:/nxp/lpcxpresso_8.0.0_526/lpcxpresso/tools/bin/../lib/gcc/arm-none-eabi/4.9.3/../../../../arm-none-eabi/lib/armv7-m\libcr_c.a(memcpy.o)
                0x00006034                memcpy
 .text.malloc   0x00006038       0xcc c:/nxp/lpcxpresso_8.0.0_526/lpcxpresso/tools/bin/../lib/gcc/arm-none-eabi/4.9.3/../../../../arm-none-eabi/lib/armv7-m\libcr_c.a(alloc.o)
                0x00006038                malloc
 .text.free     0x00006104       0x30 c:/nxp/lpcxpresso_8.0.0_526/lpcxpresso/tools/bin/../lib/gcc/arm-none-eabi/4.9.3/../../../../arm-none-eabi/lib/armv7-m\libcr_c.a(alloc.o)
                0x00006104                free
 .text._Csys_alloc
                0x00006134       0x20 c:/nxp/lpcxpresso_8.0.0_526/lpcxpresso/tools/bin/../lib/gcc/arm-none-eabi/4.9.3/../../../../arm-none-eabi/lib/armv7-m\libcr_c.a(alloc.o)
                0x00006134                _Csys_alloc
 .text.fp_round
                0x00006154       0x4a c:/nxp/lpcxpresso_8.0.0_526/lpcxpresso/tools/bin/../lib/gcc/arm-none-eabi/4.9.3/../../../../arm-none-eabi/lib/armv7-m\libcr_c.a(fpprintf.o)
 .text.pr_dec.constprop.1
                0x0000619e       0x26 c:/nxp/lpcxpresso_8.0.0_526/lpcxpresso/tools/bin/../lib/gcc/arm-none-eabi/4.9.3/../../../../arm-none-eabi/lib/armv7-m\libcr_c.a(fpprintf.o)
 .text.sprintf  0x000061c4       0x6c c:/nxp/lpcxpresso_8.0.0_526/lpcxpresso/tools/bin/../lib/gcc/arm-none-eabi/4.9.3/../../../../arm-none-eabi/lib/armv7-m\libcr_c.a(fpprintf.o)
                0x000061c4                sprintf
 .text.fp_display
                0x00006230      0x900 c:/nxp/lpcxpresso_8.0.0_526/lpcxpresso/tools/bin/../lib/gcc/arm-none-eabi/4.9.3/../../../../arm-none-eabi/lib/armv7-m\libcr_c.a(fpprintf.o)
 .text.vsnprintf
                0x00006b30       0x5c c:/nxp/lpcxpresso_8.0.0_526/lpcxpresso/tools/bin/../lib/gcc/arm-none-eabi/4.9.3/../../../../arm-none-eabi/lib/armv7-m\libcr_c.a(fpprintf.o)
                0x00006b30                vsnprintf
 .text._initio  0x00006b8c       0xa4 c:/nxp/lpcxpresso_8.0.0_526/lpcxpresso/tools/bin/../lib/gcc/arm-none-eabi/4.9.3/../../../../arm-none-eabi/lib/armv7-m\libcr_c.a(initio.o)
                0x00006b8c                _initio
 .text.__vfprintf
                0x00006c30      0xcc0 c:/nxp/lpcxpresso_8.0.0_526/lpcxpresso/tools/bin/../lib/gcc/arm-none-eabi/4.9.3/../../../../arm-none-eabi/lib/armv7-m\libcr_c.a(printf.o)
                0x00006c30                __vfprintf
 .text.setvbuf  0x000078f0       0x40 c:/nxp/lpcxpresso_8.0.0_526/lpcxpresso/tools/bin/../lib/gcc/arm-none-eabi/4.9.3/../../../../arm-none-eabi/lib/armv7-m\libcr_c.a(setvbuf.o)
                0x000078f0                setvbuf
 .text.strlen   0x00007930       0x4a c:/nxp/lpcxpresso_8.0.0_526/lpcxpresso/tools/bin/../lib/gcc/arm-none-eabi/4.9.3/../../../../arm-none-eabi/lib/armv7-m\libcr_c.a(strlen.o)
                0x00007930                strlen
 .text.strncpy  0x0000797a       0x58 c:/nxp/lpcxpresso_8.0.0_526/lpcxpresso/tools/bin/../lib/gcc/arm-none-eabi/4.9.3/../../../../arm-none-eabi/lib/armv7-m\libcr_c.a(strncpy.o)
                0x0000797a                strncpy
 .text.memset   0x000079d2        0x4 c:/nxp/lpcxpresso_8.0.0_526/lpcxpresso/tools/bin/../lib/gcc/arm-none-eabi/4.9.3/../../../../arm-none-eabi/lib/armv7-m\libcr_c.a(memset.o)
                0x000079d2                memset
 *fill*         0x000079d6        0x2 
 .text._sbrk    0x000079d8       0x40 c:/nxp/lpcxpresso_8.0.0_526/lpcxpresso/tools/bin/../lib/gcc/arm-none-eabi/4.9.3/../../../../arm-none-eabi/lib/armv7-m\libcr_c.a(_cr_sbrk.o)
                0x000079d8                _sbrk
 .text._deferredlazyseek
                0x00007a18       0x44 c:/nxp/lpcxpresso_8.0.0_526/lpcxpresso/tools/bin/../lib/gcc/arm-none-eabi/4.9.3/../../../../arm-none-eabi/lib/armv7-m\libcr_c.a(_deferredlazyseek.o)
                0x00007a18                _deferredlazyseek
 .text.__flsbuf
                0x00007a5c      0x142 c:/nxp/lpcxpresso_8.0.0_526/lpcxpresso/tools/bin/../lib/gcc/arm-none-eabi/4.9.3/../../../../arm-none-eabi/lib/armv7-m\libcr_c.a(_deferredlazyseek.o)
                0x00007a5c                __flsbuf
 .text._fdopen  0x00007b9e       0x6a c:/nxp/lpcxpresso_8.0.0_526/lpcxpresso/tools/bin/../lib/gcc/arm-none-eabi/4.9.3/../../../../arm-none-eabi/lib/armv7-m\libcr_c.a(_fdopen.o)
                0x00007b9e                _fdopen
 .text._fflush  0x00007c08       0x58 c:/nxp/lpcxpresso_8.0.0_526/lpcxpresso/tools/bin/../lib/gcc/arm-none-eabi/4.9.3/../../../../arm-none-eabi/lib/armv7-m\libcr_c.a(_fflush.o)
                0x00007c08                _fflush
 .text._frexpl  0x00007c60       0x5a c:/nxp/lpcxpresso_8.0.0_526/lpcxpresso/tools/bin/../lib/gcc/arm-none-eabi/4.9.3/../../../../arm-none-eabi/lib/armv7-m\libcr_c.a(_frexpl.o)
                0x00007c60                _frexpl
 *fill*         0x00007cba        0x2 
 .text._ldexpl  0x00007cbc       0x4c c:/nxp/lpcxpresso_8.0.0_526/lpcxpresso/tools/bin/../lib/gcc/arm-none-eabi/4.9.3/../../../../arm-none-eabi/lib/armv7-m\libcr_c.a(_ldexpl.o)
                0x00007cbc                _ldexpl
 .text._Cwritebuf
                0x00007d08       0x68 c:/nxp/lpcxpresso_8.0.0_526/lpcxpresso/tools/bin/../lib/gcc/arm-none-eabi/4.9.3/../../../../arm-none-eabi/lib/armv7-m\libcr_c.a(_writebuf.o)
                0x00007d08                _Cwritebuf
 .text.fclose   0x00007d70       0x6c c:/nxp/lpcxpresso_8.0.0_526/lpcxpresso/tools/bin/../lib/gcc/arm-none-eabi/4.9.3/../../../../arm-none-eabi/lib/armv7-m\libcr_c.a(fclose.o)
                0x00007d70                fclose
 .text.fflush   0x00007ddc       0x30 c:/nxp/lpcxpresso_8.0.0_526/lpcxpresso/tools/bin/../lib/gcc/arm-none-eabi/4.9.3/../../../../arm-none-eabi/lib/armv7-m\libcr_c.a(fflush.o)
                0x00007ddc                fflush
 .text.fseek    0x00007e0c      0x110 c:/nxp/lpcxpresso_8.0.0_526/lpcxpresso/tools/bin/../lib/gcc/arm-none-eabi/4.9.3/../../../../arm-none-eabi/lib/armv7-m\libcr_c.a(fseek.o)
                0x00007e0c                fseek
 .text.ftell    0x00007f1c       0x4c c:/nxp/lpcxpresso_8.0.0_526/lpcxpresso/tools/bin/../lib/gcc/arm-none-eabi/4.9.3/../../../../arm-none-eabi/lib/armv7-m\libcr_c.a(ftell.o)
                0x00007f1c                ftell
 .text.remove   0x00007f68       0x14 c:/nxp/lpcxpresso_8.0.0_526/lpcxpresso/tools/bin/../lib/gcc/arm-none-eabi/4.9.3/../../../../arm-none-eabi/lib/armv7-m\libcr_c.a(remove.o)
                0x00007f68                remove
 .text.__check_heap_overflow
                0x00007f7c       0x18 c:/nxp/lpcxpresso_8.0.0_526/lpcxpresso/tools/bin/../lib/gcc/arm-none-eabi/4.9.3/../../../../arm-none-eabi/lib/armv7-m\libcr_c.a(_cr_check_heap.o)
                0x00007f7c                __check_heap_overflow
 .text._do_fflush
                0x00007f94       0x44 c:/nxp/lpcxpresso_8.0.0_526/lpcxpresso/tools/bin/../lib/gcc/arm-none-eabi/4.9.3/../../../../arm-none-eabi/lib/armv7-m\libcr_c.a(_do_fflush.o)
                0x00007f94                _do_fflush
 .text.__aeabi_division_uldivmod
                0x00007fd8      0x174 c:/nxp/lpcxpresso_8.0.0_526/lpcxpresso/tools/bin/../lib/gcc/arm-none-eabi/4.9.3/armv7-m\libcr_eabihelpers.a(division_64.o)
                0x00007fd8                __aeabi_uldivmod
                0x00007fdc                __bhs_ldivmod1
 .text.__aeabi_division_idiv0
                0x0000814c        0x2 c:/nxp/lpcxpresso_8.0.0_526/lpcxpresso/tools/bin/../lib/gcc/arm-none-eabi/4.9.3/armv7-m\libcr_eabihelpers.a(division_idiv0.o)
                0x0000814c                __aeabi_idiv0
 *fill*         0x0000814e        0x2 
 .text.__aeabi_dmul
                0x00008150      0x120 c:/nxp/lpcxpresso_8.0.0_526/lpcxpresso/tools/bin/../lib/gcc/arm-none-eabi/4.9.3/armv7-m\libcr_eabihelpers.a(double.o)
                0x00008150                __aeabi_dmul
 .text.__aeabi_ddiv
                0x00008270      0x150 c:/nxp/lpcxpresso_8.0.0_526/lpcxpresso/tools/bin/../lib/gcc/arm-none-eabi/4.9.3/armv7-m\libcr_eabihelpers.a(double.o)
                0x00008270                __aeabi_ddiv
 .text.__aeabi_dsub
                0x000083c0      0x1d8 c:/nxp/lpcxpresso_8.0.0_526/lpcxpresso/tools/bin/../lib/gcc/arm-none-eabi/4.9.3/armv7-m\libcr_eabihelpers.a(double.o)
                0x000083c0                __aeabi_dsub
 .text.__aeabi_dadd
                0x00008598      0x134 c:/nxp/lpcxpresso_8.0.0_526/lpcxpresso/tools/bin/../lib/gcc/arm-none-eabi/4.9.3/armv7-m\libcr_eabihelpers.a(double.o)
                0x00008598                __aeabi_dadd
 .text.__aeabi_d2iz
                0x000086cc       0x40 c:/nxp/lpcxpresso_8.0.0_526/lpcxpresso/tools/bin/../lib/gcc/arm-none-eabi/4.9.3/armv7-m\libcr_eabihelpers.a(double.o)
                0x000086cc                __aeabi_d2iz
 .text.__bhs_ui2d
                0x0000870c       0x48 c:/nxp/lpcxpresso_8.0.0_526/lpcxpresso/tools/bin/../lib/gcc/arm-none-eabi/4.9.3/armv7-m\libcr_eabihelpers.a(double.o)
                0x0000870c                __bhs_ui2d
 .text.__aeabi_i2d
                0x00008754       0x14 c:/nxp/lpcxpresso_8.0.0_526/lpcxpresso/tools/bin/../lib/gcc/arm-none-eabi/4.9.3/armv7-m\libcr_eabihelpers.a(double.o)
                0x00008754                __aeabi_i2d
 .text.__aeabi_dcmpeq
                0x00008768       0x2c c:/nxp/lpcxpresso_8.0.0_526/lpcxpresso/tools/bin/../lib/gcc/arm-none-eabi/4.9.3/armv7-m\libcr_eabihelpers.a(double.o)
                0x00008768                __aeabi_dcmpeq
 .text.__aeabi_dcmplt
                0x00008794       0x5c c:/nxp/lpcxpresso_8.0.0_526/lpcxpresso/tools/bin/../lib/gcc/arm-none-eabi/4.9.3/armv7-m\libcr_eabihelpers.a(double.o)
                0x00008794                __aeabi_dcmplt
 .text.__aeabi_dcmple
                0x000087f0       0x5c c:/nxp/lpcxpresso_8.0.0_526/lpcxpresso/tools/bin/../lib/gcc/arm-none-eabi/4.9.3/armv7-m\libcr_eabihelpers.a(double.o)
                0x000087f0                __aeabi_dcmple
 .text.__aeabi_dcmpge
                0x0000884c       0x5c c:/nxp/lpcxpresso_8.0.0_526/lpcxpresso/tools/bin/../lib/gcc/arm-none-eabi/4.9.3/armv7-m\libcr_eabihelpers.a(double.o)
                0x0000884c                __aeabi_dcmpge
 .text.__aeabi_memcpy
                0x000088a8       0x34 c:/nxp/lpcxpresso_8.0.0_526/lpcxpresso/tools/bin/../lib/gcc/arm-none-eabi/4.9.3/armv7-m\libcr_eabihelpers.a(memcpy.o)
                0x000088a8                __aeabi_memcpy
                0x000088b2                __aeabi_memcpy8
                0x000088b2                __aeabi_memcpy4
 .text.__aeabi_memset_lowlevel
                0x000088dc       0x32 c:/nxp/lpcxpresso_8.0.0_526/lpcxpresso/tools/bin/../lib/gcc/arm-none-eabi/4.9.3/armv7-m\libcr_eabihelpers.a(memcpy.o)
                0x000088dc                __aeabi_lowlevel_memset
 *fill*         0x0000890e        0x2 
 .text.__sys_appexit
                0x00008910        0xc c:/nxp/lpcxpresso_8.0.0_526/lpcxpresso/tools/bin/../lib/gcc/arm-none-eabi/4.9.3/../../../../arm-none-eabi/lib/armv7-m\libcr_semihost.a(__sys_appexit.o)
                0x00008910                __sys_appexit
                0x00008910                __exit
 .text.__sys_close
                0x0000891c        0xc c:/nxp/lpcxpresso_8.0.0_526/lpcxpresso/tools/bin/../lib/gcc/arm-none-eabi/4.9.3/../../../../arm-none-eabi/lib/armv7-m\libcr_semihost.a(__sys_close.o)
                0x0000891c                __sys_close
 .text.__sys_flen
                0x00008928        0xc c:/nxp/lpcxpresso_8.0.0_526/lpcxpresso/tools/bin/../lib/gcc/arm-none-eabi/4.9.3/../../../../arm-none-eabi/lib/armv7-m\libcr_semihost.a(__sys_flen.o)
                0x00008928                __sys_flen
 .text.__sys_istty
                0x00008934        0xc c:/nxp/lpcxpresso_8.0.0_526/lpcxpresso/tools/bin/../lib/gcc/arm-none-eabi/4.9.3/../../../../arm-none-eabi/lib/armv7-m\libcr_semihost.a(__sys_istty.o)
                0x00008934                __sys_istty
 .text.__sys_remove
                0x00008940        0xc c:/nxp/lpcxpresso_8.0.0_526/lpcxpresso/tools/bin/../lib/gcc/arm-none-eabi/4.9.3/../../../../arm-none-eabi/lib/armv7-m\libcr_semihost.a(__sys_remove.o)
                0x00008940                __sys_remove
 .text.__sys_seek
                0x0000894c        0xc c:/nxp/lpcxpresso_8.0.0_526/lpcxpresso/tools/bin/../lib/gcc/arm-none-eabi/4.9.3/../../../../arm-none-eabi/lib/armv7-m\libcr_semihost.a(__sys_seek.o)
                0x0000894c                __sys_seek
 .text.__sys_tmpnam
                0x00008958        0xc c:/nxp/lpcxpresso_8.0.0_526/lpcxpresso/tools/bin/../lib/gcc/arm-none-eabi/4.9.3/../../../../arm-none-eabi/lib/armv7-m\libcr_semihost.a(__sys_tmpnam.o)
                0x00008958                __sys_tmpnam
 .text.__sys_write
                0x00008964        0xc c:/nxp/lpcxpresso_8.0.0_526/lpcxpresso/tools/bin/../lib/gcc/arm-none-eabi/4.9.3/../../../../arm-none-eabi/lib/armv7-m\libcr_semihost.a(__sys_write.o)
                0x00008964                __sys_write
                0x00008964                __write
 *(.rodata .rodata.* .constdata .constdata.*)
 .rodata        0x00008970       0x1c ./src/cat_interface.o
 .rodata        0x0000898c        0x8 ./src/comm_interface.o
 .rodata        0x00008994       0x23 ./src/computer_interface.o
 *fill*         0x000089b7        0x1 
 .rodata        0x000089b8       0x3b ./src/eeprom_m24.o
 *fill*         0x000089f3        0x1 
 .rodata        0x000089f4      0x193 ./src/event_handler.o
 *fill*         0x00008b87        0x1 
 .rodata        0x00008b88       0x9c ./src/main.o
 .rodata        0x00008c24       0x73 ./src/sc16is7x0.o
 *fill*         0x00008c97        0x1 
 .rodata        0x00008c98       0x11 ./src/status.o
 *fill*         0x00008ca9        0x3 
 .rodata        0x00008cac      0x216 ./src/winkey.o
 .rodata.str1.1
                0x00008ec2       0x18 c:/nxp/lpcxpresso_8.0.0_526/lpcxpresso/tools/bin/../lib/gcc/arm-none-eabi/4.9.3/../../../../arm-none-eabi/lib/armv7-m\libcr_c.a(alloc.o)
 .rodata.str1.1
                0x00008eda       0x34 c:/nxp/lpcxpresso_8.0.0_526/lpcxpresso/tools/bin/../lib/gcc/arm-none-eabi/4.9.3/../../../../arm-none-eabi/lib/armv7-m\libcr_c.a(fpprintf.o)
                                 0x35 (size before relaxing)
 .rodata.str1.1
                0x00008f0e        0x4 c:/nxp/lpcxpresso_8.0.0_526/lpcxpresso/tools/bin/../lib/gcc/arm-none-eabi/4.9.3/../../../../arm-none-eabi/lib/armv7-m\libcr_c.a(initio.o)
 .rodata.str1.1
                0x00008f12       0x31 c:/nxp/lpcxpresso_8.0.0_526/lpcxpresso/tools/bin/../lib/gcc/arm-none-eabi/4.9.3/../../../../arm-none-eabi/lib/armv7-m\libcr_c.a(printf.o)
                                 0x38 (size before relaxing)
 *fill*         0x00008f43        0x5 
 .rodata.__huge_vall
                0x00008f48        0x8 c:/nxp/lpcxpresso_8.0.0_526/lpcxpresso/tools/bin/../lib/gcc/arm-none-eabi/4.9.3/../../../../arm-none-eabi/lib/armv7-m\libcr_c.a(_hugeval.o)
                0x00008f48                __huge_vall
                0x00008f50                . = ALIGN (0x4)

.glue_7         0x00008f50        0x0
 .glue_7        0x00000000        0x0 linker stubs

.glue_7t        0x00008f50        0x0
 .glue_7t       0x00000000        0x0 linker stubs

.vfp11_veneer   0x00008f50        0x0
 .vfp11_veneer  0x00000000        0x0 linker stubs

.v4_bx          0x00008f50        0x0
 .v4_bx         0x00000000        0x0 linker stubs

.iplt           0x00008f50        0x0
 .iplt          0x00000000        0x0 ./src/audio.o

.rel.dyn        0x00008f50        0x0
 .rel.iplt      0x00000000        0x0 ./src/audio.o

.ARM.extab
 *(.ARM.extab* .gnu.linkonce.armextab.*)
                0x00008f50                __exidx_start = .

.ARM.exidx
 *(.ARM.exidx* .gnu.linkonce.armexidx.*)
                0x00008f50                __exidx_end = .
                0x00008f50                _etext = .

.data_RAM2      0x2007c000        0x0 load address 0x00008f50
 FILL mask 0xff
                0x2007c000                PROVIDE (__start_data_RAM2, .)
 *(.ramfunc.$RAM2)
 *(.ramfunc.$RamAHB32)
 *(.data.$RAM2*)
 *(.data.$RamAHB32*)
                0x2007c000                . = ALIGN (0x4)
                0x2007c000                PROVIDE (__end_data_RAM2, .)

.uninit_RESERVED
                0x10000000        0x0
 *(.bss.$RESERVED*)
                0x10000000                . = ALIGN (0x4)
                0x10000000                _end_uninit_RESERVED = .

.data           0x10000000       0x38 load address 0x00008f50
 FILL mask 0xff
                0x10000000                _data = .
 *(vtable)
 *(.ramfunc*)
 *(.data*)
 .data.queue_comm_rx
                0x10000000       0x18 ./src/comm_interface.o
                0x10000000                queue_comm_rx
 .data.queue_comm_tx
                0x10000018       0x18 ./src/comm_interface.o
                0x10000018                queue_comm_tx
 .data.io_exp1_out_status
                0x10000030        0x1 ./src/ctrl.o
                0x10000030                io_exp1_out_status
 .data.io_exp2_out_status
                0x10000031        0x1 ./src/ctrl.o
                0x10000031                io_exp2_out_status
 .data.io_exp3_out_status
                0x10000032        0x1 ./src/ctrl.o
                0x10000032                io_exp3_out_status
 .data.io_exp4_out_status
                0x10000033        0x1 ./src/ctrl.o
                0x10000033                io_exp4_out_status
 .data.SystemCoreClock
                0x10000034        0x4 C:\Users\micke\Documents\LPCXpresso_8.0.0_526\workspace\CDL\libCDL.a(system_LPC17xx.o)
                0x10000034                SystemCoreClock
                0x10000038                . = ALIGN (0x4)
                0x10000038                _edata = .

.igot.plt       0x10000038        0x0 load address 0x00008f88
 .igot.plt      0x00000000        0x0 ./src/audio.o

.bss_RAM2       0x2007c000        0x0
                0x2007c000                PROVIDE (__start_bss_RAM2, .)
 *(.bss.$RAM2*)
 *(.bss.$RamAHB32*)
                0x2007c000                . = ALIGN ((. != 0x0)?0x4:0x1)
                0x2007c000                PROVIDE (__end_bss_RAM2, .)

.bss            0x10000038     0x4424
                0x10000038                _bss = .
 *(.bss*)
 .bss.counter_cat_interface_tick
                0x10000038        0x2 ./src/cat_interface.o
                0x10000038                counter_cat_interface_tick
 .bss.counter_cat_interface_poll_tick
                0x1000003a        0x2 ./src/cat_interface.o
                0x1000003a                counter_cat_interface_poll_tick
 .bss.cat_radio_rx_buffer_pos
                0x1000003c        0x1 ./src/cat_interface.o
                0x1000003c                cat_radio_rx_buffer_pos
 *fill*         0x1000003d        0x3 
 .bss.rx_buffer
                0x10000040        0x4 ./src/comm_interface.o
 .bss.rx_buffer_start
                0x10000044        0x4 ./src/comm_interface.o
 .bss.comm_status
                0x10000048        0x1 ./src/comm_interface.o
 .bss.prev_data
                0x10000049        0x1 ./src/comm_interface.o
 .bss.rx_char_count
                0x1000004a        0x2 ./src/comm_interface.o
 .bss.resend_count
                0x1000004c        0x1 ./src/comm_interface.o
 .bss.add_rx_message
                0x1000004d        0x1 ./src/comm_interface.o
 *fill*         0x1000004e        0x2 
 .bss.rx_message
                0x10000050      0x102 ./src/comm_interface.o
 *fill*         0x10000152        0x2 
 .bss.f_ptr_rx  0x10000154        0x4 ./src/comm_interface.o
 .bss.f_ptr_poll_rx
                0x10000158        0x4 ./src/comm_interface.o
 .bss.f_ptr_tx  0x1000015c        0x4 ./src/comm_interface.o
 .bss.counter_1ms
                0x10000160        0x4 ./src/comm_interface.o
 .bss.rx_data_timeout
                0x10000164        0x1 ./src/comm_interface.o
 .bss.tx_data_timeout
                0x10000165        0x1 ./src/comm_interface.o
 .bss.rx_checksum
                0x10000166        0x1 ./src/comm_interface.o
 .bss.computer_inteface_connection_active
                0x10000167        0x1 ./src/computer_interface.o
 .bss.counter_last_pong
                0x10000168        0x2 ./src/computer_interface.o
                0x10000168                counter_last_pong
 .bss.counter_last_ping
                0x1000016a        0x2 ./src/computer_interface.o
                0x1000016a                counter_last_ping
 .bss.flag_send_ping
                0x1000016c        0x1 ./src/computer_interface.o
                0x1000016c                flag_send_ping
 .bss.write_in_progress
                0x1000016d        0x1 ./src/eeprom_m24.o
 .bss.counter_left
                0x1000016e        0x2 ./src/eeprom_m24.o
 .bss.data_ptr  0x10000170        0x4 ./src/eeprom_m24.o
 .bss.curr_addr
                0x10000174        0x2 ./src/eeprom_m24.o
 .bss.counter_event_10us
                0x10000176        0x2 ./src/event_handler.o
 .bss.counter_event_1ms
                0x10000178        0x2 ./src/event_handler.o
 *fill*         0x1000017a        0x2 
 .bss.timer0_counter
                0x1000017c        0x4 ./src/main.o
                0x1000017c                timer0_counter
 .bss.timer1_counter
                0x10000180        0x4 ./src/main.o
                0x10000180                timer1_counter
 .bss.ms_delay_counter
                0x10000184        0x4 ./src/main.o
                0x10000184                ms_delay_counter
 .bss.us10_delay_counter
                0x10000188        0x4 ./src/main.o
                0x10000188                us10_delay_counter
 .bss.counter_event_timer
                0x1000018c        0x2 ./src/main.o
 .bss.flag_read_buttons
                0x1000018e        0x1 ./src/main.o
                0x1000018e                flag_read_buttons
 *fill*         0x1000018f        0x1 
 .bss.qei_counter
                0x10000190        0x2 ./src/qei.o
 .bss.qei_counter_prev_pos
                0x10000192        0x2 ./src/qei.o
 .bss.timer0_m0_counter
                0x10000194        0x4 ./src/timer.o
                0x10000194                timer0_m0_counter
 .bss.timer1_m0_counter
                0x10000198        0x4 ./src/timer.o
                0x10000198                timer1_m0_counter
 .bss.timer0_m1_counter
                0x1000019c        0x4 ./src/timer.o
                0x1000019c                timer0_m1_counter
 .bss.timer1_m1_counter
                0x100001a0        0x4 ./src/timer.o
                0x100001a0                timer1_m1_counter
 .bss.timer0_capture0
                0x100001a4        0x4 ./src/timer.o
                0x100001a4                timer0_capture0
 .bss.timer1_capture0
                0x100001a8        0x4 ./src/timer.o
                0x100001a8                timer1_capture0
 .bss.timer0_capture1
                0x100001ac        0x4 ./src/timer.o
                0x100001ac                timer0_capture1
 .bss.timer1_capture1
                0x100001b0        0x4 ./src/timer.o
                0x100001b0                timer1_capture1
 .bss.ms_counter
                0x100001b4        0x2 ./src/winkey.o
 .bss.counter_last_rx_char
                0x100001b6        0x1 ./src/winkey.o
 .bss.winkey_state
                0x100001b7        0x1 ./src/winkey.o
 .bss.i2cdat    0x100001b8       0x18 C:\Users\micke\Documents\LPCXpresso_8.0.0_526\workspace\CDL\libCDL.a(lpc17xx_i2c.o)
 .bss.errno     0x100001d0        0x4 c:/nxp/lpcxpresso_8.0.0_526/lpcxpresso/tools/bin/../lib/gcc/arm-none-eabi/4.9.3/../../../../arm-none-eabi/lib/armv7-m\libcr_c.a(errno.o)
                0x100001d0                errno
 *(COMMON)
 COMMON         0x100001d4      0x200 ./src/audio.o
                0x100001d4                settings
                0x1000023c                cw_messages
 COMMON         0x100003d4      0x134 ./src/cat_interface.o
                0x100003d4                cat_interface
                0x10000504                cat_radio_rx_buffer_ptr
 COMMON         0x10000508     0x3c78 ./src/comm_interface.o
                0x10000508                queue_buffer_comm_tx
                0x10002344                queue_buffer_comm_rx
 COMMON         0x10004180       0xf0 ./src/eeprom_m24.o
                0x10004180                event_list
 COMMON         0x10004270        0xc ./src/event_handler.o
                0x10004270                event_status
 COMMON         0x1000427c        0x1 ./src/main.o
                0x1000427c                flags
 *fill*         0x1000427d        0x3 
 COMMON         0x10004280       0x10 ./src/status.o
                0x10004280                status
 COMMON         0x10004290       0x80 ./src/winkey.o
                0x10004290                winkey_computer_tx_buffer
                0x100042d0                winkey_computer_rx_buffer
 COMMON         0x10004310        0x4 c:/nxp/lpcxpresso_8.0.0_526/lpcxpresso/tools/bin/../lib/gcc/arm-none-eabi/4.9.3/../../../../arm-none-eabi/lib/armv7-m\libcr_c.a(initio.o)
                0x10004310                _extra
 COMMON         0x10004314      0x140 c:/nxp/lpcxpresso_8.0.0_526/lpcxpresso/tools/bin/../lib/gcc/arm-none-eabi/4.9.3/../../../../arm-none-eabi/lib/armv7-m\libcr_c.a(stdio.o)
                0x10004314                __Ciob
 COMMON         0x10004454        0x8 c:/nxp/lpcxpresso_8.0.0_526/lpcxpresso/tools/bin/../lib/gcc/arm-none-eabi/4.9.3/../../../../arm-none-eabi/lib/armv7-m\libcr_c.a(__init_alloc.o)
                0x10004454                __heaps
                0x10004458                __end_of_heap
                0x1000445c                . = ALIGN (0x4)
                0x1000445c                _ebss = .
                0x1000445c                PROVIDE (end, .)

.noinit_RAM2    0x2007c000        0x0
 *(.noinit.$RAM2*)
 *(.noinit.$RamAHB32*)
                0x2007c000                . = ALIGN (0x4)

.noinit         0x1000445c        0x0
                0x1000445c                _noinit = .
 *(.noinit*)
                0x1000445c                . = ALIGN (0x4)
                0x1000445c                _end_noinit = .
                0x1000445c                PROVIDE (_pvHeapStart, DEFINED (__user_heap_base)?__user_heap_base:.)
                0x10008000                PROVIDE (_vStackTop, DEFINED (__user_stack_top)?__user_stack_top:(__top_RamLoc32 - 0x0))
                0xefff74b2                PROVIDE (__valid_user_code_checksum, (0x0 - ((((((_vStackTop + (ResetISR + 0x1)) + (NMI_Handler + 0x1)) + (HardFault_Handler + 0x1)) + (DEFINED (MemManage_Handler)?MemManage_Handler:0x0 + 0x1)) + (DEFINED (BusFault_Handler)?BusFault_Handler:0x0 + 0x1)) + (DEFINED (UsageFault_Handler)?UsageFault_Handler:0x0 + 0x1))))
OUTPUT(SRI_v1.axf elf32-littlearm)

.debug_info     0x00000000     0xd2be
 .debug_info    0x00000000      0x4c9 ./src/audio.o
 .debug_info    0x000004c9      0xdf6 ./src/cat_interface.o
 .debug_info    0x000012bf      0x906 ./src/comm_interface.o
 .debug_info    0x00001bc5      0x7cd ./src/computer_interface.o
 .debug_info    0x00002392      0x28a ./src/cr_startup_lpc176x.o
 .debug_info    0x0000261c      0xb23 ./src/ctrl.o
 .debug_info    0x0000313f      0x5cc ./src/eeprom_m24.o
 .debug_info    0x0000370b      0x919 ./src/event_handler.o
 .debug_info    0x00004024      0x372 ./src/event_queue.o
 .debug_info    0x00004396      0xb0d ./src/init.o
 .debug_info    0x00004ea3      0x4b4 ./src/lcd.o
 .debug_info    0x00005357      0xad9 ./src/main.o
 .debug_info    0x00005e30      0x2fc ./src/misc.o
 .debug_info    0x0000612c      0x776 ./src/qei.o
 .debug_info    0x000068a2      0x1f8 ./src/queue.o
 .debug_info    0x00006a9a      0x49c ./src/sc16is7x0.o
 .debug_info    0x00006f36      0x550 ./src/sequencer.o
 .debug_info    0x00007486     0x15c2 ./src/settings.o
 .debug_info    0x00008a48      0x4b4 ./src/status.o
 .debug_info    0x00008efc      0x9ed ./src/timer.o
 .debug_info    0x000098e9      0xa13 ./src/winkey.o
 .debug_info    0x0000a2fc      0xce5 C:\Users\micke\Documents\LPCXpresso_8.0.0_526\workspace\CDL\libCDL.a(lpc17xx_i2c.o)
 .debug_info    0x0000afe1      0x3a9 C:\Users\micke\Documents\LPCXpresso_8.0.0_526\workspace\CDL\libCDL.a(lpc17xx_nvic.o)
 .debug_info    0x0000b38a      0x455 C:\Users\micke\Documents\LPCXpresso_8.0.0_526\workspace\CDL\libCDL.a(lpc17xx_pinsel.o)
 .debug_info    0x0000b7df     0x1065 C:\Users\micke\Documents\LPCXpresso_8.0.0_526\workspace\CDL\libCDL.a(lpc17xx_uart.o)
 .debug_info    0x0000c844      0x46e C:\Users\micke\Documents\LPCXpresso_8.0.0_526\workspace\CDL\libCDL.a(system_LPC17xx.o)
 .debug_info    0x0000ccb2      0x60c C:\Users\micke\Documents\LPCXpresso_8.0.0_526\workspace\CDL\libCDL.a(lpc17xx_clkpwr.o)

.debug_abbrev   0x00000000     0x2b78
 .debug_abbrev  0x00000000       0xfb ./src/audio.o
 .debug_abbrev  0x000000fb      0x1c3 ./src/cat_interface.o
 .debug_abbrev  0x000002be      0x2d4 ./src/comm_interface.o
 .debug_abbrev  0x00000592      0x1ef ./src/computer_interface.o
 .debug_abbrev  0x00000781      0x100 ./src/cr_startup_lpc176x.o
 .debug_abbrev  0x00000881      0x21f ./src/ctrl.o
 .debug_abbrev  0x00000aa0      0x162 ./src/eeprom_m24.o
 .debug_abbrev  0x00000c02      0x18d ./src/event_handler.o
 .debug_abbrev  0x00000d8f      0x141 ./src/event_queue.o
 .debug_abbrev  0x00000ed0      0x1ae ./src/init.o
 .debug_abbrev  0x0000107e      0x171 ./src/lcd.o
 .debug_abbrev  0x000011ef      0x1f9 ./src/main.o
 .debug_abbrev  0x000013e8      0x161 ./src/misc.o
 .debug_abbrev  0x00001549      0x1c1 ./src/qei.o
 .debug_abbrev  0x0000170a       0xd4 ./src/queue.o
 .debug_abbrev  0x000017de      0x17f ./src/sc16is7x0.o
 .debug_abbrev  0x0000195d      0x123 ./src/sequencer.o
 .debug_abbrev  0x00001a80      0x1e3 ./src/settings.o
 .debug_abbrev  0x00001c63      0x188 ./src/status.o
 .debug_abbrev  0x00001deb      0x1cd ./src/timer.o
 .debug_abbrev  0x00001fb8      0x25b ./src/winkey.o
 .debug_abbrev  0x00002213      0x279 C:\Users\micke\Documents\LPCXpresso_8.0.0_526\workspace\CDL\libCDL.a(lpc17xx_i2c.o)
 .debug_abbrev  0x0000248c      0x102 C:\Users\micke\Documents\LPCXpresso_8.0.0_526\workspace\CDL\libCDL.a(lpc17xx_nvic.o)
 .debug_abbrev  0x0000258e      0x141 C:\Users\micke\Documents\LPCXpresso_8.0.0_526\workspace\CDL\libCDL.a(lpc17xx_pinsel.o)
 .debug_abbrev  0x000026cf      0x211 C:\Users\micke\Documents\LPCXpresso_8.0.0_526\workspace\CDL\libCDL.a(lpc17xx_uart.o)
 .debug_abbrev  0x000028e0       0xea C:\Users\micke\Documents\LPCXpresso_8.0.0_526\workspace\CDL\libCDL.a(system_LPC17xx.o)
 .debug_abbrev  0x000029ca      0x1ae C:\Users\micke\Documents\LPCXpresso_8.0.0_526\workspace\CDL\libCDL.a(lpc17xx_clkpwr.o)

.debug_aranges  0x00000000     0x1090
 .debug_aranges
                0x00000000       0x28 ./src/audio.o
 .debug_aranges
                0x00000028       0x80 ./src/cat_interface.o
 .debug_aranges
                0x000000a8       0xe0 ./src/comm_interface.o
 .debug_aranges
                0x00000188       0x60 ./src/computer_interface.o
 .debug_aranges
                0x000001e8       0x80 ./src/cr_startup_lpc176x.o
 .debug_aranges
                0x00000268      0x1f8 ./src/ctrl.o
 .debug_aranges
                0x00000460       0x50 ./src/eeprom_m24.o
 .debug_aranges
                0x000004b0       0x88 ./src/event_handler.o
 .debug_aranges
                0x00000538       0x68 ./src/event_queue.o
 .debug_aranges
                0x000005a0       0x30 ./src/init.o
 .debug_aranges
                0x000005d0       0x68 ./src/lcd.o
 .debug_aranges
                0x00000638       0x68 ./src/main.o
 .debug_aranges
                0x000006a0       0x20 ./src/misc.o
 .debug_aranges
                0x000006c0       0x50 ./src/qei.o
 .debug_aranges
                0x00000710       0x50 ./src/queue.o
 .debug_aranges
                0x00000760       0x80 ./src/sc16is7x0.o
 .debug_aranges
                0x000007e0       0x30 ./src/sequencer.o
 .debug_aranges
                0x00000810      0x400 ./src/settings.o
 .debug_aranges
                0x00000c10       0xb8 ./src/status.o
 .debug_aranges
                0x00000cc8       0x50 ./src/timer.o
 .debug_aranges
                0x00000d18       0xb0 ./src/winkey.o
 .debug_aranges
                0x00000dc8       0xd0 C:\Users\micke\Documents\LPCXpresso_8.0.0_526\workspace\CDL\libCDL.a(lpc17xx_i2c.o)
 .debug_aranges
                0x00000e98       0x30 C:\Users\micke\Documents\LPCXpresso_8.0.0_526\workspace\CDL\libCDL.a(lpc17xx_nvic.o)
 .debug_aranges
                0x00000ec8       0x48 C:\Users\micke\Documents\LPCXpresso_8.0.0_526\workspace\CDL\libCDL.a(lpc17xx_pinsel.o)
 .debug_aranges
                0x00000f10      0x100 C:\Users\micke\Documents\LPCXpresso_8.0.0_526\workspace\CDL\libCDL.a(lpc17xx_uart.o)
 .debug_aranges
                0x00001010       0x28 C:\Users\micke\Documents\LPCXpresso_8.0.0_526\workspace\CDL\libCDL.a(system_LPC17xx.o)
 .debug_aranges
                0x00001038       0x58 C:\Users\micke\Documents\LPCXpresso_8.0.0_526\workspace\CDL\libCDL.a(lpc17xx_clkpwr.o)

.debug_ranges   0x00000000      0xee0
 .debug_ranges  0x00000000       0x18 ./src/audio.o
 .debug_ranges  0x00000018       0x70 ./src/cat_interface.o
 .debug_ranges  0x00000088       0xd0 ./src/comm_interface.o
 .debug_ranges  0x00000158       0x50 ./src/computer_interface.o
 .debug_ranges  0x000001a8       0x70 ./src/cr_startup_lpc176x.o
 .debug_ranges  0x00000218      0x1e8 ./src/ctrl.o
 .debug_ranges  0x00000400       0x40 ./src/eeprom_m24.o
 .debug_ranges  0x00000440       0x78 ./src/event_handler.o
 .debug_ranges  0x000004b8       0x58 ./src/event_queue.o
 .debug_ranges  0x00000510       0x20 ./src/init.o
 .debug_ranges  0x00000530       0x58 ./src/lcd.o
 .debug_ranges  0x00000588       0x58 ./src/main.o
 .debug_ranges  0x000005e0       0x10 ./src/misc.o
 .debug_ranges  0x000005f0       0x40 ./src/qei.o
 .debug_ranges  0x00000630       0x40 ./src/queue.o
 .debug_ranges  0x00000670       0x70 ./src/sc16is7x0.o
 .debug_ranges  0x000006e0       0x20 ./src/sequencer.o
 .debug_ranges  0x00000700      0x3f0 ./src/settings.o
 .debug_ranges  0x00000af0       0xa8 ./src/status.o
 .debug_ranges  0x00000b98       0x40 ./src/timer.o
 .debug_ranges  0x00000bd8       0xa0 ./src/winkey.o
 .debug_ranges  0x00000c78       0xc0 C:\Users\micke\Documents\LPCXpresso_8.0.0_526\workspace\CDL\libCDL.a(lpc17xx_i2c.o)
 .debug_ranges  0x00000d38       0x20 C:\Users\micke\Documents\LPCXpresso_8.0.0_526\workspace\CDL\libCDL.a(lpc17xx_nvic.o)
 .debug_ranges  0x00000d58       0x38 C:\Users\micke\Documents\LPCXpresso_8.0.0_526\workspace\CDL\libCDL.a(lpc17xx_pinsel.o)
 .debug_ranges  0x00000d90       0xf0 C:\Users\micke\Documents\LPCXpresso_8.0.0_526\workspace\CDL\libCDL.a(lpc17xx_uart.o)
 .debug_ranges  0x00000e80       0x18 C:\Users\micke\Documents\LPCXpresso_8.0.0_526\workspace\CDL\libCDL.a(system_LPC17xx.o)
 .debug_ranges  0x00000e98       0x48 C:\Users\micke\Documents\LPCXpresso_8.0.0_526\workspace\CDL\libCDL.a(lpc17xx_clkpwr.o)

.debug_macro    0x00000000     0x5a51
 .debug_macro   0x00000000       0xf9 ./src/audio.o
 .debug_macro   0x000000f9      0x88c ./src/audio.o
 .debug_macro   0x00000985       0x10 ./src/audio.o
 .debug_macro   0x00000995      0x12d ./src/audio.o
 .debug_macro   0x00000ac2       0xa0 ./src/audio.o
 .debug_macro   0x00000b62       0x1c ./src/audio.o
 .debug_macro   0x00000b7e       0x2e ./src/audio.o
 .debug_macro   0x00000bac      0x5b2 ./src/audio.o
 .debug_macro   0x0000115e       0x18 ./src/audio.o
 .debug_macro   0x00001176      0x7af ./src/audio.o
 .debug_macro   0x00001925      0x2d5 ./src/audio.o
 .debug_macro   0x00001bfa       0x5d ./src/audio.o
 .debug_macro   0x00001c57      0x18c ./src/audio.o
 .debug_macro   0x00001de3       0xd6 ./src/audio.o
 .debug_macro   0x00001eb9      0x104 ./src/audio.o
 .debug_macro   0x00001fbd       0x34 ./src/audio.o
 .debug_macro   0x00001ff1       0x7c ./src/audio.o
 .debug_macro   0x0000206d       0x2f ./src/audio.o
 .debug_macro   0x0000209c      0x139 ./src/cat_interface.o
 .debug_macro   0x000021d5       0x22 ./src/cat_interface.o
 .debug_macro   0x000021f7      0x339 ./src/cat_interface.o
 .debug_macro   0x00002530      0x146 ./src/cat_interface.o
 .debug_macro   0x00002676       0x34 ./src/cat_interface.o
 .debug_macro   0x000026aa       0x16 ./src/cat_interface.o
 .debug_macro   0x000026c0       0x5e ./src/cat_interface.o
 .debug_macro   0x0000271e       0x40 ./src/cat_interface.o
 .debug_macro   0x0000275e      0x143 ./src/comm_interface.o
 .debug_macro   0x000028a1       0x57 ./src/comm_interface.o
 .debug_macro   0x000028f8       0x2e ./src/comm_interface.o
 .debug_macro   0x00002926       0x8e ./src/comm_interface.o
 .debug_macro   0x000029b4       0x16 ./src/comm_interface.o
 .debug_macro   0x000029ca      0x160 ./src/computer_interface.o
 .debug_macro   0x00002b2a       0x10 ./src/computer_interface.o
 .debug_macro   0x00002b3a       0x10 ./src/computer_interface.o
 .debug_macro   0x00002b4a      0x12a ./src/computer_interface.o
 .debug_macro   0x00002c74       0x52 ./src/cr_startup_lpc176x.o
 .debug_macro   0x00002cc6       0xb7 ./src/ctrl.o
 .debug_macro   0x00002d7d       0xe9 ./src/eeprom_m24.o
 .debug_macro   0x00002e66       0x52 ./src/eeprom_m24.o
 .debug_macro   0x00002eb8      0x117 ./src/event_handler.o
 .debug_macro   0x00002fcf       0x58 ./src/event_handler.o
 .debug_macro   0x00003027       0x10 ./src/event_handler.o
 .debug_macro   0x00003037       0x35 ./src/event_handler.o
 .debug_macro   0x0000306c       0x2e ./src/event_handler.o
 .debug_macro   0x0000309a       0x7f ./src/event_queue.o
 .debug_macro   0x00003119       0x4c ./src/event_queue.o
 .debug_macro   0x00003165       0xa4 ./src/init.o
 .debug_macro   0x00003209       0x64 ./src/init.o
 .debug_macro   0x0000326d       0x8d ./src/lcd.o
 .debug_macro   0x000032fa      0x1d6 ./src/main.o
 .debug_macro   0x000034d0       0x82 ./src/main.o
 .debug_macro   0x00003552       0x1c ./src/main.o
 .debug_macro   0x0000356e      0x33f ./src/main.o
 .debug_macro   0x000038ad       0x16 ./src/main.o
 .debug_macro   0x000038c3       0x1c ./src/main.o
 .debug_macro   0x000038df      0x10a ./src/main.o
 .debug_macro   0x000039e9       0xac ./src/main.o
 .debug_macro   0x00003a95       0xc5 ./src/misc.o
 .debug_macro   0x00003b5a       0x28 ./src/misc.o
 .debug_macro   0x00003b82       0x9a ./src/misc.o
 .debug_macro   0x00003c1c       0x9b ./src/qei.o
 .debug_macro   0x00003cb7       0x94 ./src/qei.o
 .debug_macro   0x00003d4b       0x66 ./src/queue.o
 .debug_macro   0x00003db1       0xfe ./src/sc16is7x0.o
 .debug_macro   0x00003eaf       0xa6 ./src/sc16is7x0.o
 .debug_macro   0x00003f55      0x121 ./src/sequencer.o
 .debug_macro   0x00004076       0x28 ./src/sequencer.o
 .debug_macro   0x0000409e      0x131 ./src/settings.o
 .debug_macro   0x000041cf      0x110 ./src/status.o
 .debug_macro   0x000042df       0x90 ./src/timer.o
 .debug_macro   0x0000436f      0x12f ./src/winkey.o
 .debug_macro   0x0000449e      0x124 ./src/winkey.o
 .debug_macro   0x000045c2       0xa8 C:\Users\micke\Documents\LPCXpresso_8.0.0_526\workspace\CDL\libCDL.a(lpc17xx_i2c.o)
 .debug_macro   0x0000466a      0x86e C:\Users\micke\Documents\LPCXpresso_8.0.0_526\workspace\CDL\libCDL.a(lpc17xx_i2c.o)
 .debug_macro   0x00004ed8      0x2fa C:\Users\micke\Documents\LPCXpresso_8.0.0_526\workspace\CDL\libCDL.a(lpc17xx_i2c.o)
 .debug_macro   0x000051d2       0xd9 C:\Users\micke\Documents\LPCXpresso_8.0.0_526\workspace\CDL\libCDL.a(lpc17xx_i2c.o)
 .debug_macro   0x000052ab       0x8e C:\Users\micke\Documents\LPCXpresso_8.0.0_526\workspace\CDL\libCDL.a(lpc17xx_nvic.o)
 .debug_macro   0x00005339       0x8d C:\Users\micke\Documents\LPCXpresso_8.0.0_526\workspace\CDL\libCDL.a(lpc17xx_pinsel.o)
 .debug_macro   0x000053c6      0x140 C:\Users\micke\Documents\LPCXpresso_8.0.0_526\workspace\CDL\libCDL.a(lpc17xx_pinsel.o)
 .debug_macro   0x00005506       0x9f C:\Users\micke\Documents\LPCXpresso_8.0.0_526\workspace\CDL\libCDL.a(lpc17xx_uart.o)
 .debug_macro   0x000055a5      0x12b C:\Users\micke\Documents\LPCXpresso_8.0.0_526\workspace\CDL\libCDL.a(system_LPC17xx.o)
 .debug_macro   0x000056d0       0x8d C:\Users\micke\Documents\LPCXpresso_8.0.0_526\workspace\CDL\libCDL.a(lpc17xx_clkpwr.o)
 .debug_macro   0x0000575d      0x2f4 C:\Users\micke\Documents\LPCXpresso_8.0.0_526\workspace\CDL\libCDL.a(lpc17xx_clkpwr.o)

.debug_line     0x00000000     0x7628
 .debug_line    0x00000000      0x33a ./src/audio.o
 .debug_line    0x0000033a      0x4b5 ./src/cat_interface.o
 .debug_line    0x000007ef      0x5c5 ./src/comm_interface.o
 .debug_line    0x00000db4      0x476 ./src/computer_interface.o
 .debug_line    0x0000122a      0x1fc ./src/cr_startup_lpc176x.o
 .debug_line    0x00001426      0x796 ./src/ctrl.o
 .debug_line    0x00001bbc      0x3d1 ./src/eeprom_m24.o
 .debug_line    0x00001f8d      0x52e ./src/event_handler.o
 .debug_line    0x000024bb      0x30b ./src/event_queue.o
 .debug_line    0x000027c6      0x2e9 ./src/init.o
 .debug_line    0x00002aaf      0x333 ./src/lcd.o
 .debug_line    0x00002de2      0x59f ./src/main.o
 .debug_line    0x00003381      0x2e9 ./src/misc.o
 .debug_line    0x0000366a      0x2dc ./src/qei.o
 .debug_line    0x00003946      0x1e0 ./src/queue.o
 .debug_line    0x00003b26      0x451 ./src/sc16is7x0.o
 .debug_line    0x00003f77      0x384 ./src/sequencer.o
 .debug_line    0x000042fb      0xcca ./src/settings.o
 .debug_line    0x00004fc5      0x4a5 ./src/status.o
 .debug_line    0x0000546a      0x397 ./src/timer.o
 .debug_line    0x00005801      0x576 ./src/winkey.o
 .debug_line    0x00005d77      0x69b C:\Users\micke\Documents\LPCXpresso_8.0.0_526\workspace\CDL\libCDL.a(lpc17xx_i2c.o)
 .debug_line    0x00006412      0x2cb C:\Users\micke\Documents\LPCXpresso_8.0.0_526\workspace\CDL\libCDL.a(lpc17xx_nvic.o)
 .debug_line    0x000066dd      0x2f2 C:\Users\micke\Documents\LPCXpresso_8.0.0_526\workspace\CDL\libCDL.a(lpc17xx_pinsel.o)
 .debug_line    0x000069cf      0x674 C:\Users\micke\Documents\LPCXpresso_8.0.0_526\workspace\CDL\libCDL.a(lpc17xx_uart.o)
 .debug_line    0x00007043      0x28d C:\Users\micke\Documents\LPCXpresso_8.0.0_526\workspace\CDL\libCDL.a(system_LPC17xx.o)
 .debug_line    0x000072d0      0x358 C:\Users\micke\Documents\LPCXpresso_8.0.0_526\workspace\CDL\libCDL.a(lpc17xx_clkpwr.o)

.debug_str      0x00000000    0x12993
 .debug_str     0x00000000     0x9637 ./src/audio.o
                               0x9980 (size before relaxing)
 .debug_str     0x00009637     0x2616 ./src/cat_interface.o
                               0xb75b (size before relaxing)
 .debug_str     0x0000bc4d      0xa99 ./src/comm_interface.o
                               0xa591 (size before relaxing)
 .debug_str     0x0000c6e6      0x717 ./src/computer_interface.o
                               0xb1f9 (size before relaxing)
 .debug_str     0x0000cdfd      0x1c2 ./src/cr_startup_lpc176x.o
                               0x3e0d (size before relaxing)
 .debug_str     0x0000cfbf      0x7a8 ./src/ctrl.o
                               0x9456 (size before relaxing)
 .debug_str     0x0000d767      0x2ce ./src/eeprom_m24.o
                               0x8fc3 (size before relaxing)
 .debug_str     0x0000da35      0x2e0 ./src/event_handler.o
                               0x9616 (size before relaxing)
 .debug_str     0x0000dd15       0xf2 ./src/event_queue.o
                               0x41f3 (size before relaxing)
 .debug_str     0x0000de07      0x24a ./src/init.o
                               0xa128 (size before relaxing)
 .debug_str     0x0000e051       0x91 ./src/lcd.o
                               0x81fb (size before relaxing)
 .debug_str     0x0000e0e2      0x942 ./src/main.o
                               0xca2c (size before relaxing)
 .debug_str     0x0000ea24       0x36 ./src/misc.o
                               0x9a66 (size before relaxing)
 .debug_str     0x0000ea5a      0x393 ./src/qei.o
                               0x868f (size before relaxing)
 .debug_str     0x0000eded       0x69 ./src/queue.o
                               0x3178 (size before relaxing)
 .debug_str     0x0000ee56      0x138 ./src/sc16is7x0.o
                               0x974e (size before relaxing)
 .debug_str     0x0000ef8e       0x58 ./src/sequencer.o
                               0x9465 (size before relaxing)
 .debug_str     0x0000efe6      0xf5f ./src/settings.o
                               0xb898 (size before relaxing)
 .debug_str     0x0000ff45      0x283 ./src/status.o
                               0xa334 (size before relaxing)
 .debug_str     0x000101c8      0x1d2 ./src/timer.o
                               0x867a (size before relaxing)
 .debug_str     0x0001039a      0x215 ./src/winkey.o
                               0xba16 (size before relaxing)
 .debug_str     0x000105af     0x1766 C:\Users\micke\Documents\LPCXpresso_8.0.0_526\workspace\CDL\libCDL.a(lpc17xx_i2c.o)
                               0xa624 (size before relaxing)
 .debug_str     0x00011d15       0xac C:\Users\micke\Documents\LPCXpresso_8.0.0_526\workspace\CDL\libCDL.a(lpc17xx_nvic.o)
                               0x7fae (size before relaxing)
 .debug_str     0x00011dc1       0xfa C:\Users\micke\Documents\LPCXpresso_8.0.0_526\workspace\CDL\libCDL.a(lpc17xx_pinsel.o)
                               0x85a3 (size before relaxing)
 .debug_str     0x00011ebb      0x719 C:\Users\micke\Documents\LPCXpresso_8.0.0_526\workspace\CDL\libCDL.a(lpc17xx_uart.o)
                               0xb313 (size before relaxing)
 .debug_str     0x000125d4      0x2f0 C:\Users\micke\Documents\LPCXpresso_8.0.0_526\workspace\CDL\libCDL.a(system_LPC17xx.o)
                               0x8183 (size before relaxing)
 .debug_str     0x000128c4       0xcf C:\Users\micke\Documents\LPCXpresso_8.0.0_526\workspace\CDL\libCDL.a(lpc17xx_clkpwr.o)
                               0x932b (size before relaxing)

.comment        0x00000000       0xe0
 .comment       0x00000000       0x70 ./src/audio.o
                                 0x71 (size before relaxing)
 .comment       0x00000000       0x71 ./src/cat_interface.o
 .comment       0x00000000       0x71 ./src/comm_interface.o
 .comment       0x00000000       0x71 ./src/computer_interface.o
 .comment       0x00000000       0x71 ./src/cr_startup_lpc176x.o
 .comment       0x00000000       0x71 ./src/ctrl.o
 .comment       0x00000000       0x71 ./src/eeprom_m24.o
 .comment       0x00000000       0x71 ./src/event_handler.o
 .comment       0x00000000       0x71 ./src/event_queue.o
 .comment       0x00000000       0x71 ./src/init.o
 .comment       0x00000000       0x71 ./src/lcd.o
 .comment       0x00000000       0x71 ./src/main.o
 .comment       0x00000000       0x71 ./src/misc.o
 .comment       0x00000000       0x71 ./src/qei.o
 .comment       0x00000000       0x71 ./src/queue.o
 .comment       0x00000000       0x71 ./src/sc16is7x0.o
 .comment       0x00000000       0x71 ./src/sequencer.o
 .comment       0x00000000       0x71 ./src/settings.o
 .comment       0x00000000       0x71 ./src/status.o
 .comment       0x00000000       0x71 ./src/timer.o
 .comment       0x00000000       0x71 ./src/winkey.o
 .comment       0x00000000       0x71 C:\Users\micke\Documents\LPCXpresso_8.0.0_526\workspace\CDL\libCDL.a(lpc17xx_i2c.o)
 .comment       0x00000000       0x71 C:\Users\micke\Documents\LPCXpresso_8.0.0_526\workspace\CDL\libCDL.a(lpc17xx_nvic.o)
 .comment       0x00000000       0x71 C:\Users\micke\Documents\LPCXpresso_8.0.0_526\workspace\CDL\libCDL.a(lpc17xx_pinsel.o)
 .comment       0x00000000       0x71 C:\Users\micke\Documents\LPCXpresso_8.0.0_526\workspace\CDL\libCDL.a(lpc17xx_uart.o)
 .comment       0x00000000       0x71 C:\Users\micke\Documents\LPCXpresso_8.0.0_526\workspace\CDL\libCDL.a(system_LPC17xx.o)
 .comment       0x00000000       0x71 C:\Users\micke\Documents\LPCXpresso_8.0.0_526\workspace\CDL\libCDL.a(lpc17xx_clkpwr.o)
 .comment       0x00000070       0x70 c:/nxp/lpcxpresso_8.0.0_526/lpcxpresso/tools/bin/../lib/gcc/arm-none-eabi/4.9.3/../../../../arm-none-eabi/lib/armv7-m\libcr_semihost.a(_cr__main.o)
                                 0x71 (size before relaxing)
 .comment       0x00000000       0x71 c:/nxp/lpcxpresso_8.0.0_526/lpcxpresso/tools/bin/../lib/gcc/arm-none-eabi/4.9.3/../../../../arm-none-eabi/lib/armv7-m\libcr_c.a(memcpy.o)
 .comment       0x00000000       0x71 c:/nxp/lpcxpresso_8.0.0_526/lpcxpresso/tools/bin/../lib/gcc/arm-none-eabi/4.9.3/../../../../arm-none-eabi/lib/armv7-m\libcr_c.a(alloc.o)
 .comment       0x00000000       0x71 c:/nxp/lpcxpresso_8.0.0_526/lpcxpresso/tools/bin/../lib/gcc/arm-none-eabi/4.9.3/../../../../arm-none-eabi/lib/armv7-m\libcr_c.a(fpprintf.o)
 .comment       0x00000000       0x71 c:/nxp/lpcxpresso_8.0.0_526/lpcxpresso/tools/bin/../lib/gcc/arm-none-eabi/4.9.3/../../../../arm-none-eabi/lib/armv7-m\libcr_c.a(initio.o)
 .comment       0x00000000       0x71 c:/nxp/lpcxpresso_8.0.0_526/lpcxpresso/tools/bin/../lib/gcc/arm-none-eabi/4.9.3/../../../../arm-none-eabi/lib/armv7-m\libcr_c.a(printf.o)