Archive member included because of file (symbol)

C:\Users\micke\git\openSRI\CDL\libCDL.a(lpc17xx_i2c.o)
                              ./src/main.o (I2C_Init)
C:\Users\micke\git\openSRI\CDL\libCDL.a(lpc17xx_nvic.o)
                              ./src/init.o (NVIC_DeInit)
C:\Users\micke\git\openSRI\CDL\libCDL.a(lpc17xx_pinsel.o)
                              ./src/cat_interface.o (PINSEL_ConfigPin)
C:\Users\micke\git\openSRI\CDL\libCDL.a(lpc17xx_uart.o)
                              ./src/cat_interface.o (UART_Init)
C:\Users\micke\git\openSRI\CDL\libCDL.a(system_LPC17xx.o)
                              ./src/timer.o (SystemCoreClock)
C:\Users\micke\git\openSRI\CDL\libCDL.a(lpc17xx_clkpwr.o)
                              C:\Users\micke\git\openSRI\CDL\libCDL.a(lpc17xx_i2c.o) (CLKPWR_SetPCLKDiv)
c:/nxp/lpcxpresso_8.0.0_526/lpcxpresso/tools/bin/../lib/gcc/arm-none-eabi/4.9.3/../../../../arm-none-eabi/lib/armv7-m\libcr_semihost.a(_cr__main.o)
                              ./src/cr_startup_lpc176x.o (__main)
c:/nxp/lpcxpresso_8.0.0_526/lpcxpresso/tools/bin/../lib/gcc/arm-none-eabi/4.9.3/../../../../arm-none-eabi/lib/armv7-m\libcr_c.a(memcpy.o)
                              ./src/comm_interface.o (memcpy)
c:/nxp/lpcxpresso_8.0.0_526/lpcxpresso/tools/bin/../lib/gcc/arm-none-eabi/4.9.3/../../../../arm-none-eabi/lib/armv7-m\libcr_c.a(alloc.o)
                              ./src/comm_interface.o (malloc)
c:/nxp/lpcxpresso_8.0.0_526/lpcxpresso/tools/bin/../lib/gcc/arm-none-eabi/4.9.3/../../../../arm-none-eabi/lib/armv7-m\libcr_c.a(initio.o)
                              c:/nxp/lpcxpresso_8.0.0_526/lpcxpresso/tools/bin/../lib/gcc/arm-none-eabi/4.9.3/../../../../arm-none-eabi/lib/armv7-m\libcr_semihost.a(_cr__main.o) (_initio)
c:/nxp/lpcxpresso_8.0.0_526/lpcxpresso/tools/bin/../lib/gcc/arm-none-eabi/4.9.3/../../../../arm-none-eabi/lib/armv7-m\libcr_c.a(setvbuf.o)
                              c:/nxp/lpcxpresso_8.0.0_526/lpcxpresso/tools/bin/../lib/gcc/arm-none-eabi/4.9.3/../../../../arm-none-eabi/lib/armv7-m\libcr_c.a(initio.o) (setvbuf)
c:/nxp/lpcxpresso_8.0.0_526/lpcxpresso/tools/bin/../lib/gcc/arm-none-eabi/4.9.3/../../../../arm-none-eabi/lib/armv7-m\libcr_c.a(stdio.o)
                              c:/nxp/lpcxpresso_8.0.0_526/lpcxpresso/tools/bin/../lib/gcc/arm-none-eabi/4.9.3/../../../../arm-none-eabi/lib/armv7-m\libcr_c.a(initio.o) (__Ciob)
c:/nxp/lpcxpresso_8.0.0_526/lpcxpresso/tools/bin/../lib/gcc/arm-none-eabi/4.9.3/../../../../arm-none-eabi/lib/armv7-m\libcr_c.a(strlen.o)
                              ./src/computer_interface.o (strlen)
c:/nxp/lpcxpresso_8.0.0_526/lpcxpresso/tools/bin/../lib/gcc/arm-none-eabi/4.9.3/../../../../arm-none-eabi/lib/armv7-m\libcr_c.a(strncmp.o)
                              ./src/cat_interface.o (strncmp)
c:/nxp/lpcxpresso_8.0.0_526/lpcxpresso/tools/bin/../lib/gcc/arm-none-eabi/4.9.3/../../../../arm-none-eabi/lib/armv7-m\libcr_c.a(strncpy.o)
                              ./src/settings.o (strncpy)
c:/nxp/lpcxpresso_8.0.0_526/lpcxpresso/tools/bin/../lib/gcc/arm-none-eabi/4.9.3/../../../../arm-none-eabi/lib/armv7-m\libcr_c.a(memset.o)
                              c:/nxp/lpcxpresso_8.0.0_526/lpcxpresso/tools/bin/../lib/gcc/arm-none-eabi/4.9.3/../../../../arm-none-eabi/lib/armv7-m\libcr_c.a(alloc.o) (memset)
c:/nxp/lpcxpresso_8.0.0_526/lpcxpresso/tools/bin/../lib/gcc/arm-none-eabi/4.9.3/../../../../arm-none-eabi/lib/armv7-m\libcr_c.a(__fillbuf.o)
                              c:/nxp/lpcxpresso_8.0.0_526/lpcxpresso/tools/bin/../lib/gcc/arm-none-eabi/4.9.3/../../../../arm-none-eabi/lib/armv7-m\libcr_c.a(stdio.o) (__filbuf)
c:/nxp/lpcxpresso_8.0.0_526/lpcxpresso/tools/bin/../lib/gcc/arm-none-eabi/4.9.3/../../../../arm-none-eabi/lib/armv7-m\libcr_c.a(__init_alloc.o)
                              c:/nxp/lpcxpresso_8.0.0_526/lpcxpresso/tools/bin/../lib/gcc/arm-none-eabi/4.9.3/../../../../arm-none-eabi/lib/armv7-m\libcr_c.a(alloc.o) (__heaps)
c:/nxp/lpcxpresso_8.0.0_526/lpcxpresso/tools/bin/../lib/gcc/arm-none-eabi/4.9.3/../../../../arm-none-eabi/lib/armv7-m\libcr_c.a(_cr_sbrk.o)
                              c:/nxp/lpcxpresso_8.0.0_526/lpcxpresso/tools/bin/../lib/gcc/arm-none-eabi/4.9.3/../../../../arm-none-eabi/lib/armv7-m\libcr_c.a(alloc.o) (_sbrk)
c:/nxp/lpcxpresso_8.0.0_526/lpcxpresso/tools/bin/../lib/gcc/arm-none-eabi/4.9.3/../../../../arm-none-eabi/lib/armv7-m\libcr_c.a(_deferredlazyseek.o)
                              c:/nxp/lpcxpresso_8.0.0_526/lpcxpresso/tools/bin/../lib/gcc/arm-none-eabi/4.9.3/../../../../arm-none-eabi/lib/armv7-m\libcr_c.a(__fillbuf.o) (_deferredlazyseek)
c:/nxp/lpcxpresso_8.0.0_526/lpcxpresso/tools/bin/../lib/gcc/arm-none-eabi/4.9.3/../../../../arm-none-eabi/lib/armv7-m\libcr_c.a(_fdopen.o)
                              c:/nxp/lpcxpresso_8.0.0_526/lpcxpresso/tools/bin/../lib/gcc/arm-none-eabi/4.9.3/../../../../arm-none-eabi/lib/armv7-m\libcr_c.a(initio.o) (_fdopen)
[...]
Memory Configuration

Name             Origin             Length             Attributes
MFlash256        0x00000000         0x00040000         xr
RamLoc32         0x10000000         0x00008000         xrw
RamAHB32         0x2007c000         0x00008000         xrw
*default*        0x00000000         0xffffffff

Linker script and memory map

LOAD ./src/audio.o
LOAD ./src/cat_interface.o
LOAD ./src/comm_interface.o
LOAD ./src/computer_interface.o
LOAD ./src/cr_startup_lpc176x.o
LOAD ./src/ctrl.o
LOAD ./src/cw_ctrl.o
LOAD ./src/display.o
LOAD ./src/eeprom_m24.o
LOAD ./src/event_handler.o
LOAD ./src/event_queue.o
LOAD ./src/init.o
LOAD ./src/lcd.o
LOAD ./src/main.o
LOAD ./src/misc.o
LOAD ./src/qei.o
LOAD ./src/queue.o
LOAD ./src/sc16is7x0.o
LOAD ./src/sequencer.o
LOAD ./src/settings.o
LOAD ./src/status.o
LOAD ./src/timer.o
LOAD ./src/winkey.o
LOAD C:\Users\micke\git\openSRI\CDL\libCDL.a
START GROUP
LOAD c:/nxp/lpcxpresso_8.0.0_526/lpcxpresso/tools/bin/../lib/gcc/arm-none-eabi/4.9.3/../../../../arm-none-eabi/lib/armv7-m\libcr_semihost.a
LOAD c:/nxp/lpcxpresso_8.0.0_526/lpcxpresso/tools/bin/../lib/gcc/arm-none-eabi/4.9.3/../../../../arm-none-eabi/lib/armv7-m\libcr_c.a
LOAD c:/nxp/lpcxpresso_8.0.0_526/lpcxpresso/tools/bin/../lib/gcc/arm-none-eabi/4.9.3/armv7-m\libcr_eabihelpers.a
END GROUP
                0x00000000                __base_MFlash256 = 0x0
                0x00000000                __base_Flash = 0x0
                0x00040000                __top_MFlash256 = 0x40000
                0x00040000                __top_Flash = 0x40000
                0x10000000                __base_RamLoc32 = 0x10000000
                0x10000000                __base_RAM = 0x10000000
                0x10008000                __top_RamLoc32 = 0x10008000
                0x10008000                __top_RAM = 0x10008000
                0x2007c000                __base_RamAHB32 = 0x2007c000
                0x2007c000                __base_RAM2 = 0x2007c000
                0x20084000                __top_RamAHB32 = 0x20084000
                0x20084000                __top_RAM2 = 0x20084000

.text           0x00000000     0x72c0
 FILL mask 0xff
                0x00000000                __vectors_start__ = ABSOLUTE (.)
 *(.isr_vector)
 .isr_vector    0x00000000       0xcc ./src/cr_startup_lpc176x.o
                0x00000000                g_pfnVectors
                0x000000cc                . = ALIGN (0x4)
                0x000000cc                __section_table_start = .
                0x000000cc                __data_section_table = .
                0x000000cc        0x4 LONG 0x72c0 LOADADDR (.data)
                0x000000d0        0x4 LONG 0x10000000 ADDR (.data)
                0x000000d4        0x4 LONG 0x38 SIZEOF (.data)
                0x000000d8        0x4 LONG 0x72c0 LOADADDR (.data_RAM2)
                0x000000dc        0x4 LONG 0x2007c000 ADDR (.data_RAM2)
                0x000000e0        0x4 LONG 0x0 SIZEOF (.data_RAM2)
                0x000000e4                __data_section_table_end = .
                0x000000e4                __bss_section_table = .
                0x000000e4        0x4 LONG 0x10000038 ADDR (.bss)
                0x000000e8        0x4 LONG 0x44fc SIZEOF (.bss)
                0x000000ec        0x4 LONG 0x2007c000 ADDR (.bss_RAM2)
                0x000000f0        0x4 LONG 0x0 SIZEOF (.bss_RAM2)
                0x000000f4                __bss_section_table_end = .
                0x000000f4                __section_table_end = .
 *(.after_vectors*)
 .after_vectors
                0x000000f4      0x144 ./src/cr_startup_lpc176x.o
                0x000000f4                data_init
                0x00000138                bss_init
                0x00000170                ResetISR
                0x000001e8                NMI_Handler
                0x000001f0                HardFault_Handler
                0x000001f8                MemManage_Handler
                0x00000200                BusFault_Handler
                0x00000208                UsageFault_Handler
                0x00000210                SVCall_Handler
                0x00000218                DebugMon_Handler
                0x00000220                PendSV_Handler
                0x00000228                SysTick_Handler
                0x00000230                EINT2_IRQHandler
                0x00000230                UART1_IRQHandler
                0x00000230                EINT3_IRQHandler
                0x00000230                CANActivity_IRQHandler
                0x00000230                TIMER3_IRQHandler
                0x00000230                UART0_IRQHandler
                0x00000230                USBActivity_IRQHandler
                0x00000230                I2C1_IRQHandler
                0x00000230                IntDefaultHandler
                0x00000230                I2C0_IRQHandler
                0x00000230                CAN_IRQHandler
                0x00000230                PWM1_IRQHandler
                0x00000230                SSP0_IRQHandler
                0x00000230                I2S_IRQHandler
                0x00000230                I2C2_IRQHandler
                0x00000230                RTC_IRQHandler
                0x00000230                SPI_IRQHandler
                0x00000230                RIT_IRQHandler
                0x00000230                EINT1_IRQHandler
                0x00000230                UART2_IRQHandler
                0x00000230                ADC_IRQHandler
                0x00000230                SSP1_IRQHandler
                0x00000230                USB_IRQHandler
                0x00000230                BOD_IRQHandler
                0x00000230                PLL1_IRQHandler
                0x00000230                WDT_IRQHandler
                0x00000230                EINT0_IRQHandler
                0x00000230                TIMER2_IRQHandler
                0x00000230                DMA_IRQHandler
                0x00000230                PLL0_IRQHandler
                0x00000230                UART3_IRQHandler
                0x00000230                MCPWM_IRQHandler
                0x00000230                ENET_IRQHandler
 *(.text*)
 .text.cat_interface_init_radio_uart
                0x00000238       0xc8 ./src/cat_interface.o
                0x00000238                cat_interface_init_radio_uart
 .text.cat_interface_init_computer_uart
                0x00000300       0xc8 ./src/cat_interface.o
                0x00000300                cat_interface_init_computer_uart
 .text.cat_interface_init
                0x000003c8       0x88 ./src/cat_interface.o
                0x000003c8                cat_interface_init
 .text.cat_interface_send_radio_request
                0x00000450       0x28 ./src/cat_interface.o
                0x00000450                cat_interface_send_radio_request
 .text.cat_interface_parse_cmd
                0x00000478      0x2cc ./src/cat_interface.o
                0x00000478                cat_interface_parse_cmd
 .text.cat_interface_parse_buffer
                0x00000744       0x4c ./src/cat_interface.o
                0x00000744                cat_interface_parse_buffer
 .text.cat_interface_execute
                0x00000790       0x9c ./src/cat_interface.o
                0x00000790                cat_interface_execute
 .text.cat_interface_uart_radio_tx_buf
                0x0000082c       0x24 ./src/cat_interface.o
                0x0000082c                cat_interface_uart_radio_tx_buf
 .text.cat_interface_uart_poll_radio_rx
                0x00000850       0x40 ./src/cat_interface.o
                0x00000850                cat_interface_uart_poll_radio_rx
 .text.cat_interface_uart_poll_computer_rx
                0x00000890       0x38 ./src/cat_interface.o
                0x00000890                cat_interface_uart_poll_computer_rx
 .text.cat_interface_uart_radio_tx
                0x000008c8       0x20 ./src/cat_interface.o
                0x000008c8                cat_interface_uart_radio_tx
 .text.cat_interface_uart_computer_tx
                0x000008e8       0x20 ./src/cat_interface.o
                0x000008e8                cat_interface_uart_computer_tx
 .text.cat_interface_1ms_tick
                0x00000908       0x8c ./src/cat_interface.o
                0x00000908                cat_interface_1ms_tick
 .text.queue_enqueue_comm_rx
                0x00000994       0x20 ./src/comm_interface.o
 .text.queue_dequeue_comm_rx
                0x000009b4       0x20 ./src/comm_interface.o
 .text.queue_is_empty_comm_rx
                0x000009d4       0x14 ./src/comm_interface.o
 .text.queue_drop_all_comm_rx
                0x000009e8       0x10 ./src/comm_interface.o
 .text.queue_enqueue_comm_tx
                0x000009f8       0x20 ./src/comm_interface.o
 .text.queue_get_first_comm_tx
                0x00000a18       0x20 ./src/comm_interface.o
 .text.queue_is_empty_comm_tx
                0x00000a38       0x14 ./src/comm_interface.o
 .text.queue_drop_comm_tx
                0x00000a4c       0x14 ./src/comm_interface.o
 .text.queue_drop_all_comm_tx
                0x00000a60       0x10 ./src/comm_interface.o
 .text.reset_rx_status
                0x00000a70       0x48 ./src/comm_interface.o
 .text.reset_tx_status
                0x00000ab8       0x18 ./src/comm_interface.o
 .text.comm_interface_reset_all
                0x00000ad0       0x38 ./src/comm_interface.o
                0x00000ad0                comm_interface_reset_all
 .text.comm_interface_poll_tx_queue
                0x00000b08      0x108 ./src/comm_interface.o
                0x00000b08                comm_interface_poll_tx_queue
 .text.comm_interface_add_tx_message
                0x00000c10       0xb4 ./src/comm_interface.o
                0x00000c10                comm_interface_add_tx_message
 .text.comm_interface_add_tx_struct_message
                0x00000cc4      0x11c ./src/comm_interface.o
                0x00000cc4                comm_interface_add_tx_struct_message
 .text.comm_interface_poll_rx_queue
                0x00000de0       0xbc ./src/comm_interface.o
                0x00000de0                comm_interface_poll_rx_queue
 .text.comm_interface_send_message
                0x00000e9c       0x8c ./src/comm_interface.o
                0x00000e9c                comm_interface_send_message
 .text.comm_interface_send_ack
                0x00000f28       0x3c ./src/comm_interface.o
                0x00000f28                comm_interface_send_ack
 .text.comm_interface_send_nack
                0x00000f64       0x3c ./src/comm_interface.o
                0x00000f64                comm_interface_send_nack
 .text.comm_interface_init
                0x00000fa0       0x68 ./src/comm_interface.o
                0x00000fa0                comm_interface_init
 .text.comm_interface_parse_rx_buffer
                0x00001008      0x1bc ./src/comm_interface.o
                0x00001008                comm_interface_parse_rx_buffer
 .text.comm_interface_1ms_tick
                0x000011c4       0x8c ./src/comm_interface.o
                0x000011c4                comm_interface_1ms_tick
 .text.computer_interface_uart_rx
                0x00001250      0x1c4 ./src/computer_interface.o
                0x00001250                computer_interface_uart_rx
 .text.computer_interface_uart_tx
                0x00001414       0x20 ./src/computer_interface.o
                0x00001414                computer_interface_uart_tx
 .text.computer_interface_uart_poll_rx
                0x00001434       0x24 ./src/computer_interface.o
                0x00001434                computer_interface_uart_poll_rx
 .text.computer_interface_connection_status
                0x00001458       0x18 ./src/computer_interface.o
                0x00001458                computer_interface_connection_status
 .text.computer_interface_execute
                0x00001470       0x2c ./src/computer_interface.o
                0x00001470                computer_interface_execute
 .text.computer_interface_disconnected_event
                0x0000149c       0x24 ./src/computer_interface.o
                0x0000149c                computer_interface_disconnected_event
 .text.computer_interface_pong_event
                0x000014c0       0x18 ./src/computer_interface.o
                0x000014c0                computer_interface_pong_event
 .text.computer_interface_connected_event
                0x000014d8       0x34 ./src/computer_interface.o
                0x000014d8                computer_interface_connected_event
 .text.computer_interface_1ms_tick
                0x0000150c       0x5c ./src/computer_interface.o
                0x0000150c                computer_interface_1ms_tick
 .text.ctrl_i2c_io_exp1_set
                0x00001568       0x38 ./src/ctrl.o
                0x00001568                ctrl_i2c_io_exp1_set
 .text.ctrl_i2c_io_exp2_set
                0x000015a0       0x38 ./src/ctrl.o
                0x000015a0                ctrl_i2c_io_exp2_set
 .text.ctrl_i2c_io_exp3_set
                0x000015d8       0x38 ./src/ctrl.o
                0x000015d8                ctrl_i2c_io_exp3_set
 .text.ctrl_i2c_io_exp4_set
                0x00001610       0x38 ./src/ctrl.o
                0x00001610                ctrl_i2c_io_exp4_set
 .text.ctrl_ptt_amp_set
                0x00001648       0x18 ./src/ctrl.o
                0x00001648                ctrl_ptt_amp_set
 .text.ctrl_ptt_amp_clr
                0x00001660       0x18 ./src/ctrl.o
                0x00001660                ctrl_ptt_amp_clr
 .text.ctrl_radio_ptt_1_set
                0x00001678       0x18 ./src/ctrl.o
                0x00001678                ctrl_radio_ptt_1_set
 .text.ctrl_radio_ptt_1_clr
                0x00001690       0x18 ./src/ctrl.o
                0x00001690                ctrl_radio_ptt_1_clr
 .text.ctrl_radio_ptt_2_set
                0x000016a8       0x18 ./src/ctrl.o
                0x000016a8                ctrl_radio_ptt_2_set
 .text.ctrl_radio_ptt_2_clr
                0x000016c0       0x18 ./src/ctrl.o
                0x000016c0                ctrl_radio_ptt_2_clr
 .text.ctrl_radio_cw_set
                0x000016d8       0x18 ./src/ctrl.o
                0x000016d8                ctrl_radio_cw_set
 .text.ctrl_radio_cw_clr
                0x000016f0       0x18 ./src/ctrl.o
                0x000016f0                ctrl_radio_cw_clr
 .text.ctrl_radio_inhibit_set
                0x00001708        0xc ./src/ctrl.o
                0x00001708                ctrl_radio_inhibit_set
 .text.ctrl_radio_inhibit_clr
                0x00001714        0xc ./src/ctrl.o
                0x00001714                ctrl_radio_inhibit_clr
 .text.ctrl_ant_set
                0x00001720       0x18 ./src/ctrl.o
                0x00001720                ctrl_ant_set
 .text.ctrl_ant_clr
                0x00001738       0x18 ./src/ctrl.o
                0x00001738                ctrl_ant_clr
 .text.ctrl_mic_relay_clr
                0x00001750       0x1c ./src/ctrl.o
                0x00001750                ctrl_mic_relay_clr
 .text.ctrl_pcm2912_mic_preamp_off
                0x0000176c       0x1c ./src/ctrl.o
                0x0000176c                ctrl_pcm2912_mic_preamp_off
 .text.ctrl_pcm2912_mic_mute_on
                0x00001788       0x1c ./src/ctrl.o
                0x00001788                ctrl_pcm2912_mic_mute_on
 .text.ctrl_led_cw_on
                0x000017a4       0x1c ./src/ctrl.o
                0x000017a4                ctrl_led_cw_on
 .text.ctrl_led_cw_off
                0x000017c0       0x1c ./src/ctrl.o
                0x000017c0                ctrl_led_cw_off
 .text.ctrl_led_pwr_on
                0x000017dc       0x1c ./src/ctrl.o
                0x000017dc                ctrl_led_pwr_on
 .text.ctrl_led_aux_on
                0x000017f8       0x1c ./src/ctrl.o
                0x000017f8                ctrl_led_aux_on
 .text.ctrl_led_aux_off
                0x00001814       0x1c ./src/ctrl.o
                0x00001814                ctrl_led_aux_off
 .text.ctrl_backlight_init
                0x00001830      0x284 ./src/ctrl.o
                0x00001830                ctrl_backlight_init
 .text.ctrl_backlight_set_rgb
                0x00001ab4       0x84 ./src/ctrl.o
                0x00001ab4                ctrl_backlight_set_rgb
 .text.display_welcome_screen
                0x00001b38       0x5c ./src/display.o
                0x00001b38                display_welcome_screen
 .text.display_update
                0x00001b94        0xc ./src/display.o
                0x00001b94                display_update
 .text.display_update_status
                0x00001ba0        0xc ./src/display.o
                0x00001ba0                display_update_status
 .text.eeprom_m24_write_block64
                0x00001bac       0xa4 ./src/eeprom_m24.o
                0x00001bac                eeprom_m24_write_block64
 .text.eeprom_m24_read_block64
                0x00001c50       0x70 ./src/eeprom_m24.o
                0x00001c50                eeprom_m24_read_block64
 .text.eeprom_m24_write_block
                0x00001cc0       0xe4 ./src/eeprom_m24.o
                0x00001cc0                eeprom_m24_write_block
 .text.eeprom_m24_read_block
                0x00001da4       0xc8 ./src/eeprom_m24.o
                0x00001da4                eeprom_m24_read_block
 .text.eeprom_m24_get_write_in_progress
                0x00001e6c       0x18 ./src/eeprom_m24.o
                0x00001e6c                eeprom_m24_get_write_in_progress
 .text.event_handler_ptt_radio_activate
                0x00001e84       0xf8 ./src/event_handler.o
                0x00001e84                event_handler_ptt_radio_activate
 .text.event_handler_ptt_radio_deactivate
                0x00001f7c       0xf8 ./src/event_handler.o
                0x00001f7c                event_handler_ptt_radio_deactivate
 .text.event_handler_ptt_amp_activate
                0x00002074       0x20 ./src/event_handler.o
                0x00002074                event_handler_ptt_amp_activate
 .text.event_handler_ptt_amp_deactivate
                0x00002094       0x14 ./src/event_handler.o
                0x00002094                event_handler_ptt_amp_deactivate
 .text.event_handler_ptt_inhibit_activate
                0x000020a8       0x34 ./src/event_handler.o
                0x000020a8                event_handler_ptt_inhibit_activate
 .text.event_handler_ptt_inhibit_deactivate
                0x000020dc       0x34 ./src/event_handler.o
                0x000020dc                event_handler_ptt_inhibit_deactivate
 .text.event_handler_ptt_ant_activate
                0x00002110       0x14 ./src/event_handler.o
                0x00002110                event_handler_ptt_ant_activate
 .text.event_handler_ptt_ant_deactivate
                0x00002124       0x14 ./src/event_handler.o
                0x00002124                event_handler_ptt_ant_deactivate
 .text.event_handler_execute_ptt_change
                0x00002138       0x58 ./src/event_handler.o
                0x00002138                event_handler_execute_ptt_change
 .text.event_handler_cw_execute
                0x00002190      0x164 ./src/event_handler.o
                0x00002190                event_handler_cw_execute
 .text.event_handler_execute
                0x000022f4      0x328 ./src/event_handler.o
                0x000022f4                event_handler_execute
 .text.event_handler_1ms_tick
                0x0000261c       0x20 ./src/event_handler.o
                0x0000261c                event_handler_1ms_tick
 .text.event_handler_10us_tick
                0x0000263c       0x70 ./src/event_handler.o
                0x0000263c                event_handler_10us_tick
 .text.event_queue_init
                0x000026ac       0x54 ./src/event_queue.o
                0x000026ac                event_queue_init
 .text.event_queue_add
                0x00002700      0x12c ./src/event_queue.o
                0x00002700                event_queue_add
 .text.event_queue_wrap
                0x0000282c       0x54 ./src/event_queue.o
                0x0000282c                event_queue_wrap
 .text.event_queue_get
                0x00002880       0x24 ./src/event_queue.o
                0x00002880                event_queue_get
 .text.event_in_queue
                0x000028a4       0x20 ./src/event_queue.o
                0x000028a4                event_in_queue
 .text.event_queue_drop
                0x000028c4       0x50 ./src/event_queue.o
                0x000028c4                event_queue_drop
 .text.event_queue_drop_id
                0x00002914      0x110 ./src/event_queue.o
                0x00002914                event_queue_drop_id
 .text.event_queue_check_id
                0x00002a24       0x44 ./src/event_queue.o
                0x00002a24                event_queue_check_id
 .text.init_uart2
                0x00002a68       0x80 ./src/init.o
                0x00002a68                init_uart2
 .text.init_uart3
                0x00002ae8       0x7c ./src/init.o
                0x00002ae8                init_uart3
 .text.init_io  0x00002b64      0x148 ./src/init.o
                0x00002b64                init_io
 .text.lcd_set_io_dir
                0x00002cac       0x38 ./src/lcd.o
                0x00002cac                lcd_set_io_dir
 .text.lcd_toggle_enable
                0x00002ce4       0x20 ./src/lcd.o
                0x00002ce4                lcd_toggle_enable
 .text.lcd_send_command
                0x00002d04       0x38 ./src/lcd.o
                0x00002d04                lcd_send_command
 .text.lcd_send_data
                0x00002d3c       0x3c ./src/lcd.o
                0x00002d3c                lcd_send_data
 .text.lcd_goto_xy
                0x00002d78       0x60 ./src/lcd.o
                0x00002d78                lcd_goto_xy
 .text.lcd_put_char
                0x00002dd8       0x18 ./src/lcd.o
                0x00002dd8                lcd_put_char
 .text.lcd_put_string
                0x00002df0       0x44 ./src/lcd.o
                0x00002df0                lcd_put_string
 .text.lcd_wait
                0x00002e34       0x50 ./src/lcd.o
                0x00002e34                lcd_wait
 .text.lcd_clear
                0x00002e84       0x14 ./src/lcd.o
                0x00002e84                lcd_clear
 .text.lcd_init
                0x00002e98       0x6c ./src/lcd.o
                0x00002e98                lcd_init
 .text.delay_ms
                0x00002f04       0x28 ./src/main.o
                0x00002f04                delay_ms
 .text.delay_10us
                0x00002f2c       0x28 ./src/main.o
                0x00002f2c                delay_10us
 .text.main_eeprom_write_in_progress
                0x00002f54       0x10 ./src/main.o
                0x00002f54                main_eeprom_write_in_progress
 .text.main_eeprom_write_done
                0x00002f64       0x28 ./src/main.o
                0x00002f64                main_eeprom_write_done
 .text.event_add_message
                0x00002f8c       0x58 ./src/main.o
                0x00002f8c                event_add_message
 .text.event_run
                0x00002fe4       0x28 ./src/main.o
                0x00002fe4                event_run
 .text.main_load_settings
                0x0000300c       0x44 ./src/main.o
                0x0000300c                main_load_settings
 .text.main     0x00003050      0x164 ./src/main.o
                0x00003050                main
 .text.main_timer0_tick
                0x000031b4      0x120 ./src/main.o
                0x000031b4                main_timer0_tick
 .text.main_timer1_tick
                0x000032d4       0x28 ./src/main.o
                0x000032d4                main_timer1_tick
 .text.PRINTF   0x000032fc       0x10 ./src/misc.o
                0x000032fc                PRINTF
 .text.NVIC_EnableIRQ
                0x0000330c       0x30 ./src/qei.o
 .text.init_qei
                0x0000333c       0x6c ./src/qei.o
                0x0000333c                init_qei
 .text.QEI_IRQHandler
                0x000033a8       0x50 ./src/qei.o
                0x000033a8                QEI_IRQHandler
 .text.qei_get_counter_change
                0x000033f8       0x38 ./src/qei.o
                0x000033f8                qei_get_counter_change
 .text.queue_enqueue
                0x00003430       0x68 ./src/queue.o
                0x00003430                queue_enqueue
 .text.queue_dequeue
                0x00003498       0x64 ./src/queue.o
                0x00003498                queue_dequeue
 .text.queue_get_first
                0x000034fc       0x40 ./src/queue.o
                0x000034fc                queue_get_first
 .text.queue_is_empty
                0x0000353c       0x24 ./src/queue.o
                0x0000353c                queue_is_empty
 .text.queue_drop
                0x00003560       0x44 ./src/queue.o
                0x00003560                queue_drop
 .text.queue_drop_all
                0x000035a4       0x28 ./src/queue.o
                0x000035a4                queue_drop_all
 .text.sc16is7x0_set_reg
                0x000035cc       0x50 ./src/sc16is7x0.o
                0x000035cc                sc16is7x0_set_reg
 .text.sc16is7x0_read_reg
                0x0000361c       0x48 ./src/sc16is7x0.o
                0x0000361c                sc16is7x0_read_reg
 .text.sc16is7x0_set_baudrate
                0x00003664       0x24 ./src/sc16is7x0.o
                0x00003664                sc16is7x0_set_baudrate
 .text.sc16is7x0_init
                0x00003688       0x28 ./src/sc16is7x0.o
                0x00003688                sc16is7x0_init
 .text.sc16is7x0_data_available
                0x000036b0       0x10 ./src/sc16is7x0.o
                0x000036b0                sc16is7x0_data_available
 .text.sc16is7x0_write_char
                0x000036c0       0x28 ./src/sc16is7x0.o
                0x000036c0                sc16is7x0_write_char
 .text.sc16is7x0_poll_char
                0x000036e8       0xc8 ./src/sc16is7x0.o
                0x000036e8                sc16is7x0_poll_char
 .text.sequencer_activate
                0x000037b0       0x90 ./src/sequencer.o
                0x000037b0                sequencer_activate
 .text.sequencer_deactivate
                0x00003840      0x114 ./src/sequencer.o
                0x00003840                sequencer_deactivate
 .text.settings_update_to_computer
                0x00003954       0x30 ./src/settings.o
                0x00003954                settings_update_to_computer
 .text.settings_update_from_computer
                0x00003984       0x4c ./src/settings.o
                0x00003984                settings_update_from_computer
 .text.settings_save_to_eeprom
                0x000039d0       0x34 ./src/settings.o
                0x000039d0                settings_save_to_eeprom
 .text.settings_save_cw_messages_to_eeprom
                0x00003a04       0x34 ./src/settings.o
                0x00003a04                settings_save_cw_messages_to_eeprom
 .text.settings_load_from_eeprom
                0x00003a38       0x28 ./src/settings.o
                0x00003a38                settings_load_from_eeprom
 .text.settings_get_radio_model
                0x00003a60       0x18 ./src/settings.o
                0x00003a60                settings_get_radio_model
 .text.settings_get_cat_baudrate
                0x00003a78       0x18 ./src/settings.o
                0x00003a78                settings_get_cat_baudrate
 .text.settings_get_cat_stopbits
                0x00003a90       0x18 ./src/settings.o
                0x00003a90                settings_get_cat_stopbits
 .text.settings_get_cat_parity
                0x00003aa8       0x18 ./src/settings.o
                0x00003aa8                settings_get_cat_parity
 .text.settings_get_cat_flow_control
                0x00003ac0       0x18 ./src/settings.o
                0x00003ac0                settings_get_cat_flow_control
 .text.settings_get_cat_jumper_cts_rts
                0x00003ad8       0x18 ./src/settings.o
                0x00003ad8                settings_get_cat_jumper_cts_rts
 .text.settings_get_cat_retrieve_type
                0x00003af0       0x18 ./src/settings.o
                0x00003af0                settings_get_cat_retrieve_type
 .text.settings_get_cat_poll_rate
                0x00003b08       0x18 ./src/settings.o
                0x00003b08                settings_get_cat_poll_rate
 .text.settings_get_ptt_input_enabled
                0x00003b20       0x18 ./src/settings.o
                0x00003b20                settings_get_ptt_input_enabled
 .text.settings_get_ptt_input_invert
                0x00003b38       0x18 ./src/settings.o
                0x00003b38                settings_get_ptt_input_invert
 .text.settings_get_ptt_radio_pre_delay
                0x00003b50       0x18 ./src/settings.o
                0x00003b50                settings_get_ptt_radio_pre_delay
 .text.settings_get_ptt_radio_post_delay
                0x00003b68       0x18 ./src/settings.o
                0x00003b68                settings_get_ptt_radio_post_delay
 .text.settings_get_ptt_amp_pre_delay
                0x00003b80       0x18 ./src/settings.o
                0x00003b80                settings_get_ptt_amp_pre_delay
 .text.settings_get_ptt_amp_post_delay
                0x00003b98       0x18 ./src/settings.o
                0x00003b98                settings_get_ptt_amp_post_delay
 .text.settings_get_ptt_inhibit_pre_delay
                0x00003bb0       0x18 ./src/settings.o
                0x00003bb0                settings_get_ptt_inhibit_pre_delay
 .text.settings_get_ptt_inhibit_post_delay
                0x00003bc8       0x18 ./src/settings.o
                0x00003bc8                settings_get_ptt_inhibit_post_delay
 .text.settings_get_ptt_antenna_pre_delay
                0x00003be0       0x18 ./src/settings.o
                0x00003be0                settings_get_ptt_antenna_pre_delay
 .text.settings_get_ptt_antenna_post_delay
                0x00003bf8       0x18 ./src/settings.o
                0x00003bf8                settings_get_ptt_antenna_post_delay
 .text.settings_get_radio_digital_ptt
                0x00003c10       0x18 ./src/settings.o
                0x00003c10                settings_get_radio_digital_ptt
 .text.settings_get_radio_cw_ptt
                0x00003c28       0x18 ./src/settings.o
                0x00003c28                settings_get_radio_cw_ptt
 .text.settings_get_radio_phone_ptt
                0x00003c40       0x18 ./src/settings.o
                0x00003c40                settings_get_radio_phone_ptt
 .text.settings_get_amplifier_enabled
                0x00003c58       0x18 ./src/settings.o
                0x00003c58                settings_get_amplifier_enabled
 .text.settings_get_inhibit_enabled
                0x00003c70       0x18 ./src/settings.o
                0x00003c70                settings_get_inhibit_enabled
 .text.settings_get_inhibit_inverted
                0x00003c88       0x18 ./src/settings.o
                0x00003c88                settings_get_inhibit_inverted
 .text.settings_get_cw_input_source
                0x00003ca0       0x18 ./src/settings.o
                0x00003ca0                settings_get_cw_input_source
 .text.settings_get_backlight_rgb_red
                0x00003cb8       0x18 ./src/settings.o
                0x00003cb8                settings_get_backlight_rgb_red
 .text.settings_get_backlight_rgb_green
                0x00003cd0       0x18 ./src/settings.o
                0x00003cd0                settings_get_backlight_rgb_green
 .text.settings_get_backlight_rgb_blue
                0x00003ce8       0x18 ./src/settings.o
                0x00003ce8                settings_get_backlight_rgb_blue
 .text.settings_get_winkey_modereg
                0x00003d00       0x18 ./src/settings.o
                0x00003d00                settings_get_winkey_modereg
 .text.settings_get_winkey_speed_pot_min
                0x00003d18       0x18 ./src/settings.o
                0x00003d18                settings_get_winkey_speed_pot_min
 .text.settings_get_winkey_speed_pot_max
                0x00003d30       0x24 ./src/settings.o
                0x00003d30                settings_get_winkey_speed_pot_max
 .text.settings_get_winkey_farnsworth
                0x00003d54       0x18 ./src/settings.o
                0x00003d54                settings_get_winkey_farnsworth
 .text.settings_get_winkey_weight
                0x00003d6c       0x18 ./src/settings.o
                0x00003d6c                settings_get_winkey_weight
 .text.settings_get_winkey_dih_dah_ratio
                0x00003d84       0x18 ./src/settings.o
                0x00003d84                settings_get_winkey_dih_dah_ratio
 .text.settings_get_winkey_first_extension
                0x00003d9c       0x18 ./src/settings.o
                0x00003d9c                settings_get_winkey_first_extension
 .text.settings_get_winkey_key_compensation
                0x00003db4       0x18 ./src/settings.o
                0x00003db4                settings_get_winkey_key_compensation
 .text.settings_get_winkey_paddle_memory_sw_point
                0x00003dcc       0x18 ./src/settings.o
                0x00003dcc                settings_get_winkey_paddle_memory_sw_point
 .text.settings_get_winkey_pincfg
                0x00003de4       0x50 ./src/settings.o
                0x00003de4                settings_get_winkey_pincfg
 .text.settings_get_winkey_default_speed
                0x00003e34       0x18 ./src/settings.o
                0x00003e34                settings_get_winkey_default_speed
 .text.settings_send_cw_messages
                0x00003e4c       0xe0 ./src/settings.o
                0x00003e4c                settings_send_cw_messages
 .text.settings_set_cw_message
                0x00003f2c       0x50 ./src/settings.o
                0x00003f2c                settings_set_cw_message
 .text.settings_get_cw_message
                0x00003f7c       0x2c ./src/settings.o
                0x00003f7c                settings_get_cw_message
 .text.status_update_to_computer
                0x00003fa8       0x30 ./src/status.o
                0x00003fa8                status_update_to_computer
 .text.status_set_vfoA_mode
                0x00003fd8       0x3c ./src/status.o
                0x00003fd8                status_set_vfoA_mode
 .text.status_set_vfoB_mode
                0x00004014       0x3c ./src/status.o
                0x00004014                status_set_vfoB_mode
 .text.status_get_vfoA_mode_type
                0x00004050       0xa0 ./src/status.o
                0x00004050                status_get_vfoA_mode_type
 .text.status_get_vfoB_mode_type
                0x000040f0       0xa0 ./src/status.o
                0x000040f0                status_get_vfoB_mode_type
 .text.status_execute_update
                0x00004190       0x14 ./src/status.o
                0x00004190                status_execute_update
 .text.status_set_vfoA_freq
                0x000041a4       0x2c ./src/status.o
                0x000041a4                status_set_vfoA_freq
 .text.status_set_vfoB_freq
                0x000041d0       0x30 ./src/status.o
                0x000041d0                status_set_vfoB_freq
 .text.status_set_vfoAB_txrx_state
                0x00004200       0x34 ./src/status.o
                0x00004200                status_set_vfoAB_txrx_state
 .text.status_get_vfoAB_txrx_state
                0x00004234       0x18 ./src/status.o
                0x00004234                status_get_vfoAB_txrx_state
 .text.status_set_ptt_input_state
                0x0000424c       0x28 ./src/status.o
                0x0000424c                status_set_ptt_input_state
 .text.status_set_winkey_pot_speed
                0x00004274       0x38 ./src/status.o
                0x00004274                status_set_winkey_pot_speed
 .text.status_get_winkey_pot_speed
                0x000042ac       0x18 ./src/status.o
                0x000042ac                status_get_winkey_pot_speed
 .text.status_set_winkey_transmitted_character
                0x000042c4       0x30 ./src/status.o
                0x000042c4                status_set_winkey_transmitted_character
 .text.NVIC_EnableIRQ
                0x000042f4       0x30 ./src/timer.o
 .text.TIMER0_IRQHandler
                0x00004324       0x9c ./src/timer.o
                0x00004324                TIMER0_IRQHandler
 .text.TIMER1_IRQHandler
                0x000043c0       0x90 ./src/timer.o
                0x000043c0                TIMER1_IRQHandler
 .text.enable_timer
                0x00004450       0x5c ./src/timer.o
                0x00004450                enable_timer
 .text.init_timer
                0x000044ac      0x200 ./src/timer.o
                0x000044ac                init_timer
 .text.winkey_init
                0x000046ac       0x40 ./src/winkey.o
                0x000046ac                winkey_init
 .text.winkey_get_initialized
                0x000046ec       0x24 ./src/winkey.o
                0x000046ec                winkey_get_initialized
 .text.winkey_send_char
                0x00004710       0x18 ./src/winkey.o
                0x00004710                winkey_send_char
 .text.winkey_send_data
                0x00004728       0x34 ./src/winkey.o
                0x00004728                winkey_send_data
 .text.winkey_reset
                0x0000475c       0x24 ./src/winkey.o
                0x0000475c                winkey_reset
 .text.winkey_init_sequence
                0x00004780      0x16c ./src/winkey.o
                0x00004780                winkey_init_sequence
 .text.winkey_init_failed
                0x000048ec       0x44 ./src/winkey.o
                0x000048ec                winkey_init_failed
 .text.winkey_execute
                0x00004930      0x1c8 ./src/winkey.o
                0x00004930                winkey_execute
 .text.winkey_receive_from_computer
                0x00004af8       0x28 ./src/winkey.o
                0x00004af8                winkey_receive_from_computer
 .text.winkey_send_to_computer
                0x00004b20       0x24 ./src/winkey.o
                0x00004b20                winkey_send_to_computer
 .text.winkey_poll_char
                0x00004b44       0x2c ./src/winkey.o
                0x00004b44                winkey_poll_char
 .text.winkey_setting_changed
                0x00004b70      0x178 ./src/winkey.o
                0x00004b70                winkey_setting_changed
 .text.winkey_dec_speed
                0x00004ce8       0x60 ./src/winkey.o
                0x00004ce8                winkey_dec_speed
 .text.winkey_inc_speed
                0x00004d48       0x60 ./src/winkey.o
                0x00004d48                winkey_inc_speed
 .text.winkey_clear_buffer
                0x00004da8       0x18 ./src/winkey.o
                0x00004da8                winkey_clear_buffer
 .text.winkey_send_message
                0x00004dc0       0x38 ./src/winkey.o
                0x00004dc0                winkey_send_message
 .text.winkey_1ms_tick
                0x00004df8       0x30 ./src/winkey.o
                0x00004df8                winkey_1ms_tick
 .text.NVIC_EnableIRQ
                0x00004e28       0x30 C:\Users\micke\git\openSRI\CDL\libCDL.a(lpc17xx_i2c.o)
 .text.NVIC_DisableIRQ
                0x00004e58       0x34 C:\Users\micke\git\openSRI\CDL\libCDL.a(lpc17xx_i2c.o)
 .text.I2C_getNum
                0x00004e8c       0x48 C:\Users\micke\git\openSRI\CDL\libCDL.a(lpc17xx_i2c.o)
 .text.I2C_Start
                0x00004ed4       0x3c C:\Users\micke\git\openSRI\CDL\libCDL.a(lpc17xx_i2c.o)
 .text.I2C_Stop
                0x00004f10       0x30 C:\Users\micke\git\openSRI\CDL\libCDL.a(lpc17xx_i2c.o)
 .text.I2C_SendByte
                0x00004f40       0x4c C:\Users\micke\git\openSRI\CDL\libCDL.a(lpc17xx_i2c.o)
 .text.I2C_GetByte
                0x00004f8c       0x54 C:\Users\micke\git\openSRI\CDL\libCDL.a(lpc17xx_i2c.o)
 .text.I2C_SetClock
                0x00004fe0       0x7c C:\Users\micke\git\openSRI\CDL\libCDL.a(lpc17xx_i2c.o)
 .text.I2C_Init
                0x0000505c       0x80 C:\Users\micke\git\openSRI\CDL\libCDL.a(lpc17xx_i2c.o)
                0x0000505c                I2C_Init
 .text.I2C_Cmd  0x000050dc       0x2c C:\Users\micke\git\openSRI\CDL\libCDL.a(lpc17xx_i2c.o)
                0x000050dc                I2C_Cmd
 .text.I2C_IntCmd
                0x00005108       0x84 C:\Users\micke\git\openSRI\CDL\libCDL.a(lpc17xx_i2c.o)
                0x00005108                I2C_IntCmd
 .text.I2C_MasterTransferData
                0x0000518c      0x2d8 C:\Users\micke\git\openSRI\CDL\libCDL.a(lpc17xx_i2c.o)
                0x0000518c                I2C_MasterTransferData
 .text.NVIC_DeInit
                0x00005464       0x58 C:\Users\micke\git\openSRI\CDL\libCDL.a(lpc17xx_nvic.o)
                0x00005464                NVIC_DeInit
 .text.NVIC_SCBDeInit
                0x000054bc       0x74 C:\Users\micke\git\openSRI\CDL\libCDL.a(lpc17xx_nvic.o)
                0x000054bc                NVIC_SCBDeInit
 .text.set_PinFunc
                0x00005530       0x80 C:\Users\micke\git\openSRI\CDL\libCDL.a(lpc17xx_pinsel.o)
 .text.set_ResistorMode
                0x000055b0       0x80 C:\Users\micke\git\openSRI\CDL\libCDL.a(lpc17xx_pinsel.o)
 .text.set_OpenDrainMode
                0x00005630       0x6c C:\Users\micke\git\openSRI\CDL\libCDL.a(lpc17xx_pinsel.o)
 .text.PINSEL_ConfigPin
                0x0000569c       0x50 C:\Users\micke\git\openSRI\CDL\libCDL.a(lpc17xx_pinsel.o)
                0x0000569c                PINSEL_ConfigPin
 .text.uart_set_divisors
                0x000056ec      0x2ac C:\Users\micke\git\openSRI\CDL\libCDL.a(lpc17xx_uart.o)
 .text.UART_Init
                0x00005998      0x240 C:\Users\micke\git\openSRI\CDL\libCDL.a(lpc17xx_uart.o)
                0x00005998                UART_Init
 .text.UART_DeInit
                0x00005bd8       0x6c C:\Users\micke\git\openSRI\CDL\libCDL.a(lpc17xx_uart.o)
                0x00005bd8                UART_DeInit
 .text.UART_ConfigStructInit
                0x00005c44       0x2c C:\Users\micke\git\openSRI\CDL\libCDL.a(lpc17xx_uart.o)
                0x00005c44                UART_ConfigStructInit
 .text.UART_SendByte
                0x00005c70       0x40 C:\Users\micke\git\openSRI\CDL\libCDL.a(lpc17xx_uart.o)
                0x00005c70                UART_SendByte
 .text.UART_ReceiveByte
                0x00005cb0       0x30 C:\Users\micke\git\openSRI\CDL\libCDL.a(lpc17xx_uart.o)
                0x00005cb0                UART_ReceiveByte
 .text.UART_Send
                0x00005ce0       0xe8 C:\Users\micke\git\openSRI\CDL\libCDL.a(lpc17xx_uart.o)
                0x00005ce0                UART_Send
 .text.UART_Receive
                0x00005dc8       0xb8 C:\Users\micke\git\openSRI\CDL\libCDL.a(lpc17xx_uart.o)
                0x00005dc8                UART_Receive
 .text.UART_FIFOConfig
                0x00005e80       0xa8 C:\Users\micke\git\openSRI\CDL\libCDL.a(lpc17xx_uart.o)
                0x00005e80                UART_FIFOConfig
 .text.UART_FIFOConfigStructInit
                0x00005f28       0x2c C:\Users\micke\git\openSRI\CDL\libCDL.a(lpc17xx_uart.o)
                0x00005f28                UART_FIFOConfigStructInit
 .text.UART_TxCmd
                0x00005f54       0x7c C:\Users\micke\git\openSRI\CDL\libCDL.a(lpc17xx_uart.o)
                0x00005f54                UART_TxCmd
 .text.SystemCoreClockUpdate
                0x00005fd0      0x164 C:\Users\micke\git\openSRI\CDL\libCDL.a(system_LPC17xx.o)
                0x00005fd0                SystemCoreClockUpdate
 .text.SystemInit
                0x00006134      0x150 C:\Users\micke\git\openSRI\CDL\libCDL.a(system_LPC17xx.o)
                0x00006134                SystemInit
 .text.CLKPWR_SetPCLKDiv
                0x00006284       0x8c C:\Users\micke\git\openSRI\CDL\libCDL.a(lpc17xx_clkpwr.o)
                0x00006284                CLKPWR_SetPCLKDiv
 .text.CLKPWR_GetPCLKSEL
                0x00006310       0x4c C:\Users\micke\git\openSRI\CDL\libCDL.a(lpc17xx_clkpwr.o)
                0x00006310                CLKPWR_GetPCLKSEL
 .text.CLKPWR_GetPCLK
                0x0000635c       0x64 C:\Users\micke\git\openSRI\CDL\libCDL.a(lpc17xx_clkpwr.o)
                0x0000635c                CLKPWR_GetPCLK
 .text.CLKPWR_ConfigPPWR
                0x000063c0       0x58 C:\Users\micke\git\openSRI\CDL\libCDL.a(lpc17xx_clkpwr.o)
                0x000063c0                CLKPWR_ConfigPPWR
 .text.__main   0x00006418       0x14 c:/nxp/lpcxpresso_8.0.0_526/lpcxpresso/tools/bin/../lib/gcc/arm-none-eabi/4.9.3/../../../../arm-none-eabi/lib/armv7-m\libcr_semihost.a(_cr__main.o)
                0x00006418                __CR_SEMIHOST
                0x00006418                __main
 .text.memcpy   0x0000642c        0x4 c:/nxp/lpcxpresso_8.0.0_526/lpcxpresso/tools/bin/../lib/gcc/arm-none-eabi/4.9.3/../../../../arm-none-eabi/lib/armv7-m\libcr_c.a(memcpy.o)
                0x0000642c                memcpy
 .text.malloc   0x00006430       0xcc c:/nxp/lpcxpresso_8.0.0_526/lpcxpresso/tools/bin/../lib/gcc/arm-none-eabi/4.9.3/../../../../arm-none-eabi/lib/armv7-m\libcr_c.a(alloc.o)
                0x00006430                malloc
 .text.free     0x000064fc       0x30 c:/nxp/lpcxpresso_8.0.0_526/lpcxpresso/tools/bin/../lib/gcc/arm-none-eabi/4.9.3/../../../../arm-none-eabi/lib/armv7-m\libcr_c.a(alloc.o)
                0x000064fc                free
 .text._Csys_alloc
                0x0000652c       0x20 c:/nxp/lpcxpresso_8.0.0_526/lpcxpresso/tools/bin/../lib/gcc/arm-none-eabi/4.9.3/../../../../arm-none-eabi/lib/armv7-m\libcr_c.a(alloc.o)
                0x0000652c                _Csys_alloc
 .text._initio  0x0000654c       0xa4 c:/nxp/lpcxpresso_8.0.0_526/lpcxpresso/tools/bin/../lib/gcc/arm-none-eabi/4.9.3/../../../../arm-none-eabi/lib/armv7-m\libcr_c.a(initio.o)
                0x0000654c                _initio
 .text.setvbuf  0x000065f0       0x40 c:/nxp/lpcxpresso_8.0.0_526/lpcxpresso/tools/bin/../lib/gcc/arm-none-eabi/4.9.3/../../../../arm-none-eabi/lib/armv7-m\libcr_c.a(setvbuf.o)
                0x000065f0                setvbuf
 .text.strlen   0x00006630       0x4a c:/nxp/lpcxpresso_8.0.0_526/lpcxpresso/tools/bin/../lib/gcc/arm-none-eabi/4.9.3/../../../../arm-none-eabi/lib/armv7-m\libcr_c.a(strlen.o)
                0x00006630                strlen
 .text.strncmp  0x0000667a       0x56 c:/nxp/lpcxpresso_8.0.0_526/lpcxpresso/tools/bin/../lib/gcc/arm-none-eabi/4.9.3/../../../../arm-none-eabi/lib/armv7-m\libcr_c.a(strncmp.o)
                0x0000667a                strncmp
 .text.strncpy  0x000066d0       0x58 c:/nxp/lpcxpresso_8.0.0_526/lpcxpresso/tools/bin/../lib/gcc/arm-none-eabi/4.9.3/../../../../arm-none-eabi/lib/armv7-m\libcr_c.a(strncpy.o)
                0x000066d0                strncpy
 .text.memset   0x00006728        0x4 c:/nxp/lpcxpresso_8.0.0_526/lpcxpresso/tools/bin/../lib/gcc/arm-none-eabi/4.9.3/../../../../arm-none-eabi/lib/armv7-m\libcr_c.a(memset.o)
                0x00006728                memset
 .text._sbrk    0x0000672c       0x40 c:/nxp/lpcxpresso_8.0.0_526/lpcxpresso/tools/bin/../lib/gcc/arm-none-eabi/4.9.3/../../../../arm-none-eabi/lib/armv7-m\libcr_c.a(_cr_sbrk.o)
                0x0000672c                _sbrk
 .text._deferredlazyseek
                0x0000676c       0x44 c:/nxp/lpcxpresso_8.0.0_526/lpcxpresso/tools/bin/../lib/gcc/arm-none-eabi/4.9.3/../../../../arm-none-eabi/lib/armv7-m\libcr_c.a(_deferredlazyseek.o)
                0x0000676c                _deferredlazyseek
 .text._fdopen  0x000067b0       0x6a c:/nxp/lpcxpresso_8.0.0_526/lpcxpresso/tools/bin/../lib/gcc/arm-none-eabi/4.9.3/../../../../arm-none-eabi/lib/armv7-m\libcr_c.a(_fdopen.o)
                0x000067b0                _fdopen
 .text._fflush  0x0000681a       0x58 c:/nxp/lpcxpresso_8.0.0_526/lpcxpresso/tools/bin/../lib/gcc/arm-none-eabi/4.9.3/../../../../arm-none-eabi/lib/armv7-m\libcr_c.a(_fflush.o)
                0x0000681a                _fflush
 *fill*         0x00006872        0x2 
 .text._Cwritebuf
                0x00006874       0x68 c:/nxp/lpcxpresso_8.0.0_526/lpcxpresso/tools/bin/../lib/gcc/arm-none-eabi/4.9.3/../../../../arm-none-eabi/lib/armv7-m\libcr_c.a(_writebuf.o)
                0x00006874                _Cwritebuf
 .text.fclose   0x000068dc       0x6c c:/nxp/lpcxpresso_8.0.0_526/lpcxpresso/tools/bin/../lib/gcc/arm-none-eabi/4.9.3/../../../../arm-none-eabi/lib/armv7-m\libcr_c.a(fclose.o)
                0x000068dc                fclose
 .text.fflush   0x00006948       0x30 c:/nxp/lpcxpresso_8.0.0_526/lpcxpresso/tools/bin/../lib/gcc/arm-none-eabi/4.9.3/../../../../arm-none-eabi/lib/armv7-m\libcr_c.a(fflush.o)
                0x00006948                fflush
 .text.fseek    0x00006978      0x110 c:/nxp/lpcxpresso_8.0.0_526/lpcxpresso/tools/bin/../lib/gcc/arm-none-eabi/4.9.3/../../../../arm-none-eabi/lib/armv7-m\libcr_c.a(fseek.o)
                0x00006978                fseek
 .text.ftell    0x00006a88       0x4c c:/nxp/lpcxpresso_8.0.0_526/lpcxpresso/tools/bin/../lib/gcc/arm-none-eabi/4.9.3/../../../../arm-none-eabi/lib/armv7-m\libcr_c.a(ftell.o)
                0x00006a88                ftell
 .text.remove   0x00006ad4       0x14 c:/nxp/lpcxpresso_8.0.0_526/lpcxpresso/tools/bin/../lib/gcc/arm-none-eabi/4.9.3/../../../../arm-none-eabi/lib/armv7-m\libcr_c.a(remove.o)
                0x00006ad4                remove
 .text.__check_heap_overflow
                0x00006ae8       0x18 c:/nxp/lpcxpresso_8.0.0_526/lpcxpresso/tools/bin/../lib/gcc/arm-none-eabi/4.9.3/../../../../arm-none-eabi/lib/armv7-m\libcr_c.a(_cr_check_heap.o)
                0x00006ae8                __check_heap_overflow
 .text._do_fflush
                0x00006b00       0x44 c:/nxp/lpcxpresso_8.0.0_526/lpcxpresso/tools/bin/../lib/gcc/arm-none-eabi/4.9.3/../../../../arm-none-eabi/lib/armv7-m\libcr_c.a(_do_fflush.o)
                0x00006b00                _do_fflush
 .text.__aeabi_division_uldivmod
                0x00006b44      0x174 c:/nxp/lpcxpresso_8.0.0_526/lpcxpresso/tools/bin/../lib/gcc/arm-none-eabi/4.9.3/armv7-m\libcr_eabihelpers.a(division_64.o)
                0x00006b44                __aeabi_uldivmod
                0x00006b48                __bhs_ldivmod1
 .text.__aeabi_division_idiv0
                0x00006cb8        0x2 c:/nxp/lpcxpresso_8.0.0_526/lpcxpresso/tools/bin/../lib/gcc/arm-none-eabi/4.9.3/armv7-m\libcr_eabihelpers.a(division_idiv0.o)
                0x00006cb8                __aeabi_idiv0
 .text.__aeabi_memcpy
                0x00006cba       0x34 c:/nxp/lpcxpresso_8.0.0_526/lpcxpresso/tools/bin/../lib/gcc/arm-none-eabi/4.9.3/armv7-m\libcr_eabihelpers.a(memcpy.o)
                0x00006cba                __aeabi_memcpy
                0x00006cc4                __aeabi_memcpy8
                0x00006cc4                __aeabi_memcpy4
 .text.__aeabi_memset_lowlevel
                0x00006cee       0x32 c:/nxp/lpcxpresso_8.0.0_526/lpcxpresso/tools/bin/../lib/gcc/arm-none-eabi/4.9.3/armv7-m\libcr_eabihelpers.a(memcpy.o)
                0x00006cee                __aeabi_lowlevel_memset
 .text.__sys_appexit
                0x00006d20        0xc c:/nxp/lpcxpresso_8.0.0_526/lpcxpresso/tools/bin/../lib/gcc/arm-none-eabi/4.9.3/../../../../arm-none-eabi/lib/armv7-m\libcr_semihost.a(__sys_appexit.o)
                0x00006d20                __sys_appexit
                0x00006d20                __exit
 .text.__sys_close
                0x00006d2c        0xc c:/nxp/lpcxpresso_8.0.0_526/lpcxpresso/tools/bin/../lib/gcc/arm-none-eabi/4.9.3/../../../../arm-none-eabi/lib/armv7-m\libcr_semihost.a(__sys_close.o)
                0x00006d2c                __sys_close
 .text.__sys_flen
                0x00006d38        0xc c:/nxp/lpcxpresso_8.0.0_526/lpcxpresso/tools/bin/../lib/gcc/arm-none-eabi/4.9.3/../../../../arm-none-eabi/lib/armv7-m\libcr_semihost.a(__sys_flen.o)
                0x00006d38                __sys_flen
 .text.__sys_istty
                0x00006d44        0xc c:/nxp/lpcxpresso_8.0.0_526/lpcxpresso/tools/bin/../lib/gcc/arm-none-eabi/4.9.3/../../../../arm-none-eabi/lib/armv7-m\libcr_semihost.a(__sys_istty.o)
                0x00006d44                __sys_istty
 .text.__sys_remove
                0x00006d50        0xc c:/nxp/lpcxpresso_8.0.0_526/lpcxpresso/tools/bin/../lib/gcc/arm-none-eabi/4.9.3/../../../../arm-none-eabi/lib/armv7-m\libcr_semihost.a(__sys_remove.o)
                0x00006d50                __sys_remove
 .text.__sys_seek
                0x00006d5c        0xc c:/nxp/lpcxpresso_8.0.0_526/lpcxpresso/tools/bin/../lib/gcc/arm-none-eabi/4.9.3/../../../../arm-none-eabi/lib/armv7-m\libcr_semihost.a(__sys_seek.o)
                0x00006d5c                __sys_seek
 .text.__sys_tmpnam
                0x00006d68        0xc c:/nxp/lpcxpresso_8.0.0_526/lpcxpresso/tools/bin/../lib/gcc/arm-none-eabi/4.9.3/../../../../arm-none-eabi/lib/armv7-m\libcr_semihost.a(__sys_tmpnam.o)
                0x00006d68                __sys_tmpnam
 .text.__sys_write
                0x00006d74        0xc c:/nxp/lpcxpresso_8.0.0_526/lpcxpresso/tools/bin/../lib/gcc/arm-none-eabi/4.9.3/../../../../arm-none-eabi/lib/armv7-m\libcr_semihost.a(__sys_write.o)
                0x00006d74                __sys_write
                0x00006d74                __write
 *(.rodata .rodata.* .constdata .constdata.*)
 .rodata        0x00006d80       0x1f ./src/cat_interface.o
 *fill*         0x00006d9f        0x1 
 .rodata        0x00006da0        0x8 ./src/comm_interface.o
 .rodata        0x00006da8       0x23 ./src/computer_interface.o
 *fill*         0x00006dcb        0x1 
 .rodata        0x00006dcc       0x4e ./src/display.o
 *fill*         0x00006e1a        0x2 
 .rodata        0x00006e1c       0x3b ./src/eeprom_m24.o
 *fill*         0x00006e57        0x1 
 .rodata        0x00006e58      0x193 ./src/event_handler.o
 *fill*         0x00006feb        0x1 
 .rodata        0x00006fec       0x2c ./src/main.o
 .rodata        0x00007018       0x73 ./src/sc16is7x0.o
 *fill*         0x0000708b        0x1 
 .rodata        0x0000708c      0x216 ./src/winkey.o
 .rodata.str1.1
                0x000072a2       0x18 c:/nxp/lpcxpresso_8.0.0_526/lpcxpresso/tools/bin/../lib/gcc/arm-none-eabi/4.9.3/../../../../arm-none-eabi/lib/armv7-m\libcr_c.a(alloc.o)
 .rodata.str1.1
                0x000072ba        0x4 c:/nxp/lpcxpresso_8.0.0_526/lpcxpresso/tools/bin/../lib/gcc/arm-none-eabi/4.9.3/../../../../arm-none-eabi/lib/armv7-m\libcr_c.a(initio.o)
                0x000072c0                . = ALIGN (0x4)
 *fill*         0x000072be        0x2 ff

.glue_7         0x000072c0        0x0
 .glue_7        0x00000000        0x0 linker stubs

.glue_7t        0x000072c0        0x0
 .glue_7t       0x00000000        0x0 linker stubs

.vfp11_veneer   0x000072c0        0x0
 .vfp11_veneer  0x00000000        0x0 linker stubs

.v4_bx          0x000072c0        0x0
 .v4_bx         0x00000000        0x0 linker stubs

.iplt           0x000072c0        0x0
 .iplt          0x00000000        0x0 ./src/audio.o

.rel.dyn        0x000072c0        0x0
 .rel.iplt      0x00000000        0x0 ./src/audio.o

.ARM.extab
 *(.ARM.extab* .gnu.linkonce.armextab.*)
                0x000072c0                __exidx_start = .

.ARM.exidx
 *(.ARM.exidx* .gnu.linkonce.armexidx.*)
                0x000072c0                __exidx_end = .
                0x000072c0                _etext = .

.data_RAM2      0x2007c000        0x0 load address 0x000072c0
 FILL mask 0xff
                0x2007c000                PROVIDE (__start_data_RAM2, .)
 *(.ramfunc.$RAM2)
 *(.ramfunc.$RamAHB32)
 *(.data.$RAM2*)
 *(.data.$RamAHB32*)
                0x2007c000                . = ALIGN (0x4)
                0x2007c000                PROVIDE (__end_data_RAM2, .)

.uninit_RESERVED
                0x10000000        0x0
 *(.bss.$RESERVED*)
                0x10000000                . = ALIGN (0x4)
                0x10000000                _end_uninit_RESERVED = .

.data           0x10000000       0x38 load address 0x000072c0
 FILL mask 0xff
                0x10000000                _data = .
 *(vtable)
 *(.ramfunc*)
 *(.data*)
 .data.queue_comm_rx
                0x10000000       0x18 ./src/comm_interface.o
                0x10000000                queue_comm_rx
 .data.queue_comm_tx
                0x10000018       0x18 ./src/comm_interface.o
                0x10000018                queue_comm_tx
 .data.io_exp1_out_status
                0x10000030        0x1 ./src/ctrl.o
                0x10000030                io_exp1_out_status
 .data.io_exp2_out_status
                0x10000031        0x1 ./src/ctrl.o
                0x10000031                io_exp2_out_status
 .data.io_exp3_out_status
                0x10000032        0x1 ./src/ctrl.o
                0x10000032                io_exp3_out_status
 .data.io_exp4_out_status
                0x10000033        0x1 ./src/ctrl.o
                0x10000033                io_exp4_out_status
 .data.SystemCoreClock
                0x10000034        0x4 C:\Users\micke\git\openSRI\CDL\libCDL.a(system_LPC17xx.o)
                0x10000034                SystemCoreClock
                0x10000038                . = ALIGN (0x4)
                0x10000038                _edata = .

.igot.plt       0x10000038        0x0 load address 0x000072f8
 .igot.plt      0x00000000        0x0 ./src/audio.o

.bss_RAM2       0x2007c000        0x0
                0x2007c000                PROVIDE (__start_bss_RAM2, .)
 *(.bss.$RAM2*)
 *(.bss.$RamAHB32*)
                0x2007c000                . = ALIGN ((. != 0x0)?0x4:0x1)
                0x2007c000                PROVIDE (__end_bss_RAM2, .)

.bss            0x10000038     0x44fc
                0x10000038                _bss = .
 *(.bss*)
 .bss.counter_cat_interface_tick
                0x10000038        0x2 ./src/cat_interface.o
                0x10000038                counter_cat_interface_tick
 .bss.counter_cat_interface_poll_tick
                0x1000003a        0x2 ./src/cat_interface.o
                0x1000003a                counter_cat_interface_poll_tick
 .bss.cat_radio_rx_buffer_timeout
                0x1000003c        0x2 ./src/cat_interface.o
                0x1000003c                cat_radio_rx_buffer_timeout
 .bss.radio_rx_buffer_pos
                0x1000003e        0x1 ./src/cat_interface.o
                0x1000003e                radio_rx_buffer_pos
 *fill*         0x1000003f        0x1 
 .bss.rx_buffer
                0x10000040        0x4 ./src/comm_interface.o
 .bss.rx_buffer_start
                0x10000044        0x4 ./src/comm_interface.o
 .bss.comm_status
                0x10000048        0x1 ./src/comm_interface.o
 .bss.prev_data
                0x10000049        0x1 ./src/comm_interface.o
 .bss.rx_char_count
                0x1000004a        0x2 ./src/comm_interface.o
 .bss.resend_count
                0x1000004c        0x1 ./src/comm_interface.o
 .bss.add_rx_message
                0x1000004d        0x1 ./src/comm_interface.o
 *fill*         0x1000004e        0x2 
 .bss.rx_message
                0x10000050      0x102 ./src/comm_interface.o
 *fill*         0x10000152        0x2 
 .bss.f_ptr_rx  0x10000154        0x4 ./src/comm_interface.o
 .bss.f_ptr_poll_rx
                0x10000158        0x4 ./src/comm_interface.o
 .bss.f_ptr_tx  0x1000015c        0x4 ./src/comm_interface.o
 .bss.counter_1ms
                0x10000160        0x4 ./src/comm_interface.o
 .bss.rx_data_timeout
                0x10000164        0x1 ./src/comm_interface.o
 .bss.tx_data_timeout
                0x10000165        0x1 ./src/comm_interface.o
 .bss.rx_checksum
                0x10000166        0x1 ./src/comm_interface.o
 .bss.computer_inteface_connection_active
                0x10000167        0x1 ./src/computer_interface.o
 .bss.counter_last_pong
                0x10000168        0x2 ./src/computer_interface.o
                0x10000168                counter_last_pong
 .bss.counter_last_ping
                0x1000016a        0x2 ./src/computer_interface.o
                0x1000016a                counter_last_ping
 .bss.flag_send_ping
                0x1000016c        0x1 ./src/computer_interface.o
                0x1000016c                flag_send_ping
 .bss.write_in_progress
                0x1000016d        0x1 ./src/eeprom_m24.o
 .bss.counter_left
                0x1000016e        0x2 ./src/eeprom_m24.o
 .bss.data_ptr  0x10000170        0x4 ./src/eeprom_m24.o
 .bss.curr_addr
                0x10000174        0x2 ./src/eeprom_m24.o
 .bss.counter_event_10us
                0x10000176        0x2 ./src/event_handler.o
 .bss.counter_event_1ms
                0x10000178        0x2 ./src/event_handler.o
 *fill*         0x1000017a        0x2 
 .bss.timer0_counter
                0x1000017c        0x4 ./src/main.o
                0x1000017c                timer0_counter
 .bss.timer1_counter
                0x10000180        0x4 ./src/main.o
                0x10000180                timer1_counter
 .bss.ms_delay_counter
                0x10000184        0x4 ./src/main.o
                0x10000184                ms_delay_counter
 .bss.us10_delay_counter
                0x10000188        0x4 ./src/main.o
                0x10000188                us10_delay_counter
 .bss.counter_event_timer
                0x1000018c        0x2 ./src/main.o
 .bss.flag_read_buttons
                0x1000018e        0x1 ./src/main.o
                0x1000018e                flag_read_buttons
 *fill*         0x1000018f        0x1 
 .bss.qei_counter
                0x10000190        0x2 ./src/qei.o
 .bss.qei_counter_prev_pos
                0x10000192        0x2 ./src/qei.o
 .bss.timer0_m0_counter
                0x10000194        0x4 ./src/timer.o
                0x10000194                timer0_m0_counter
 .bss.timer1_m0_counter
                0x10000198        0x4 ./src/timer.o
                0x10000198                timer1_m0_counter
 .bss.timer0_m1_counter
                0x1000019c        0x4 ./src/timer.o
                0x1000019c                timer0_m1_counter
 .bss.timer1_m1_counter
                0x100001a0        0x4 ./src/timer.o
                0x100001a0                timer1_m1_counter
 .bss.timer0_capture0
                0x100001a4        0x4 ./src/timer.o
                0x100001a4                timer0_capture0
 .bss.timer1_capture0
                0x100001a8        0x4 ./src/timer.o
                0x100001a8                timer1_capture0
 .bss.timer0_capture1
                0x100001ac        0x4 ./src/timer.o
                0x100001ac                timer0_capture1
 .bss.timer1_capture1
                0x100001b0        0x4 ./src/timer.o
                0x100001b0                timer1_capture1
 .bss.ms_counter
                0x100001b4        0x2 ./src/winkey.o
 .bss.counter_last_rx_char
                0x100001b6        0x1 ./src/winkey.o
 .bss.winkey_state
                0x100001b7        0x1 ./src/winkey.o
 .bss.i2cdat    0x100001b8       0x18 C:\Users\micke\git\openSRI\CDL\libCDL.a(lpc17xx_i2c.o)
 .bss.errno     0x100001d0        0x4 c:/nxp/lpcxpresso_8.0.0_526/lpcxpresso/tools/bin/../lib/gcc/arm-none-eabi/4.9.3/../../../../arm-none-eabi/lib/armv7-m\libcr_c.a(errno.o)
                0x100001d0                errno
 *(COMMON)
 COMMON         0x100001d4      0x200 ./src/audio.o
                0x100001d4                settings
                0x1000023c                cw_messages
 COMMON         0x100003d4      0x205 ./src/cat_interface.o
                0x100003d4                computer_rx_buffer
                0x10000454                radio_rx_buffer
                0x100004d4                radio_tx_buffer
                0x10000554                computer_tx_buffer
                0x100005d4                cat_interface
 *fill*         0x100005d9        0x3 
 COMMON         0x100005dc     0x3c78 ./src/comm_interface.o
                0x100005dc                queue_buffer_comm_tx
                0x10002418                queue_buffer_comm_rx
 COMMON         0x10004254       0xf0 ./src/eeprom_m24.o
                0x10004254                event_list
 COMMON         0x10004344        0xc ./src/event_handler.o
                0x10004344                event_status
 COMMON         0x10004350        0x1 ./src/main.o
                0x10004350                flags
 *fill*         0x10004351        0x3 
 COMMON         0x10004354       0x14 ./src/status.o
                0x10004354                status
 COMMON         0x10004368       0x80 ./src/winkey.o
                0x10004368                winkey_computer_tx_buffer
                0x100043a8                winkey_computer_rx_buffer
 COMMON         0x100043e8        0x4 c:/nxp/lpcxpresso_8.0.0_526/lpcxpresso/tools/bin/../lib/gcc/arm-none-eabi/4.9.3/../../../../arm-none-eabi/lib/armv7-m\libcr_c.a(initio.o)
                0x100043e8                _extra
 COMMON         0x100043ec      0x140 c:/nxp/lpcxpresso_8.0.0_526/lpcxpresso/tools/bin/../lib/gcc/arm-none-eabi/4.9.3/../../../../arm-none-eabi/lib/armv7-m\libcr_c.a(stdio.o)
                0x100043ec                __Ciob
 COMMON         0x1000452c        0x8 c:/nxp/lpcxpresso_8.0.0_526/lpcxpresso/tools/bin/../lib/gcc/arm-none-eabi/4.9.3/../../../../arm-none-eabi/lib/armv7-m\libcr_c.a(__init_alloc.o)
                0x1000452c                __heaps
                0x10004530                __end_of_heap
                0x10004534                . = ALIGN (0x4)
                0x10004534                _ebss = .
                0x10004534                PROVIDE (end, .)

.noinit_RAM2    0x2007c000        0x0
 *(.noinit.$RAM2*)
 *(.noinit.$RamAHB32*)
                0x2007c000                . = ALIGN (0x4)

.noinit         0x10004534        0x0
                0x10004534                _noinit = .
 *(.noinit*)
                0x10004534                . = ALIGN (0x4)
                0x10004534                _end_noinit = .
                0x10004534                PROVIDE (_pvHeapStart, DEFINED (__user_heap_base)?__user_heap_base:.)
                0x10008000                PROVIDE (_vStackTop, DEFINED (__user_stack_top)?__user_stack_top:(__top_RamLoc32 - 0x0))
                0xefff74b2                PROVIDE (__valid_user_code_checksum, (0x0 - ((((((_vStackTop + (ResetISR + 0x1)) + (NMI_Handler + 0x1)) + (HardFault_Handler + 0x1)) + (DEFINED (MemManage_Handler)?MemManage_Handler:0x0 + 0x1)) + (DEFINED (BusFault_Handler)?BusFault_Handler:0x0 + 0x1)) + (DEFINED (UsageFault_Handler)?UsageFault_Handler:0x0 + 0x1))))
OUTPUT(SRI_v1.axf elf32-littlearm)

.debug_info     0x00000000     0xd267
 .debug_info    0x00000000      0x4c9 ./src/audio.o
 .debug_info    0x000004c9      0xe8f ./src/cat_interface.o
 .debug_info    0x00001358      0x906 ./src/comm_interface.o
 .debug_info    0x00001c5e      0x7cd ./src/computer_interface.o
 .debug_info    0x0000242b      0x28a ./src/cr_startup_lpc176x.o
 .debug_info    0x000026b5      0xb23 ./src/ctrl.o
 .debug_info    0x000031d8       0xf1 ./src/display.o
 .debug_info    0x000032c9      0x5cc ./src/eeprom_m24.o
 .debug_info    0x00003895      0x919 ./src/event_handler.o
 .debug_info    0x000041ae      0x372 ./src/event_queue.o
 .debug_info    0x00004520      0xb0d ./src/init.o
 .debug_info    0x0000502d      0x4b4 ./src/lcd.o
 .debug_info    0x000054e1      0xad9 ./src/main.o
 .debug_info    0x00005fba       0xd1 ./src/misc.o
 .debug_info    0x0000608b      0x776 ./src/qei.o
 .debug_info    0x00006801      0x1f8 ./src/queue.o
 .debug_info    0x000069f9      0x49c ./src/sc16is7x0.o
 .debug_info    0x00006e95      0x550 ./src/sequencer.o
 .debug_info    0x000073e5     0x15c2 ./src/settings.o
 .debug_info    0x000089a7      0x4fe ./src/status.o
 .debug_info    0x00008ea5      0x9ed ./src/timer.o
 .debug_info    0x00009892      0xa13 ./src/winkey.o
 .debug_info    0x0000a2a5      0xce5 C:\Users\micke\git\openSRI\CDL\libCDL.a(lpc17xx_i2c.o)
 .debug_info    0x0000af8a      0x3a9 C:\Users\micke\git\openSRI\CDL\libCDL.a(lpc17xx_nvic.o)
 .debug_info    0x0000b333      0x455 C:\Users\micke\git\openSRI\CDL\libCDL.a(lpc17xx_pinsel.o)
 .debug_info    0x0000b788     0x1065 C:\Users\micke\git\openSRI\CDL\libCDL.a(lpc17xx_uart.o)
 .debug_info    0x0000c7ed      0x46e C:\Users\micke\git\openSRI\CDL\libCDL.a(system_LPC17xx.o)
 .debug_info    0x0000cc5b      0x60c C:\Users\micke\git\openSRI\CDL\libCDL.a(lpc17xx_clkpwr.o)

.debug_abbrev   0x00000000     0x2bcc
 .debug_abbrev  0x00000000       0xfb ./src/audio.o
 .debug_abbrev  0x000000fb      0x234 ./src/cat_interface.o
 .debug_abbrev  0x0000032f      0x2d4 ./src/comm_interface.o
 .debug_abbrev  0x00000603      0x1ef ./src/computer_interface.o
 .debug_abbrev  0x000007f2      0x100 ./src/cr_startup_lpc176x.o
 .debug_abbrev  0x000008f2      0x21f ./src/ctrl.o
 .debug_abbrev  0x00000b11       0x9a ./src/display.o
 .debug_abbrev  0x00000bab      0x162 ./src/eeprom_m24.o
 .debug_abbrev  0x00000d0d      0x18d ./src/event_handler.o
 .debug_abbrev  0x00000e9a      0x141 ./src/event_queue.o
 .debug_abbrev  0x00000fdb      0x1ae ./src/init.o
 .debug_abbrev  0x00001189      0x171 ./src/lcd.o
 .debug_abbrev  0x000012fa      0x213 ./src/main.o
 .debug_abbrev  0x0000150d       0x90 ./src/misc.o
 .debug_abbrev  0x0000159d      0x1c1 ./src/qei.o
 .debug_abbrev  0x0000175e       0xd4 ./src/queue.o
 .debug_abbrev  0x00001832      0x17f ./src/sc16is7x0.o
 .debug_abbrev  0x000019b1      0x123 ./src/sequencer.o
 .debug_abbrev  0x00001ad4      0x1e3 ./src/settings.o
 .debug_abbrev  0x00001cb7      0x188 ./src/status.o
 .debug_abbrev  0x00001e3f      0x1cd ./src/timer.o
 .debug_abbrev  0x0000200c      0x25b ./src/winkey.o
 .debug_abbrev  0x00002267      0x279 C:\Users\micke\git\openSRI\CDL\libCDL.a(lpc17xx_i2c.o)
 .debug_abbrev  0x000024e0      0x102 C:\Users\micke\git\openSRI\CDL\libCDL.a(lpc17xx_nvic.o)
 .debug_abbrev  0x000025e2      0x141 C:\Users\micke\git\openSRI\CDL\libCDL.a(lpc17xx_pinsel.o)
 .debug_abbrev  0x00002723      0x211 C:\Users\micke\git\openSRI\CDL\libCDL.a(lpc17xx_uart.o)
 .debug_abbrev  0x00002934       0xea C:\Users\micke\git\openSRI\CDL\libCDL.a(system_LPC17xx.o)
 .debug_abbrev  0x00002a1e      0x1ae C:\Users\micke\git\openSRI\CDL\libCDL.a(lpc17xx_clkpwr.o)

.debug_aranges  0x00000000     0x10d8
 .debug_aranges
                0x00000000       0x28 ./src/audio.o
 .debug_aranges
                0x00000028       0x88 ./src/cat_interface.o
 .debug_aranges
                0x000000b0       0xe0 ./src/comm_interface.o
 .debug_aranges
                0x00000190       0x60 ./src/computer_interface.o
 .debug_aranges
                0x000001f0       0x80 ./src/cr_startup_lpc176x.o
 .debug_aranges
                0x00000270      0x1f8 ./src/ctrl.o
 .debug_aranges
                0x00000468       0x30 ./src/display.o
 .debug_aranges
                0x00000498       0x50 ./src/eeprom_m24.o
 .debug_aranges
                0x000004e8       0x88 ./src/event_handler.o
 .debug_aranges
                0x00000570       0x68 ./src/event_queue.o
 .debug_aranges
                0x000005d8       0x30 ./src/init.o
 .debug_aranges
                0x00000608       0x68 ./src/lcd.o
 .debug_aranges
                0x00000670       0x68 ./src/main.o
 .debug_aranges
                0x000006d8       0x20 ./src/misc.o
 .debug_aranges
                0x000006f8       0x50 ./src/qei.o
 .debug_aranges
                0x00000748       0x50 ./src/queue.o
 .debug_aranges
                0x00000798       0x80 ./src/sc16is7x0.o
 .debug_aranges
                0x00000818       0x30 ./src/sequencer.o
 .debug_aranges
                0x00000848      0x400 ./src/settings.o
 .debug_aranges
                0x00000c48       0xc8 ./src/status.o
 .debug_aranges
                0x00000d10       0x50 ./src/timer.o
 .debug_aranges
                0x00000d60       0xb0 ./src/winkey.o
 .debug_aranges
                0x00000e10       0xd0 C:\Users\micke\git\openSRI\CDL\libCDL.a(lpc17xx_i2c.o)
 .debug_aranges
                0x00000ee0       0x30 C:\Users\micke\git\openSRI\CDL\libCDL.a(lpc17xx_nvic.o)
 .debug_aranges
                0x00000f10       0x48 C:\Users\micke\git\openSRI\CDL\libCDL.a(lpc17xx_pinsel.o)
 .debug_aranges
                0x00000f58      0x100 C:\Users\micke\git\openSRI\CDL\libCDL.a(lpc17xx_uart.o)
 .debug_aranges
                0x00001058       0x28 C:\Users\micke\git\openSRI\CDL\libCDL.a(system_LPC17xx.o)
 .debug_aranges
                0x00001080       0x58 C:\Users\micke\git\openSRI\CDL\libCDL.a(lpc17xx_clkpwr.o)

.debug_ranges   0x00000000      0xf18
 .debug_ranges  0x00000000       0x18 ./src/audio.o
 .debug_ranges  0x00000018       0x78 ./src/cat_interface.o
 .debug_ranges  0x00000090       0xd0 ./src/comm_interface.o
 .debug_ranges  0x00000160       0x50 ./src/computer_interface.o
 .debug_ranges  0x000001b0       0x70 ./src/cr_startup_lpc176x.o
 .debug_ranges  0x00000220      0x1e8 ./src/ctrl.o
 .debug_ranges  0x00000408       0x20 ./src/display.o
 .debug_ranges  0x00000428       0x40 ./src/eeprom_m24.o
 .debug_ranges  0x00000468       0x78 ./src/event_handler.o
 .debug_ranges  0x000004e0       0x58 ./src/event_queue.o
 .debug_ranges  0x00000538       0x20 ./src/init.o
 .debug_ranges  0x00000558       0x58 ./src/lcd.o
 .debug_ranges  0x000005b0       0x58 ./src/main.o
 .debug_ranges  0x00000608       0x10 ./src/misc.o
 .debug_ranges  0x00000618       0x40 ./src/qei.o
 .debug_ranges  0x00000658       0x40 ./src/queue.o
 .debug_ranges  0x00000698       0x70 ./src/sc16is7x0.o
 .debug_ranges  0x00000708       0x20 ./src/sequencer.o
 .debug_ranges  0x00000728      0x3f0 ./src/settings.o
 .debug_ranges  0x00000b18       0xb8 ./src/status.o
 .debug_ranges  0x00000bd0       0x40 ./src/timer.o
 .debug_ranges  0x00000c10       0xa0 ./src/winkey.o
 .debug_ranges  0x00000cb0       0xc0 C:\Users\micke\git\openSRI\CDL\libCDL.a(lpc17xx_i2c.o)
 .debug_ranges  0x00000d70       0x20 C:\Users\micke\git\openSRI\CDL\libCDL.a(lpc17xx_nvic.o)
 .debug_ranges  0x00000d90       0x38 C:\Users\micke\git\openSRI\CDL\libCDL.a(lpc17xx_pinsel.o)
 .debug_ranges  0x00000dc8       0xf0 C:\Users\micke\git\openSRI\CDL\libCDL.a(lpc17xx_uart.o)
 .debug_ranges  0x00000eb8       0x18 C:\Users\micke\git\openSRI\CDL\libCDL.a(system_LPC17xx.o)
 .debug_ranges  0x00000ed0       0x48 C:\Users\micke\git\openSRI\CDL\libCDL.a(lpc17xx_clkpwr.o)

.debug_macro    0x00000000     0x5ba7
 .debug_macro   0x00000000       0xf9 ./src/audio.o
 .debug_macro   0x000000f9      0x88c ./src/audio.o
 .debug_macro   0x00000985       0x10 ./src/audio.o
 .debug_macro   0x00000995      0x12d ./src/audio.o
 .debug_macro   0x00000ac2       0xa0 ./src/audio.o
 .debug_macro   0x00000b62       0x1c ./src/audio.o
 .debug_macro   0x00000b7e       0x2e ./src/audio.o
 .debug_macro   0x00000bac      0x5b2 ./src/audio.o
 .debug_macro   0x0000115e       0x18 ./src/audio.o
 .debug_macro   0x00001176      0x7af ./src/audio.o
 .debug_macro   0x00001925      0x2d5 ./src/audio.o
 .debug_macro   0x00001bfa       0x5d ./src/audio.o
 .debug_macro   0x00001c57      0x18c ./src/audio.o
 .debug_macro   0x00001de3       0xd6 ./src/audio.o
 .debug_macro   0x00001eb9      0x104 ./src/audio.o
 .debug_macro   0x00001fbd       0x34 ./src/audio.o
 .debug_macro   0x00001ff1       0x7c ./src/audio.o
 .debug_macro   0x0000206d       0x2f ./src/audio.o
 .debug_macro   0x0000209c      0x133 ./src/cat_interface.o
 .debug_macro   0x000021cf       0x22 ./src/cat_interface.o
 .debug_macro   0x000021f1      0x339 ./src/cat_interface.o
 .debug_macro   0x0000252a      0x146 ./src/cat_interface.o
 .debug_macro   0x00002670       0x34 ./src/cat_interface.o
 .debug_macro   0x000026a4       0x10 ./src/cat_interface.o
 .debug_macro   0x000026b4       0xbe ./src/cat_interface.o
 .debug_macro   0x00002772       0x34 ./src/cat_interface.o
 .debug_macro   0x000027a6      0x143 ./src/comm_interface.o
 .debug_macro   0x000028e9       0x57 ./src/comm_interface.o
 .debug_macro   0x00002940       0x2e ./src/comm_interface.o
 .debug_macro   0x0000296e       0x8e ./src/comm_interface.o
 .debug_macro   0x000029fc       0x16 ./src/comm_interface.o
 .debug_macro   0x00002a12      0x160 ./src/computer_interface.o
 .debug_macro   0x00002b72       0x10 ./src/computer_interface.o
 .debug_macro   0x00002b82       0x10 ./src/computer_interface.o
 .debug_macro   0x00002b92      0x12a ./src/computer_interface.o
 .debug_macro   0x00002cbc       0x52 ./src/cr_startup_lpc176x.o
 .debug_macro   0x00002d0e       0xb7 ./src/ctrl.o
 .debug_macro   0x00002dc5       0xad ./src/display.o
 .debug_macro   0x00002e72       0x94 ./src/display.o
 .debug_macro   0x00002f06       0xe9 ./src/eeprom_m24.o
 .debug_macro   0x00002fef       0x52 ./src/eeprom_m24.o
 .debug_macro   0x00003041      0x117 ./src/event_handler.o
 .debug_macro   0x00003158       0xb8 ./src/event_handler.o
 .debug_macro   0x00003210       0x10 ./src/event_handler.o
 .debug_macro   0x00003220       0x35 ./src/event_handler.o
 .debug_macro   0x00003255       0x2e ./src/event_handler.o
 .debug_macro   0x00003283       0x7f ./src/event_queue.o
 .debug_macro   0x00003302       0x4c ./src/event_queue.o
 .debug_macro   0x0000334e       0xa4 ./src/init.o
 .debug_macro   0x000033f2       0x64 ./src/init.o
 .debug_macro   0x00003456       0x8d ./src/lcd.o
 .debug_macro   0x000034e3      0x1d6 ./src/main.o
 .debug_macro   0x000036b9       0x82 ./src/main.o
 .debug_macro   0x0000373b       0x1c ./src/main.o
 .debug_macro   0x00003757      0x33f ./src/main.o
 .debug_macro   0x00003a96       0x16 ./src/main.o
 .debug_macro   0x00003aac       0x1c ./src/main.o
 .debug_macro   0x00003ac8      0x10a ./src/main.o
 .debug_macro   0x00003bd2       0xac ./src/main.o
 .debug_macro   0x00003c7e       0xc5 ./src/misc.o
 .debug_macro   0x00003d43       0x28 ./src/misc.o
 .debug_macro   0x00003d6b       0x9a ./src/misc.o
 .debug_macro   0x00003e05       0x9b ./src/qei.o
 .debug_macro   0x00003ea0       0x66 ./src/queue.o
 .debug_macro   0x00003f06       0xfe ./src/sc16is7x0.o
 .debug_macro   0x00004004       0xa6 ./src/sc16is7x0.o
 .debug_macro   0x000040aa      0x121 ./src/sequencer.o
 .debug_macro   0x000041cb       0x28 ./src/sequencer.o
 .debug_macro   0x000041f3      0x131 ./src/settings.o
 .debug_macro   0x00004324      0x111 ./src/status.o
 .debug_macro   0x00004435       0x90 ./src/timer.o
 .debug_macro   0x000044c5      0x12f ./src/winkey.o
 .debug_macro   0x000045f4      0x124 ./src/winkey.o
 .debug_macro   0x00004718       0xa8 C:\Users\micke\git\openSRI\CDL\libCDL.a(lpc17xx_i2c.o)
 .debug_macro   0x000047c0      0x86e C:\Users\micke\git\openSRI\CDL\libCDL.a(lpc17xx_i2c.o)
 .debug_macro   0x0000502e      0x2fa C:\Users\micke\git\openSRI\CDL\libCDL.a(lpc17xx_i2c.o)
 .debug_macro   0x00005328       0xd9 C:\Users\micke\git\openSRI\CDL\libCDL.a(lpc17xx_i2c.o)
 .debug_macro   0x00005401       0x8e C:\Users\micke\git\openSRI\CDL\libCDL.a(lpc17xx_nvic.o)
 .debug_macro   0x0000548f       0x8d C:\Users\micke\git\openSRI\CDL\libCDL.a(lpc17xx_pinsel.o)
 .debug_macro   0x0000551c      0x140 C:\Users\micke\git\openSRI\CDL\libCDL.a(lpc17xx_pinsel.o)
 .debug_macro   0x0000565c       0x9f C:\Users\micke\git\openSRI\CDL\libCDL.a(lpc17xx_uart.o)
 .debug_macro   0x000056fb      0x12b C:\Users\micke\git\openSRI\CDL\libCDL.a(system_LPC17xx.o)
 .debug_macro   0x00005826       0x8d C:\Users\micke\git\openSRI\CDL\libCDL.a(lpc17xx_clkpwr.o)
 .debug_macro   0x000058b3      0x2f4 C:\Users\micke\git\openSRI\CDL\libCDL.a(lpc17xx_clkpwr.o)

.debug_line     0x00000000     0x6f18
 .debug_line    0x00000000      0x2c6 ./src/audio.o
 .debug_line    0x000002c6      0x484 ./src/cat_interface.o
 .debug_line    0x0000074a      0x551 ./src/comm_interface.o
 .debug_line    0x00000c9b      0x402 ./src/computer_interface.o
 .debug_line    0x0000109d      0x1df ./src/cr_startup_lpc176x.o
 .debug_line    0x0000127c      0x722 ./src/ctrl.o
 .debug_line    0x0000199e      0x27a ./src/display.o
 .debug_line    0x00001c18      0x35d ./src/eeprom_m24.o
 .debug_line    0x00001f75      0x4ba ./src/event_handler.o
 .debug_line    0x0000242f      0x2ee ./src/event_queue.o
 .debug_line    0x0000271d      0x292 ./src/init.o
 .debug_line    0x000029af      0x2dc ./src/lcd.o
 .debug_line    0x00002c8b      0x51d ./src/main.o
 .debug_line    0x000031a8      0x263 ./src/misc.o
 .debug_line    0x0000340b      0x285 ./src/qei.o
 .debug_line    0x00003690      0x1c3 ./src/queue.o
 .debug_line    0x00003853      0x3dd ./src/sc16is7x0.o
 .debug_line    0x00003c30      0x310 ./src/sequencer.o
 .debug_line    0x00003f40      0xc56 ./src/settings.o
 .debug_line    0x00004b96      0x499 ./src/status.o
 .debug_line    0x0000502f      0x323 ./src/timer.o
 .debug_line    0x00005352      0x502 ./src/winkey.o
 .debug_line    0x00005854      0x644 C:\Users\micke\git\openSRI\CDL\libCDL.a(lpc17xx_i2c.o)
 .debug_line    0x00005e98      0x274 C:\Users\micke\git\openSRI\CDL\libCDL.a(lpc17xx_nvic.o)
 .debug_line    0x0000610c      0x29b C:\Users\micke\git\openSRI\CDL\libCDL.a(lpc17xx_pinsel.o)
 .debug_line    0x000063a7      0x61d C:\Users\micke\git\openSRI\CDL\libCDL.a(lpc17xx_uart.o)
 .debug_line    0x000069c4      0x253 C:\Users\micke\git\openSRI\CDL\libCDL.a(system_LPC17xx.o)
 .debug_line    0x00006c17      0x301 C:\Users\micke\git\openSRI\CDL\libCDL.a(lpc17xx_clkpwr.o)

.debug_str      0x00000000    0x12b5f
 .debug_str     0x00000000     0x961a ./src/audio.o
                               0x9963 (size before relaxing)
 .debug_str     0x0000961a     0x27aa ./src/cat_interface.o
                               0xb8d1 (size before relaxing)
 .debug_str     0x0000bdc4      0xa99 ./src/comm_interface.o
                               0xa565 (size before relaxing)
 .debug_str     0x0000c85d      0x717 ./src/computer_interface.o
                               0xb33f (size before relaxing)
 .debug_str     0x0000cf74      0x1c2 ./src/cr_startup_lpc176x.o
                               0x3df0 (size before relaxing)
 .debug_str     0x0000d136      0x7a8 ./src/ctrl.o
                               0x9439 (size before relaxing)
 .debug_str     0x0000d8de       0x65 ./src/display.o
                               0x83f7 (size before relaxing)
 .debug_str     0x0000d943      0x2ce ./src/eeprom_m24.o
                               0x8f6d (size before relaxing)
 .debug_str     0x0000dc11      0x2e0 ./src/event_handler.o
                               0x9769 (size before relaxing)
 .debug_str     0x0000def1       0xf2 ./src/event_queue.o
                               0x41d6 (size before relaxing)
 .debug_str     0x0000dfe3      0x24a ./src/init.o
                               0xa10b (size before relaxing)
 .debug_str     0x0000e22d       0x91 ./src/lcd.o
                               0x81b4 (size before relaxing)
 .debug_str     0x0000e2be      0x942 ./src/main.o
                               0xcb98 (size before relaxing)
 .debug_str     0x0000ec00       0x1c ./src/misc.o
                               0x9991 (size before relaxing)
 .debug_str     0x0000ec1c      0x393 ./src/qei.o
                               0x8672 (size before relaxing)
 .debug_str     0x0000efaf       0x69 ./src/queue.o
                               0x315b (size before relaxing)
 .debug_str     0x0000f018      0x138 ./src/sc16is7x0.o
                               0x9722 (size before relaxing)
 .debug_str     0x0000f150       0x58 ./src/sequencer.o
                               0x95c7 (size before relaxing)
 .debug_str     0x0000f1a8      0xf5f ./src/settings.o
                               0xb842 (size before relaxing)
 .debug_str     0x00010107      0x2b7 ./src/status.o
                               0xa328 (size before relaxing)
 .debug_str     0x000103be      0x1d2 ./src/timer.o
                               0x8633 (size before relaxing)
 .debug_str     0x00010590      0x208 ./src/winkey.o
                               0xbb93 (size before relaxing)
 .debug_str     0x00010798     0x1749 C:\Users\micke\git\openSRI\CDL\libCDL.a(lpc17xx_i2c.o)
                               0xa607 (size before relaxing)
 .debug_str     0x00011ee1       0xac C:\Users\micke\git\openSRI\CDL\libCDL.a(lpc17xx_nvic.o)
                               0x7f91 (size before relaxing)
 .debug_str     0x00011f8d       0xfa C:\Users\micke\git\openSRI\CDL\libCDL.a(lpc17xx_pinsel.o)
                               0x8586 (size before relaxing)
 .debug_str     0x00012087      0x719 C:\Users\micke\git\openSRI\CDL\libCDL.a(lpc17xx_uart.o)
                               0xb2f6 (size before relaxing)
 .debug_str     0x000127a0      0x2f0 C:\Users\micke\git\openSRI\CDL\libCDL.a(system_LPC17xx.o)
                               0x8166 (size before relaxing)
 .debug_str     0x00012a90       0xcf C:\Users\micke\git\openSRI\CDL\libCDL.a(lpc17xx_clkpwr.o)
                               0x930e (size before relaxing)

.comment        0x00000000       0xe0
 .comment       0x00000000       0x70 ./src/audio.o
                                 0x71 (size before relaxing)
 .comment       0x00000000       0x71 ./src/cat_interface.o
 .comment       0x00000000       0x71 ./src/comm_interface.o
 .comment       0x00000000       0x71 ./src/computer_interface.o
 .comment       0x00000000       0x71 ./src/cr_startup_lpc176x.o
 .comment       0x00000000       0x71 ./src/ctrl.o
 .comment       0x00000000       0x71 ./src/display.o
 .comment       0x00000000       0x71 ./src/eeprom_m24.o
 .comment       0x00000000       0x71 ./src/event_handler.o
 .comment       0x00000000       0x71 ./src/event_queue.o
 .comment       0x00000000       0x71 ./src/init.o
 .comment       0x00000000       0x71 ./src/lcd.o
 .comment       0x00000000       0x71 ./src/main.o
 .comment       0x00000000       0x71 ./src/misc.o
 .comment       0x00000000       0x71 ./src/qei.o
 .comment       0x00000000       0x71 ./src/queue.o
 .comment       0x00000000       0x71 ./src/sc16is7x0.o
 .comment       0x00000000       0x71 ./src/sequencer.o
 .comment       0x00000000       0x71 ./src/settings.o
 .comment       0x00000000       0x71 ./src/status.o
 .comment       0x00000000       0x71 ./src/timer.o
 .comment       0x00000000       0x71 ./src/winkey.o
 .comment       0x00000000       0x71 C:\Users\micke\git\openSRI\CDL\libCDL.a(lpc17xx_i2c.o)
 .comment       0x00000000       0x71 C:\Users\micke\git\openSRI\CDL\libCDL.a(lpc17xx_nvic.o)
 .comment       0x00000000       0x71 C:\Users\micke\git\openSRI\CDL\libCDL.a(lpc17xx_pinsel.o)
 .comment       0x00000000       0x71 C:\Users\micke\git\openSRI\CDL\libCDL.a(lpc17xx_uart.o)
 .comment       0x00000000       0x71 C:\Users\micke\git\openSRI\CDL\libCDL.a(system_LPC17xx.o)
 .comment       0x00000000       0x71 C:\Users\micke\git\openSRI\CDL\libCDL.a(lpc17xx_clkpwr.o)
 .comment       0x00000070       0x70 c:/nxp/lpcxpresso_8.0.0_526/lpcxpresso/tools/bin/../lib/gcc/arm-none-eabi/4.9.3/../../../../arm-none-eabi/lib/armv7-m\libcr_semihost.a(_cr__main.o)
                                 0x71 (size before relaxing)
 .comment       0x00000000       0x71 c:/nxp/lpcxpresso_8.0.0_526/lpcxpresso/tools/bin/../lib/gcc/arm-none-eabi/4.9.3/../../../../arm-none-eabi/lib/armv7-m\libcr_c.a(memcpy.o)
 .comment       0x00000000       0x71 c:/nxp/lpcxpresso_8.0.0_526/lpcxpresso/tools/bin/../lib/gcc/arm-none-eabi/4.9.3/../../../../arm-none-eabi/lib/armv7-m\libcr_c.a(alloc.o)
 .comment       0x00000000       0x71 c:/nxp/lpcxpresso_8.0.0_526/lpcxpresso/tools/bin/../lib/gcc/arm-none-eabi/4.9.3/../../../../arm-none-eabi/lib/armv7-m\libcr_c.a(initio.o)
 .comment       0x00000000       0x71 c:/nxp/lpcxpresso_8.0.0_526/lpcxpresso/tools/bin/../lib/gcc/arm-none-eabi/4.9.3/../../../../arm-none-eabi/lib/armv7-m\libcr_c.a(setvbuf.o)
 .comment       0x00000000       0x71 c:/nxp/lpcxpresso_8.0.0_526/lpcxpresso/tools/bin/../lib/gcc/arm-none-eabi/4.9.3/../../../../arm-none-eabi/lib/armv7-m\libcr_c.a(stdio.o)
 .comment       0x00000000       0x71 c:/nxp/lpcxpresso_8.0.0_526/lpcxpresso/tools/bin/../lib/gcc/arm-none-eabi/4.9.3/../../../../arm-none-eabi/lib/armv7-m\libcr_c.a(strlen.o)
 .comment       0x00000000       0x71 c:/nxp/lpcxpresso_8.0.0_526/lpcxpresso/tools/bin/../lib/gcc/arm-none-eabi/4.9.3/../../../../arm-none-eabi/lib/armv7-m\libcr_c.a(strncmp.o)
 .comment       0x00000000       0x71 c:/nxp/lpcxpresso_8.0.0_526/lpcxpresso/tools/bin/../lib/gcc/arm-none-eabi/4.9.3/../../../../arm-none-eabi/lib/armv7-m\libcr_c.a(strncpy.o)
 .comment       0x00000000       0x71 c:/nxp/lpcxpresso_8.0.0_526/lpcxpresso/tools/bin/../lib/gcc/arm-none-eabi/4.9.3/../../../../arm-none-eabi/lib/armv7-m\libcr_c.a(memset.o)
 .comment       0x00000000       0x71 c:/nxp/lpcxpresso_8.0.0_526/lpcxpresso/tools/bin/../lib/gcc/arm-none-eabi/4.9.3/../../../../arm-none-eabi/lib/armv7-m\libcr_c.a(__init_alloc.o)
 .comment       0x00000000       0x71 c:/nxp/lpcxpresso_8.0.0_526/lpcxpresso/tools/bin/../lib/gcc/arm-none-eabi/4.9.3/../../../../arm-none-eabi/lib/armv7-m\libcr_c.a(_cr_sbrk.o)
 .comment       0x00000000       0x71 c:/nxp/lpcxpresso_8.0.0_526/lpcxpresso/tools/bin/../lib/gcc/arm-none-eabi/4.9.3/../../../../arm-none-eabi/lib/armv7-m\libcr_c.a(_deferredlazyseek.o)
 .comment       0x00000000       0x71 c:/nxp/lpcxpresso_8.0.0_526/lpcxpresso/tools/bin/../lib/gcc/arm-none-eabi/4.9.3/../../../../arm-none-eabi/lib/armv7-m\libcr_c.a(_fdopen.o)
 .comment       0x00000000       0x71 c:/nxp/lpcxpresso_8.0.0_526/lpcxpresso/tools/bin/../lib/gcc/arm-none-eabi/4.9.3/../../../../arm-none-eabi/lib/armv7-m\libcr_c.a(_fflush.o)
 .comment       0x00000000       0x71 c:/nxp/lpcxpresso_8.0.0_526/lpcxpresso/tools/bin/../lib/gcc/arm-none-eabi/4.9.3/../../../../arm-none-eabi/lib/armv7-m\libcr_c.a(_writebuf.o)
 .comment       0x00000000       0x71 c:/nxp/lpcxpresso_8.0.0_526/lpcxpresso/tools/bin/../lib/gcc/arm-none-eabi/4.9.3/../../../../arm-none-eabi/lib/armv7-m\libcr_c.a(errno.o)
 .comment       0x00000000       0x71 c:/nxp/lpcxpresso_8.0.0_526/lpcxpresso/tools/bin/../lib/gcc/arm-none-eabi/4.9.3/../../../../arm-none-eabi/lib/armv7-m\libcr_c.a(fclose.o)
 .comment       0x00000000       0x71 c:/nxp/lpcxpresso_8.0.0_526/lpcxpresso/tools/bin/../lib/gcc/arm-none-eabi/4.9.3/../../../../arm-none-eabi/lib/armv7-m\libcr_c.a(fflush.o)
 .comment       0x00000000       0x71 c:/nxp/lpcxpresso_8.0.0_526/lpcxpresso/tools/bin/../lib/gcc/arm-none-eabi/4.9.3/../../../../arm-none-eabi/lib/armv7-m\libcr_c.a(fseek.o)
 .comment       0x00000000       0x71 c:/nxp/lpcxpresso_8.0.0_526/lpcxpresso/tools/bin/../lib/gcc/arm-none-eabi/4.9.3/../../../../arm-none-eabi/lib/armv7-m\libcr_c.a(ftell.o)
 .comment       0x00000000       0x71 c:/nxp/lpcxpresso_8.0.0_526/lpcxpresso/tools/bin/../lib/gcc/arm-none-eabi/4.9.3/../../../../arm-none-eabi/lib/armv7-m\libcr_c.a(remove.o)
 .comment       0x00000000       0x71 c:/nxp/lpcxpresso_8.0.0_526/lpcxpresso/tools/bin/../lib/gcc/arm-none-eabi/4.9.3/../../../../arm-none-eabi/lib/armv7-m\libcr_c.a(_cr_check_heap.o)
 .comment       0x00000000       0x71 c:/nxp/lpcxpresso_8.0.0_526/lpcxpresso/tools/bin/../lib/gcc/arm-none-eabi/4.9.3/../../../../arm-none-eabi/lib/armv7-m\libcr_c.a(_do_fflush.o)

.ARM.attributes
                0x00000000       0x31
 .ARM.attributes
                0x00000000       0x33 ./src/audio.o
 .ARM.attributes
                0x00000033       0x33 ./src/cat_interface.o
 .ARM.attributes
                0x00000066       0x33 ./src/comm_interface.o
 .ARM.attributes
                0x00000099       0x33 ./src/computer_interface.o
 .ARM.attributes
                0x000000cc       0x33 ./src/cr_startup_lpc176x.o
 .ARM.attributes
                0x000000ff       0x33 ./src/ctrl.o
 .ARM.attributes
                0x00000132       0x33 ./src/display.o
 .ARM.attributes
                0x00000165       0x33 ./src/eeprom_m24.o
 .ARM.attributes
                0x00000198       0x33 ./src/event_handler.o
 .ARM.attributes
                0x000001cb       0x33 ./src/event_queue.o
 .ARM.attributes
                0x000001fe       0x33 ./src/init.o
 .ARM.attributes
                0x00000231       0x33 ./src/lcd.o
 .ARM.attributes
                0x00000264       0x33 ./src/main.o
 .ARM.attributes
                0x00000297       0x33 ./src/misc.o
 .ARM.attributes
                0x000002ca       0x33 ./src/qei.o
 .ARM.attributes
                0x000002fd       0x33 ./src/queue.o
 .ARM.attributes
                0x00000330       0x33 ./src/sc16is7x0.o
 .ARM.attributes
                0x00000363       0x33 ./src/sequencer.o
 .ARM.attributes
                0x00000396       0x33 ./src/settings.o
 .ARM.attributes
                0x000003c9       0x33 ./src/status.o
 .ARM.attributes
                0x000003fc       0x33 ./src/timer.o
 .ARM.attributes
                0x0000042f       0x33 ./src/winkey.o
 .ARM.attributes
                0x00000462       0x33 C:\Users\micke\git\openSRI\CDL\libCDL.a(lpc17xx_i2c.o)
 .ARM.attributes
                0x00000495       0x33 C:\Users\micke\git\openSRI\CDL\libCDL.a(lpc17xx_nvic.o)
 .ARM.attributes
                0x000004c8       0x33 C:\Users\micke\git\openSRI\CDL\libCDL.a(lpc17xx_pinsel.o)
 .ARM.attributes
                0x000004fb       0x33 C:\Users\micke\git\openSRI\CDL\libCDL.a(lpc17xx_uart.o)